Archive member included to satisfy reference by file (symbol)

F:/NXP/S32DS_ARM_v2.2/S32DS/build_tools/gcc_v6.3/gcc-6.3-arm32-eabi/arm-none-eabi/newlib/lib/thumb/v7e-m/fpv4-sp/hard\libc_nano.a(lib_a-exit.o)
                              F:/NXP/S32DS_ARM_v2.2/S32DS/build_tools/gcc_v6.3/gcc-6.3-arm32-eabi/arm-none-eabi/newlib/lib/thumb/v7e-m/fpv4-sp/hard/crt0.o (exit)
F:/NXP/S32DS_ARM_v2.2/S32DS/build_tools/gcc_v6.3/gcc-6.3-arm32-eabi/arm-none-eabi/newlib/lib/thumb/v7e-m/fpv4-sp/hard\libc_nano.a(lib_a-impure.o)
                              F:/NXP/S32DS_ARM_v2.2/S32DS/build_tools/gcc_v6.3/gcc-6.3-arm32-eabi/arm-none-eabi/newlib/lib/thumb/v7e-m/fpv4-sp/hard\libc_nano.a(lib_a-exit.o) (_global_impure_ptr)
F:/NXP/S32DS_ARM_v2.2/S32DS/build_tools/gcc_v6.3/gcc-6.3-arm32-eabi/arm-none-eabi/newlib/lib/thumb/v7e-m/fpv4-sp/hard\libc_nano.a(lib_a-init.o)
                              F:/NXP/S32DS_ARM_v2.2/S32DS/build_tools/gcc_v6.3/gcc-6.3-arm32-eabi/arm-none-eabi/newlib/lib/thumb/v7e-m/fpv4-sp/hard/crt0.o (__libc_init_array)
F:/NXP/S32DS_ARM_v2.2/S32DS/build_tools/gcc_v6.3/gcc-6.3-arm32-eabi/arm-none-eabi/newlib/lib/thumb/v7e-m/fpv4-sp/hard\libc_nano.a(lib_a-memcpy-stub.o)
                              ./SDK/rtos/FreeRTOS_S32K/Source/queue.o (memcpy)
F:/NXP/S32DS_ARM_v2.2/S32DS/build_tools/gcc_v6.3/gcc-6.3-arm32-eabi/arm-none-eabi/newlib/lib/thumb/v7e-m/fpv4-sp/hard\libc_nano.a(lib_a-memset.o)
                              F:/NXP/S32DS_ARM_v2.2/S32DS/build_tools/gcc_v6.3/gcc-6.3-arm32-eabi/arm-none-eabi/newlib/lib/thumb/v7e-m/fpv4-sp/hard/crt0.o (memset)
F:/NXP/S32DS_ARM_v2.2/S32DS/build_tools/gcc_v6.3/gcc-6.3-arm32-eabi/arm-none-eabi/newlib/lib/thumb/v7e-m/fpv4-sp/hard\libc_nano.a(lib_a-strlen.o)
                              ./SDK/rtos/FreeRTOS_S32K/Source/tasks.o (strlen)
F:/NXP/S32DS_ARM_v2.2/S32DS/build_tools/gcc_v6.3/gcc-6.3-arm32-eabi/arm-none-eabi/newlib/lib/thumb/v7e-m/fpv4-sp/hard\libnosys.a(_exit.o)
                              F:/NXP/S32DS_ARM_v2.2/S32DS/build_tools/gcc_v6.3/gcc-6.3-arm32-eabi/arm-none-eabi/newlib/lib/thumb/v7e-m/fpv4-sp/hard\libc_nano.a(lib_a-exit.o) (_exit)

Discarded input sections

 .text          0x00000000        0x0 f:/nxp/s32ds_arm_v2.2/s32ds/build_tools/gcc_v6.3/gcc-6.3-arm32-eabi/bin/../lib/gcc/arm-none-eabi/6.3.1/thumb/v7e-m/fpv4-sp/hard/crti.o
 .data          0x00000000        0x0 f:/nxp/s32ds_arm_v2.2/s32ds/build_tools/gcc_v6.3/gcc-6.3-arm32-eabi/bin/../lib/gcc/arm-none-eabi/6.3.1/thumb/v7e-m/fpv4-sp/hard/crti.o
 .bss           0x00000000        0x0 f:/nxp/s32ds_arm_v2.2/s32ds/build_tools/gcc_v6.3/gcc-6.3-arm32-eabi/bin/../lib/gcc/arm-none-eabi/6.3.1/thumb/v7e-m/fpv4-sp/hard/crti.o
 .text          0x00000000       0xa4 f:/nxp/s32ds_arm_v2.2/s32ds/build_tools/gcc_v6.3/gcc-6.3-arm32-eabi/bin/../lib/gcc/arm-none-eabi/6.3.1/thumb/v7e-m/fpv4-sp/hard/crtbegin.o
 .data          0x00000000        0x4 f:/nxp/s32ds_arm_v2.2/s32ds/build_tools/gcc_v6.3/gcc-6.3-arm32-eabi/bin/../lib/gcc/arm-none-eabi/6.3.1/thumb/v7e-m/fpv4-sp/hard/crtbegin.o
 .bss           0x00000000       0x1c f:/nxp/s32ds_arm_v2.2/s32ds/build_tools/gcc_v6.3/gcc-6.3-arm32-eabi/bin/../lib/gcc/arm-none-eabi/6.3.1/thumb/v7e-m/fpv4-sp/hard/crtbegin.o
 .init_array    0x00000000        0x4 f:/nxp/s32ds_arm_v2.2/s32ds/build_tools/gcc_v6.3/gcc-6.3-arm32-eabi/bin/../lib/gcc/arm-none-eabi/6.3.1/thumb/v7e-m/fpv4-sp/hard/crtbegin.o
 .fini_array    0x00000000        0x4 f:/nxp/s32ds_arm_v2.2/s32ds/build_tools/gcc_v6.3/gcc-6.3-arm32-eabi/bin/../lib/gcc/arm-none-eabi/6.3.1/thumb/v7e-m/fpv4-sp/hard/crtbegin.o
 .eh_frame      0x00000000        0x0 f:/nxp/s32ds_arm_v2.2/s32ds/build_tools/gcc_v6.3/gcc-6.3-arm32-eabi/bin/../lib/gcc/arm-none-eabi/6.3.1/thumb/v7e-m/fpv4-sp/hard/crtbegin.o
 .jcr           0x00000000        0x0 f:/nxp/s32ds_arm_v2.2/s32ds/build_tools/gcc_v6.3/gcc-6.3-arm32-eabi/bin/../lib/gcc/arm-none-eabi/6.3.1/thumb/v7e-m/fpv4-sp/hard/crtbegin.o
 .tm_clone_table
                0x00000000        0x0 f:/nxp/s32ds_arm_v2.2/s32ds/build_tools/gcc_v6.3/gcc-6.3-arm32-eabi/bin/../lib/gcc/arm-none-eabi/6.3.1/thumb/v7e-m/fpv4-sp/hard/crtbegin.o
 .comment       0x00000000       0xa1 f:/nxp/s32ds_arm_v2.2/s32ds/build_tools/gcc_v6.3/gcc-6.3-arm32-eabi/bin/../lib/gcc/arm-none-eabi/6.3.1/thumb/v7e-m/fpv4-sp/hard/crtbegin.o
 .ARM.attributes
                0x00000000       0x34 f:/nxp/s32ds_arm_v2.2/s32ds/build_tools/gcc_v6.3/gcc-6.3-arm32-eabi/bin/../lib/gcc/arm-none-eabi/6.3.1/thumb/v7e-m/fpv4-sp/hard/crtbegin.o
 .text          0x00000000       0x74 F:/NXP/S32DS_ARM_v2.2/S32DS/build_tools/gcc_v6.3/gcc-6.3-arm32-eabi/arm-none-eabi/newlib/lib/thumb/v7e-m/fpv4-sp/hard/crt0.o
 .data          0x00000000        0x0 F:/NXP/S32DS_ARM_v2.2/S32DS/build_tools/gcc_v6.3/gcc-6.3-arm32-eabi/arm-none-eabi/newlib/lib/thumb/v7e-m/fpv4-sp/hard/crt0.o
 .bss           0x00000000        0x0 F:/NXP/S32DS_ARM_v2.2/S32DS/build_tools/gcc_v6.3/gcc-6.3-arm32-eabi/arm-none-eabi/newlib/lib/thumb/v7e-m/fpv4-sp/hard/crt0.o
 .ARM.extab     0x00000000        0x0 F:/NXP/S32DS_ARM_v2.2/S32DS/build_tools/gcc_v6.3/gcc-6.3-arm32-eabi/arm-none-eabi/newlib/lib/thumb/v7e-m/fpv4-sp/hard/crt0.o
 .ARM.exidx     0x00000000        0x8 F:/NXP/S32DS_ARM_v2.2/S32DS/build_tools/gcc_v6.3/gcc-6.3-arm32-eabi/arm-none-eabi/newlib/lib/thumb/v7e-m/fpv4-sp/hard/crt0.o
 .ARM.attributes
                0x00000000       0x20 F:/NXP/S32DS_ARM_v2.2/S32DS/build_tools/gcc_v6.3/gcc-6.3-arm32-eabi/arm-none-eabi/newlib/lib/thumb/v7e-m/fpv4-sp/hard/crt0.o
 .text          0x00000000        0x0 ./Generated_Code/Cpu.o
 .data          0x00000000        0x0 ./Generated_Code/Cpu.o
 .bss           0x00000000        0x0 ./Generated_Code/Cpu.o
 .debug_info    0x00000000     0x1530 ./Generated_Code/Cpu.o
 .debug_abbrev  0x00000000      0x120 ./Generated_Code/Cpu.o
 .debug_aranges
                0x00000000       0x18 ./Generated_Code/Cpu.o
 .debug_line    0x00000000      0x2cd ./Generated_Code/Cpu.o
 .debug_str     0x00000000     0x23ce ./Generated_Code/Cpu.o
 .comment       0x00000000       0xa1 ./Generated_Code/Cpu.o
 .ARM.attributes
                0x00000000       0x39 ./Generated_Code/Cpu.o
 .text          0x00000000        0x0 ./Generated_Code/clockMan1.o
 .data          0x00000000        0x0 ./Generated_Code/clockMan1.o
 .bss           0x00000000        0x0 ./Generated_Code/clockMan1.o
 .text          0x00000000        0x0 ./Generated_Code/pin_mux.o
 .data          0x00000000        0x0 ./Generated_Code/pin_mux.o
 .bss           0x00000000        0x0 ./Generated_Code/pin_mux.o
 .data          0x00000000        0x0 ./Project_Settings/Startup_Code/startup_S32K148.o
 .bss           0x00000000        0x0 ./Project_Settings/Startup_Code/startup_S32K148.o
 .text          0x00000000        0x0 ./SDK/platform/devices/S32K148/startup/system_S32K148.o
 .data          0x00000000        0x0 ./SDK/platform/devices/S32K148/startup/system_S32K148.o
 .bss           0x00000000        0x0 ./SDK/platform/devices/S32K148/startup/system_S32K148.o
 .text.SystemCoreClockUpdate
                0x00000000       0x80 ./SDK/platform/devices/S32K148/startup/system_S32K148.o
 .text.SystemSoftwareReset
                0x00000000       0x18 ./SDK/platform/devices/S32K148/startup/system_S32K148.o
 .data.SystemCoreClock
                0x00000000        0x4 ./SDK/platform/devices/S32K148/startup/system_S32K148.o
 .text          0x00000000        0x0 ./SDK/platform/devices/startup.o
 .data          0x00000000        0x0 ./SDK/platform/devices/startup.o
 .bss           0x00000000        0x0 ./SDK/platform/devices/startup.o
 .text          0x00000000        0x0 ./SDK/platform/drivers/src/clock/S32K1xx/clock_S32K1xx.o
 .data          0x00000000        0x0 ./SDK/platform/drivers/src/clock/S32K1xx/clock_S32K1xx.o
 .bss           0x00000000        0x0 ./SDK/platform/drivers/src/clock/S32K1xx/clock_S32K1xx.o
 .text.CLOCK_SYS_GetSystemClockFreq
                0x00000000       0x78 ./SDK/platform/drivers/src/clock/S32K1xx/clock_S32K1xx.o
 .text.CLOCK_SYS_GetQspiIpgClk
                0x00000000       0x2c ./SDK/platform/drivers/src/clock/S32K1xx/clock_S32K1xx.o
 .text.CLOCK_SYS_GetScgClkOutFreq
                0x00000000       0x44 ./SDK/platform/drivers/src/clock/S32K1xx/clock_S32K1xx.o
 .text.CLOCK_SYS_GetSysAsyncFreq
                0x00000000       0xd4 ./SDK/platform/drivers/src/clock/S32K1xx/clock_S32K1xx.o
 .text.CLOCK_SYS_GetSimRtcClkFreq
                0x00000000       0x50 ./SDK/platform/drivers/src/clock/S32K1xx/clock_S32K1xx.o
 .text.CLOCK_SYS_GetQSPIInternalReferenceClock
                0x00000000       0x38 ./SDK/platform/drivers/src/clock/S32K1xx/clock_S32K1xx.o
 .text.CLOCK_SYS_GetPeripheralClock
                0x00000000       0x78 ./SDK/platform/drivers/src/clock/S32K1xx/clock_S32K1xx.o
 .text.CLOCK_SYS_GetLpoFreq
                0x00000000       0x44 ./SDK/platform/drivers/src/clock/S32K1xx/clock_S32K1xx.o
 .text.CLOCK_SYS_GetSimClkOutFreq
                0x00000000       0xcc ./SDK/platform/drivers/src/clock/S32K1xx/clock_S32K1xx.o
 .text.CLOCK_SYS_TransitionToTmpSysClk
                0x00000000       0xee ./SDK/platform/drivers/src/clock/S32K1xx/clock_S32K1xx.o
 .text.CLOCK_SYS_GetCurrentSysClkConfig
                0x00000000       0x5c ./SDK/platform/drivers/src/clock/S32K1xx/clock_S32K1xx.o
 .text.CLOCK_SYS_ConvertAsyncDividerValue
                0x00000000       0x6a ./SDK/platform/drivers/src/clock/S32K1xx/clock_S32K1xx.o
 .text.CLOCK_DRV_GetFreq
                0x00000000      0x498 ./SDK/platform/drivers/src/clock/S32K1xx/clock_S32K1xx.o
 .text.CLOCK_DRV_SetModuleClock
                0x00000000      0x168 ./SDK/platform/drivers/src/clock/S32K1xx/clock_S32K1xx.o
 .text.CLOCK_DRV_SetSystemClock
                0x00000000      0x104 ./SDK/platform/drivers/src/clock/S32K1xx/clock_S32K1xx.o
 .text.CLOCK_DRV_GetSystemClockSource
                0x00000000       0x5c ./SDK/platform/drivers/src/clock/S32K1xx/clock_S32K1xx.o
 .text.CLOCK_DRV_SetClockSource
                0x00000000      0x2b8 ./SDK/platform/drivers/src/clock/S32K1xx/clock_S32K1xx.o
 .text.CLOCK_SYS_GetCurrentConfiguration
                0x00000000        0xc ./SDK/platform/drivers/src/clock/S32K1xx/clock_S32K1xx.o
 .text.CLOCK_SYS_GetErrorCallback
                0x00000000       0x1c ./SDK/platform/drivers/src/clock/S32K1xx/clock_S32K1xx.o
 .text.CLOCK_SYS_GetFreq
                0x00000000        0x8 ./SDK/platform/drivers/src/clock/S32K1xx/clock_S32K1xx.o
 .text.CLOCK_SYS_SetConfiguration
                0x00000000        0x8 ./SDK/platform/drivers/src/clock/S32K1xx/clock_S32K1xx.o
 .rodata.peripheralFeaturesList
                0x00000000       0x5c ./SDK/platform/drivers/src/clock/S32K1xx/clock_S32K1xx.o
 .rodata.sysClkDivMappings.8017
                0x00000000       0x10 ./SDK/platform/drivers/src/clock/S32K1xx/clock_S32K1xx.o
 .rodata.sysClkDivMappings.8095
                0x00000000       0x11 ./SDK/platform/drivers/src/clock/S32K1xx/clock_S32K1xx.o
 .text          0x00000000        0x0 ./SDK/platform/drivers/src/interrupt/interrupt_manager.o
 .data          0x00000000        0x0 ./SDK/platform/drivers/src/interrupt/interrupt_manager.o
 .bss           0x00000000        0x0 ./SDK/platform/drivers/src/interrupt/interrupt_manager.o
 .text.INT_SYS_InstallHandler
                0x00000000       0x10 ./SDK/platform/drivers/src/interrupt/interrupt_manager.o
 .text.INT_SYS_EnableIRQ
                0x00000000       0x18 ./SDK/platform/drivers/src/interrupt/interrupt_manager.o
 .text.INT_SYS_DisableIRQ
                0x00000000       0x1c ./SDK/platform/drivers/src/interrupt/interrupt_manager.o
 .text.INT_SYS_SetPriority
                0x00000000       0x58 ./SDK/platform/drivers/src/interrupt/interrupt_manager.o
 .text.INT_SYS_GetPriority
                0x00000000       0x44 ./SDK/platform/drivers/src/interrupt/interrupt_manager.o
 .text.INT_SYS_ClearPending
                0x00000000       0x1c ./SDK/platform/drivers/src/interrupt/interrupt_manager.o
 .text.INT_SYS_SetPending
                0x00000000       0x1c ./SDK/platform/drivers/src/interrupt/interrupt_manager.o
 .text.INT_SYS_GetPending
                0x00000000       0x1c ./SDK/platform/drivers/src/interrupt/interrupt_manager.o
 .text.INT_SYS_GetActive
                0x00000000       0x1c ./SDK/platform/drivers/src/interrupt/interrupt_manager.o
 .text          0x00000000        0x0 ./SDK/platform/drivers/src/pins/pins_driver.o
 .data          0x00000000        0x0 ./SDK/platform/drivers/src/pins/pins_driver.o
 .bss           0x00000000        0x0 ./SDK/platform/drivers/src/pins/pins_driver.o
 .text.PINS_DRV_SetPullSel
                0x00000000       0x3a ./SDK/platform/drivers/src/pins/pins_driver.o
 .text.PINS_DRV_SetMuxModeSel
                0x00000000        0x8 ./SDK/platform/drivers/src/pins/pins_driver.o
 .text.PINS_DRV_SetPinIntSel
                0x00000000       0x16 ./SDK/platform/drivers/src/pins/pins_driver.o
 .text.PINS_DRV_GetPinIntSel
                0x00000000        0xa ./SDK/platform/drivers/src/pins/pins_driver.o
 .text.PINS_DRV_ClearPinIntFlagCmd
                0x00000000        0xe ./SDK/platform/drivers/src/pins/pins_driver.o
 .text.PINS_DRV_EnableDigitalFilter
                0x00000000       0x12 ./SDK/platform/drivers/src/pins/pins_driver.o
 .text.PINS_DRV_DisableDigitalFilter
                0x00000000       0x14 ./SDK/platform/drivers/src/pins/pins_driver.o
 .text.PINS_DRV_ConfigDigitalFilter
                0x00000000       0x16 ./SDK/platform/drivers/src/pins/pins_driver.o
 .text.PINS_DRV_GetPortIntFlag
                0x00000000        0x6 ./SDK/platform/drivers/src/pins/pins_driver.o
 .text.PINS_DRV_ClearPortIntFlagCmd
                0x00000000        0xa ./SDK/platform/drivers/src/pins/pins_driver.o
 .text.PINS_DRV_GetPinsDirection
                0x00000000        0x4 ./SDK/platform/drivers/src/pins/pins_driver.o
 .text.PINS_DRV_SetPinDirection
                0x00000000       0x18 ./SDK/platform/drivers/src/pins/pins_driver.o
 .text.PINS_DRV_SetPinsDirection
                0x00000000        0x4 ./SDK/platform/drivers/src/pins/pins_driver.o
 .text.PINS_DRV_SetPortInputDisable
                0x00000000        0x4 ./SDK/platform/drivers/src/pins/pins_driver.o
 .text.PINS_DRV_GetPortInputDisable
                0x00000000        0x4 ./SDK/platform/drivers/src/pins/pins_driver.o
 .text.PINS_DRV_SetGlobalPinControl
                0x00000000        0x8 ./SDK/platform/drivers/src/pins/pins_driver.o
 .text.PINS_DRV_SetGlobalIntControl
                0x00000000        0x8 ./SDK/platform/drivers/src/pins/pins_driver.o
 .text.PINS_DRV_WritePin
                0x00000000       0x18 ./SDK/platform/drivers/src/pins/pins_driver.o
 .text.PINS_DRV_WritePins
                0x00000000        0x4 ./SDK/platform/drivers/src/pins/pins_driver.o
 .text.PINS_DRV_GetPinsOutput
                0x00000000        0x4 ./SDK/platform/drivers/src/pins/pins_driver.o
 .text.PINS_DRV_SetPins
                0x00000000        0x4 ./SDK/platform/drivers/src/pins/pins_driver.o
 .text.PINS_DRV_ClearPins
                0x00000000        0x4 ./SDK/platform/drivers/src/pins/pins_driver.o
 .text.PINS_DRV_ReadPins
                0x00000000        0x4 ./SDK/platform/drivers/src/pins/pins_driver.o
 .text          0x00000000        0x0 ./SDK/platform/drivers/src/pins/pins_port_hw_access.o
 .data          0x00000000        0x0 ./SDK/platform/drivers/src/pins/pins_port_hw_access.o
 .bss           0x00000000        0x0 ./SDK/platform/drivers/src/pins/pins_port_hw_access.o
 .text.PINS_SetMuxModeSel
                0x00000000       0x50 ./SDK/platform/drivers/src/pins/pins_port_hw_access.o
 .text.PINS_SetGlobalPinControl
                0x00000000       0x2c ./SDK/platform/drivers/src/pins/pins_port_hw_access.o
 .text.PINS_SetGlobalIntControl
                0x00000000       0x24 ./SDK/platform/drivers/src/pins/pins_port_hw_access.o
 .text          0x00000000        0x0 ./SDK/rtos/FreeRTOS_S32K/Source/croutine.o
 .data          0x00000000        0x0 ./SDK/rtos/FreeRTOS_S32K/Source/croutine.o
 .bss           0x00000000        0x0 ./SDK/rtos/FreeRTOS_S32K/Source/croutine.o
 .debug_info    0x00000000       0x72 ./SDK/rtos/FreeRTOS_S32K/Source/croutine.o
 .debug_abbrev  0x00000000       0x26 ./SDK/rtos/FreeRTOS_S32K/Source/croutine.o
 .debug_aranges
                0x00000000       0x18 ./SDK/rtos/FreeRTOS_S32K/Source/croutine.o
 .debug_line    0x00000000       0x1d ./SDK/rtos/FreeRTOS_S32K/Source/croutine.o
 .debug_str     0x00000000      0x212 ./SDK/rtos/FreeRTOS_S32K/Source/croutine.o
 .comment       0x00000000       0xa1 ./SDK/rtos/FreeRTOS_S32K/Source/croutine.o
 .ARM.attributes
                0x00000000       0x39 ./SDK/rtos/FreeRTOS_S32K/Source/croutine.o
 .text          0x00000000        0x0 ./SDK/rtos/FreeRTOS_S32K/Source/event_groups.o
 .data          0x00000000        0x0 ./SDK/rtos/FreeRTOS_S32K/Source/event_groups.o
 .bss           0x00000000        0x0 ./SDK/rtos/FreeRTOS_S32K/Source/event_groups.o
 .text.xEventGroupCreate
                0x00000000       0x1a ./SDK/rtos/FreeRTOS_S32K/Source/event_groups.o
 .text.xEventGroupWaitBits
                0x00000000      0x124 ./SDK/rtos/FreeRTOS_S32K/Source/event_groups.o
 .text.xEventGroupClearBits
                0x00000000       0x46 ./SDK/rtos/FreeRTOS_S32K/Source/event_groups.o
 .text.xEventGroupGetBitsFromISR
                0x00000000       0x1c ./SDK/rtos/FreeRTOS_S32K/Source/event_groups.o
 .text.xEventGroupSetBits
                0x00000000       0xa0 ./SDK/rtos/FreeRTOS_S32K/Source/event_groups.o
 .text.xEventGroupSync
                0x00000000       0xec ./SDK/rtos/FreeRTOS_S32K/Source/event_groups.o
 .text.vEventGroupDelete
                0x00000000       0x48 ./SDK/rtos/FreeRTOS_S32K/Source/event_groups.o
 .text.vEventGroupSetBitsCallback
                0x00000000        0x8 ./SDK/rtos/FreeRTOS_S32K/Source/event_groups.o
 .text.vEventGroupClearBitsCallback
                0x00000000        0x8 ./SDK/rtos/FreeRTOS_S32K/Source/event_groups.o
 .debug_info    0x00000000     0x1315 ./SDK/rtos/FreeRTOS_S32K/Source/event_groups.o
 .debug_abbrev  0x00000000      0x323 ./SDK/rtos/FreeRTOS_S32K/Source/event_groups.o
 .debug_loc     0x00000000      0x830 ./SDK/rtos/FreeRTOS_S32K/Source/event_groups.o
 .debug_aranges
                0x00000000       0x60 ./SDK/rtos/FreeRTOS_S32K/Source/event_groups.o
 .debug_ranges  0x00000000       0x98 ./SDK/rtos/FreeRTOS_S32K/Source/event_groups.o
 .debug_line    0x00000000      0x46d ./SDK/rtos/FreeRTOS_S32K/Source/event_groups.o
 .debug_str     0x00000000      0xade ./SDK/rtos/FreeRTOS_S32K/Source/event_groups.o
 .comment       0x00000000       0xa1 ./SDK/rtos/FreeRTOS_S32K/Source/event_groups.o
 .debug_frame   0x00000000      0x118 ./SDK/rtos/FreeRTOS_S32K/Source/event_groups.o
 .ARM.attributes
                0x00000000       0x39 ./SDK/rtos/FreeRTOS_S32K/Source/event_groups.o
 .text          0x00000000        0x0 ./SDK/rtos/FreeRTOS_S32K/Source/list.o
 .data          0x00000000        0x0 ./SDK/rtos/FreeRTOS_S32K/Source/list.o
 .bss           0x00000000        0x0 ./SDK/rtos/FreeRTOS_S32K/Source/list.o
 .text          0x00000000        0x0 ./SDK/rtos/FreeRTOS_S32K/Source/queue.o
 .data          0x00000000        0x0 ./SDK/rtos/FreeRTOS_S32K/Source/queue.o
 .bss           0x00000000        0x0 ./SDK/rtos/FreeRTOS_S32K/Source/queue.o
 .text.xQueueGetMutexHolder
                0x00000000       0x1a ./SDK/rtos/FreeRTOS_S32K/Source/queue.o
 .text.xQueueGetMutexHolderFromISR
                0x00000000       0x20 ./SDK/rtos/FreeRTOS_S32K/Source/queue.o
 .text.xQueueCreateCountingSemaphore
                0x00000000       0x40 ./SDK/rtos/FreeRTOS_S32K/Source/queue.o
 .text.xQueueCreateMutex
                0x00000000       0x24 ./SDK/rtos/FreeRTOS_S32K/Source/queue.o
 .text.xQueueGiveMutexRecursive
                0x00000000       0x40 ./SDK/rtos/FreeRTOS_S32K/Source/queue.o
 .text.xQueueGiveFromISR
                0x00000000       0xb2 ./SDK/rtos/FreeRTOS_S32K/Source/queue.o
 .text.xQueueSemaphoreTake
                0x00000000      0x1a8 ./SDK/rtos/FreeRTOS_S32K/Source/queue.o
 .text.xQueueTakeMutexRecursive
                0x00000000       0x44 ./SDK/rtos/FreeRTOS_S32K/Source/queue.o
 .text.xQueuePeek
                0x00000000      0x154 ./SDK/rtos/FreeRTOS_S32K/Source/queue.o
 .text.xQueueReceiveFromISR
                0x00000000       0xac ./SDK/rtos/FreeRTOS_S32K/Source/queue.o
 .text.xQueuePeekFromISR
                0x00000000       0x7e ./SDK/rtos/FreeRTOS_S32K/Source/queue.o
 .text.uxQueueMessagesWaiting
                0x00000000       0x26 ./SDK/rtos/FreeRTOS_S32K/Source/queue.o
 .text.uxQueueSpacesAvailable
                0x00000000       0x2a ./SDK/rtos/FreeRTOS_S32K/Source/queue.o
 .text.uxQueueMessagesWaitingFromISR
                0x00000000       0x18 ./SDK/rtos/FreeRTOS_S32K/Source/queue.o
 .text.vQueueDelete
                0x00000000       0x1c ./SDK/rtos/FreeRTOS_S32K/Source/queue.o
 .text.xQueueIsQueueEmptyFromISR
                0x00000000       0x1e ./SDK/rtos/FreeRTOS_S32K/Source/queue.o
 .text.xQueueIsQueueFullFromISR
                0x00000000       0x22 ./SDK/rtos/FreeRTOS_S32K/Source/queue.o
 .text          0x00000000        0x0 ./SDK/rtos/FreeRTOS_S32K/Source/stream_buffer.o
 .data          0x00000000        0x0 ./SDK/rtos/FreeRTOS_S32K/Source/stream_buffer.o
 .bss           0x00000000        0x0 ./SDK/rtos/FreeRTOS_S32K/Source/stream_buffer.o
 .text.prvBytesInBuffer
                0x00000000       0x12 ./SDK/rtos/FreeRTOS_S32K/Source/stream_buffer.o
 .text.prvInitialiseNewStreamBuffer
                0x00000000       0x46 ./SDK/rtos/FreeRTOS_S32K/Source/stream_buffer.o
 .text.prvWriteBytesToBuffer
                0x00000000       0x8c ./SDK/rtos/FreeRTOS_S32K/Source/stream_buffer.o
 .text.prvWriteMessageToBuffer
                0x00000000       0x44 ./SDK/rtos/FreeRTOS_S32K/Source/stream_buffer.o
 .text.prvReadBytesFromBuffer
                0x00000000       0x96 ./SDK/rtos/FreeRTOS_S32K/Source/stream_buffer.o
 .text.prvReadMessageFromBuffer
                0x00000000       0x44 ./SDK/rtos/FreeRTOS_S32K/Source/stream_buffer.o
 .text.xStreamBufferGenericCreate
                0x00000000       0x5c ./SDK/rtos/FreeRTOS_S32K/Source/stream_buffer.o
 .text.vStreamBufferDelete
                0x00000000       0x2e ./SDK/rtos/FreeRTOS_S32K/Source/stream_buffer.o
 .text.xStreamBufferReset
                0x00000000       0x40 ./SDK/rtos/FreeRTOS_S32K/Source/stream_buffer.o
 .text.xStreamBufferSetTriggerLevel
                0x00000000       0x28 ./SDK/rtos/FreeRTOS_S32K/Source/stream_buffer.o
 .text.xStreamBufferSpacesAvailable
                0x00000000       0x2a ./SDK/rtos/FreeRTOS_S32K/Source/stream_buffer.o
 .text.xStreamBufferBytesAvailable
                0x00000000       0x1c ./SDK/rtos/FreeRTOS_S32K/Source/stream_buffer.o
 .text.xStreamBufferSend
                0x00000000      0x102 ./SDK/rtos/FreeRTOS_S32K/Source/stream_buffer.o
 .text.xStreamBufferSendFromISR
                0x00000000       0xa0 ./SDK/rtos/FreeRTOS_S32K/Source/stream_buffer.o
 .text.xStreamBufferReceive
                0x00000000       0xe0 ./SDK/rtos/FreeRTOS_S32K/Source/stream_buffer.o
 .text.xStreamBufferReceiveFromISR
                0x00000000       0x94 ./SDK/rtos/FreeRTOS_S32K/Source/stream_buffer.o
 .text.xStreamBufferIsEmpty
                0x00000000       0x24 ./SDK/rtos/FreeRTOS_S32K/Source/stream_buffer.o
 .text.xStreamBufferIsFull
                0x00000000       0x2c ./SDK/rtos/FreeRTOS_S32K/Source/stream_buffer.o
 .text.xStreamBufferSendCompletedFromISR
                0x00000000       0x52 ./SDK/rtos/FreeRTOS_S32K/Source/stream_buffer.o
 .text.xStreamBufferReceiveCompletedFromISR
                0x00000000       0x52 ./SDK/rtos/FreeRTOS_S32K/Source/stream_buffer.o
 .debug_info    0x00000000     0x1d9a ./SDK/rtos/FreeRTOS_S32K/Source/stream_buffer.o
 .debug_abbrev  0x00000000      0x360 ./SDK/rtos/FreeRTOS_S32K/Source/stream_buffer.o
 .debug_loc     0x00000000     0x10f0 ./SDK/rtos/FreeRTOS_S32K/Source/stream_buffer.o
 .debug_aranges
                0x00000000       0xb8 ./SDK/rtos/FreeRTOS_S32K/Source/stream_buffer.o
 .debug_ranges  0x00000000       0xa8 ./SDK/rtos/FreeRTOS_S32K/Source/stream_buffer.o
 .debug_line    0x00000000      0x6ce ./SDK/rtos/FreeRTOS_S32K/Source/stream_buffer.o
 .debug_str     0x00000000      0xca3 ./SDK/rtos/FreeRTOS_S32K/Source/stream_buffer.o
 .comment       0x00000000       0xa1 ./SDK/rtos/FreeRTOS_S32K/Source/stream_buffer.o
 .debug_frame   0x00000000      0x2e8 ./SDK/rtos/FreeRTOS_S32K/Source/stream_buffer.o
 .ARM.attributes
                0x00000000       0x39 ./SDK/rtos/FreeRTOS_S32K/Source/stream_buffer.o
 .text          0x00000000        0x0 ./SDK/rtos/FreeRTOS_S32K/Source/tasks.o
 .data          0x00000000        0x0 ./SDK/rtos/FreeRTOS_S32K/Source/tasks.o
 .bss           0x00000000        0x0 ./SDK/rtos/FreeRTOS_S32K/Source/tasks.o
 .text.prvTaskIsTaskSuspended
                0x00000000       0x3c ./SDK/rtos/FreeRTOS_S32K/Source/tasks.o
 .text.prvSearchForNameWithinSingleList
                0x00000000       0x74 ./SDK/rtos/FreeRTOS_S32K/Source/tasks.o
 .text.vTaskDelete
                0x00000000       0xe4 ./SDK/rtos/FreeRTOS_S32K/Source/tasks.o
 .text.uxTaskPriorityGet
                0x00000000       0x20 ./SDK/rtos/FreeRTOS_S32K/Source/tasks.o
 .text.uxTaskPriorityGetFromISR
                0x00000000       0x30 ./SDK/rtos/FreeRTOS_S32K/Source/tasks.o
 .text.vTaskPrioritySet
                0x00000000       0xdc ./SDK/rtos/FreeRTOS_S32K/Source/tasks.o
 .text.vTaskResume
                0x00000000       0x88 ./SDK/rtos/FreeRTOS_S32K/Source/tasks.o
 .text.xTaskResumeFromISR
                0x00000000       0xa8 ./SDK/rtos/FreeRTOS_S32K/Source/tasks.o
 .text.vTaskEndScheduler
                0x00000000       0x24 ./SDK/rtos/FreeRTOS_S32K/Source/tasks.o
 .text.xTaskGetTickCountFromISR
                0x00000000       0x10 ./SDK/rtos/FreeRTOS_S32K/Source/tasks.o
 .text.uxTaskGetNumberOfTasks
                0x00000000        0xc ./SDK/rtos/FreeRTOS_S32K/Source/tasks.o
 .text.pcTaskGetName
                0x00000000       0x24 ./SDK/rtos/FreeRTOS_S32K/Source/tasks.o
 .text.vTaskDelayUntil
                0x00000000       0xa0 ./SDK/rtos/FreeRTOS_S32K/Source/tasks.o
 .text.vTaskDelay
                0x00000000       0x4c ./SDK/rtos/FreeRTOS_S32K/Source/tasks.o
 .text.xTaskGetHandle
                0x00000000       0x8c ./SDK/rtos/FreeRTOS_S32K/Source/tasks.o
 .text.xTaskAbortDelay
                0x00000000       0x98 ./SDK/rtos/FreeRTOS_S32K/Source/tasks.o
 .text.vTaskSuspend
                0x00000000       0xe8 ./SDK/rtos/FreeRTOS_S32K/Source/tasks.o
 .text.vTaskPlaceOnUnorderedEventList
                0x00000000       0x5c ./SDK/rtos/FreeRTOS_S32K/Source/tasks.o
 .text.vTaskRemoveFromUnorderedEventList
                0x00000000       0x88 ./SDK/rtos/FreeRTOS_S32K/Source/tasks.o
 .text.vTaskSetTimeOutState
                0x00000000       0x38 ./SDK/rtos/FreeRTOS_S32K/Source/tasks.o
 .text.uxTaskGetStackHighWaterMark
                0x00000000       0x2c ./SDK/rtos/FreeRTOS_S32K/Source/tasks.o
 .text.xTaskGetCurrentTaskHandle
                0x00000000        0xc ./SDK/rtos/FreeRTOS_S32K/Source/tasks.o
 .text.xTaskPriorityInherit
                0x00000000       0xb8 ./SDK/rtos/FreeRTOS_S32K/Source/tasks.o
 .text.vTaskPriorityDisinheritAfterTimeout
                0x00000000       0xc0 ./SDK/rtos/FreeRTOS_S32K/Source/tasks.o
 .text.uxTaskResetEventItemValue
                0x00000000       0x18 ./SDK/rtos/FreeRTOS_S32K/Source/tasks.o
 .text.pvTaskIncrementMutexHeldCount
                0x00000000       0x1c ./SDK/rtos/FreeRTOS_S32K/Source/tasks.o
 .text.ulTaskNotifyTake
                0x00000000       0x78 ./SDK/rtos/FreeRTOS_S32K/Source/tasks.o
 .text.xTaskNotifyWait
                0x00000000       0x98 ./SDK/rtos/FreeRTOS_S32K/Source/tasks.o
 .text.xTaskGenericNotify
                0x00000000       0xe0 ./SDK/rtos/FreeRTOS_S32K/Source/tasks.o
 .text.xTaskGenericNotifyFromISR
                0x00000000      0x118 ./SDK/rtos/FreeRTOS_S32K/Source/tasks.o
 .text.vTaskNotifyGiveFromISR
                0x00000000       0xd0 ./SDK/rtos/FreeRTOS_S32K/Source/tasks.o
 .text.xTaskNotifyStateClear
                0x00000000       0x30 ./SDK/rtos/FreeRTOS_S32K/Source/tasks.o
 .text          0x00000000        0x0 ./SDK/rtos/FreeRTOS_S32K/Source/timers.o
 .data          0x00000000        0x0 ./SDK/rtos/FreeRTOS_S32K/Source/timers.o
 .bss           0x00000000        0x0 ./SDK/rtos/FreeRTOS_S32K/Source/timers.o
 .text.xTimerGetTimerDaemonTaskHandle
                0x00000000       0x20 ./SDK/rtos/FreeRTOS_S32K/Source/timers.o
 .text.xTimerGetPeriod
                0x00000000       0x18 ./SDK/rtos/FreeRTOS_S32K/Source/timers.o
 .text.xTimerGetExpiryTime
                0x00000000       0x18 ./SDK/rtos/FreeRTOS_S32K/Source/timers.o
 .text.pcTimerGetName
                0x00000000       0x18 ./SDK/rtos/FreeRTOS_S32K/Source/timers.o
 .text.xTimerIsTimerActive
                0x00000000       0x2c ./SDK/rtos/FreeRTOS_S32K/Source/timers.o
 .text.pvTimerGetTimerID
                0x00000000       0x26 ./SDK/rtos/FreeRTOS_S32K/Source/timers.o
 .text.vTimerSetTimerID
                0x00000000       0x26 ./SDK/rtos/FreeRTOS_S32K/Source/timers.o
 .text.xTimerPendFunctionCallFromISR
                0x00000000       0x28 ./SDK/rtos/FreeRTOS_S32K/Source/timers.o
 .text.xTimerPendFunctionCall
                0x00000000       0x40 ./SDK/rtos/FreeRTOS_S32K/Source/timers.o
 .text          0x00000000        0x0 ./SDK/rtos/FreeRTOS_S32K/Source/portable/GCC/ARM_CM4F/port.o
 .data          0x00000000        0x0 ./SDK/rtos/FreeRTOS_S32K/Source/portable/GCC/ARM_CM4F/port.o
 .bss           0x00000000        0x0 ./SDK/rtos/FreeRTOS_S32K/Source/portable/GCC/ARM_CM4F/port.o
 .text.vPortEndScheduler
                0x00000000       0x24 ./SDK/rtos/FreeRTOS_S32K/Source/portable/GCC/ARM_CM4F/port.o
 .text          0x00000000        0x0 ./SDK/rtos/FreeRTOS_S32K/Source/portable/MemMang/heap_2.o
 .data          0x00000000        0x0 ./SDK/rtos/FreeRTOS_S32K/Source/portable/MemMang/heap_2.o
 .bss           0x00000000        0x0 ./SDK/rtos/FreeRTOS_S32K/Source/portable/MemMang/heap_2.o
 .text.xPortGetFreeHeapSize
                0x00000000        0xc ./SDK/rtos/FreeRTOS_S32K/Source/portable/MemMang/heap_2.o
 .text.vPortInitialiseBlocks
                0x00000000        0x2 ./SDK/rtos/FreeRTOS_S32K/Source/portable/MemMang/heap_2.o
 .text          0x00000000        0x0 ./Sources/main.o
 .data          0x00000000        0x0 ./Sources/main.o
 .bss           0x00000000        0x0 ./Sources/main.o
 .text          0x00000000        0x0 F:/NXP/S32DS_ARM_v2.2/S32DS/build_tools/gcc_v6.3/gcc-6.3-arm32-eabi/arm-none-eabi/newlib/lib/thumb/v7e-m/fpv4-sp/hard\libc_nano.a(lib_a-exit.o)
 .data          0x00000000        0x0 F:/NXP/S32DS_ARM_v2.2/S32DS/build_tools/gcc_v6.3/gcc-6.3-arm32-eabi/arm-none-eabi/newlib/lib/thumb/v7e-m/fpv4-sp/hard\libc_nano.a(lib_a-exit.o)
 .bss           0x00000000        0x0 F:/NXP/S32DS_ARM_v2.2/S32DS/build_tools/gcc_v6.3/gcc-6.3-arm32-eabi/arm-none-eabi/newlib/lib/thumb/v7e-m/fpv4-sp/hard\libc_nano.a(lib_a-exit.o)
 .text.exit     0x00000000       0x28 F:/NXP/S32DS_ARM_v2.2/S32DS/build_tools/gcc_v6.3/gcc-6.3-arm32-eabi/arm-none-eabi/newlib/lib/thumb/v7e-m/fpv4-sp/hard\libc_nano.a(lib_a-exit.o)
 .debug_frame   0x00000000       0x28 F:/NXP/S32DS_ARM_v2.2/S32DS/build_tools/gcc_v6.3/gcc-6.3-arm32-eabi/arm-none-eabi/newlib/lib/thumb/v7e-m/fpv4-sp/hard\libc_nano.a(lib_a-exit.o)
 .ARM.attributes
                0x00000000       0x34 F:/NXP/S32DS_ARM_v2.2/S32DS/build_tools/gcc_v6.3/gcc-6.3-arm32-eabi/arm-none-eabi/newlib/lib/thumb/v7e-m/fpv4-sp/hard\libc_nano.a(lib_a-exit.o)
 .text          0x00000000        0x0 F:/NXP/S32DS_ARM_v2.2/S32DS/build_tools/gcc_v6.3/gcc-6.3-arm32-eabi/arm-none-eabi/newlib/lib/thumb/v7e-m/fpv4-sp/hard\libc_nano.a(lib_a-impure.o)
 .data          0x00000000        0x0 F:/NXP/S32DS_ARM_v2.2/S32DS/build_tools/gcc_v6.3/gcc-6.3-arm32-eabi/arm-none-eabi/newlib/lib/thumb/v7e-m/fpv4-sp/hard\libc_nano.a(lib_a-impure.o)
 .bss           0x00000000        0x0 F:/NXP/S32DS_ARM_v2.2/S32DS/build_tools/gcc_v6.3/gcc-6.3-arm32-eabi/arm-none-eabi/newlib/lib/thumb/v7e-m/fpv4-sp/hard\libc_nano.a(lib_a-impure.o)
 .data._impure_ptr
                0x00000000        0x4 F:/NXP/S32DS_ARM_v2.2/S32DS/build_tools/gcc_v6.3/gcc-6.3-arm32-eabi/arm-none-eabi/newlib/lib/thumb/v7e-m/fpv4-sp/hard\libc_nano.a(lib_a-impure.o)
 .data.impure_data
                0x00000000       0x60 F:/NXP/S32DS_ARM_v2.2/S32DS/build_tools/gcc_v6.3/gcc-6.3-arm32-eabi/arm-none-eabi/newlib/lib/thumb/v7e-m/fpv4-sp/hard\libc_nano.a(lib_a-impure.o)
 .rodata._global_impure_ptr
                0x00000000        0x4 F:/NXP/S32DS_ARM_v2.2/S32DS/build_tools/gcc_v6.3/gcc-6.3-arm32-eabi/arm-none-eabi/newlib/lib/thumb/v7e-m/fpv4-sp/hard\libc_nano.a(lib_a-impure.o)
 .ARM.attributes
                0x00000000       0x34 F:/NXP/S32DS_ARM_v2.2/S32DS/build_tools/gcc_v6.3/gcc-6.3-arm32-eabi/arm-none-eabi/newlib/lib/thumb/v7e-m/fpv4-sp/hard\libc_nano.a(lib_a-impure.o)
 .text          0x00000000        0x0 F:/NXP/S32DS_ARM_v2.2/S32DS/build_tools/gcc_v6.3/gcc-6.3-arm32-eabi/arm-none-eabi/newlib/lib/thumb/v7e-m/fpv4-sp/hard\libc_nano.a(lib_a-init.o)
 .data          0x00000000        0x0 F:/NXP/S32DS_ARM_v2.2/S32DS/build_tools/gcc_v6.3/gcc-6.3-arm32-eabi/arm-none-eabi/newlib/lib/thumb/v7e-m/fpv4-sp/hard\libc_nano.a(lib_a-init.o)
 .bss           0x00000000        0x0 F:/NXP/S32DS_ARM_v2.2/S32DS/build_tools/gcc_v6.3/gcc-6.3-arm32-eabi/arm-none-eabi/newlib/lib/thumb/v7e-m/fpv4-sp/hard\libc_nano.a(lib_a-init.o)
 .text.__libc_init_array
                0x00000000       0x48 F:/NXP/S32DS_ARM_v2.2/S32DS/build_tools/gcc_v6.3/gcc-6.3-arm32-eabi/arm-none-eabi/newlib/lib/thumb/v7e-m/fpv4-sp/hard\libc_nano.a(lib_a-init.o)
 .debug_frame   0x00000000       0x2c F:/NXP/S32DS_ARM_v2.2/S32DS/build_tools/gcc_v6.3/gcc-6.3-arm32-eabi/arm-none-eabi/newlib/lib/thumb/v7e-m/fpv4-sp/hard\libc_nano.a(lib_a-init.o)
 .ARM.attributes
                0x00000000       0x34 F:/NXP/S32DS_ARM_v2.2/S32DS/build_tools/gcc_v6.3/gcc-6.3-arm32-eabi/arm-none-eabi/newlib/lib/thumb/v7e-m/fpv4-sp/hard\libc_nano.a(lib_a-init.o)
 .text          0x00000000        0x0 F:/NXP/S32DS_ARM_v2.2/S32DS/build_tools/gcc_v6.3/gcc-6.3-arm32-eabi/arm-none-eabi/newlib/lib/thumb/v7e-m/fpv4-sp/hard\libc_nano.a(lib_a-memcpy-stub.o)
 .data          0x00000000        0x0 F:/NXP/S32DS_ARM_v2.2/S32DS/build_tools/gcc_v6.3/gcc-6.3-arm32-eabi/arm-none-eabi/newlib/lib/thumb/v7e-m/fpv4-sp/hard\libc_nano.a(lib_a-memcpy-stub.o)
 .bss           0x00000000        0x0 F:/NXP/S32DS_ARM_v2.2/S32DS/build_tools/gcc_v6.3/gcc-6.3-arm32-eabi/arm-none-eabi/newlib/lib/thumb/v7e-m/fpv4-sp/hard\libc_nano.a(lib_a-memcpy-stub.o)
 .text          0x00000000        0x0 F:/NXP/S32DS_ARM_v2.2/S32DS/build_tools/gcc_v6.3/gcc-6.3-arm32-eabi/arm-none-eabi/newlib/lib/thumb/v7e-m/fpv4-sp/hard\libc_nano.a(lib_a-memset.o)
 .data          0x00000000        0x0 F:/NXP/S32DS_ARM_v2.2/S32DS/build_tools/gcc_v6.3/gcc-6.3-arm32-eabi/arm-none-eabi/newlib/lib/thumb/v7e-m/fpv4-sp/hard\libc_nano.a(lib_a-memset.o)
 .bss           0x00000000        0x0 F:/NXP/S32DS_ARM_v2.2/S32DS/build_tools/gcc_v6.3/gcc-6.3-arm32-eabi/arm-none-eabi/newlib/lib/thumb/v7e-m/fpv4-sp/hard\libc_nano.a(lib_a-memset.o)
 .text          0x00000000       0x10 F:/NXP/S32DS_ARM_v2.2/S32DS/build_tools/gcc_v6.3/gcc-6.3-arm32-eabi/arm-none-eabi/newlib/lib/thumb/v7e-m/fpv4-sp/hard\libc_nano.a(lib_a-strlen.o)
 .data          0x00000000        0x0 F:/NXP/S32DS_ARM_v2.2/S32DS/build_tools/gcc_v6.3/gcc-6.3-arm32-eabi/arm-none-eabi/newlib/lib/thumb/v7e-m/fpv4-sp/hard\libc_nano.a(lib_a-strlen.o)
 .bss           0x00000000        0x0 F:/NXP/S32DS_ARM_v2.2/S32DS/build_tools/gcc_v6.3/gcc-6.3-arm32-eabi/arm-none-eabi/newlib/lib/thumb/v7e-m/fpv4-sp/hard\libc_nano.a(lib_a-strlen.o)
 .ARM.attributes
                0x00000000       0x1b F:/NXP/S32DS_ARM_v2.2/S32DS/build_tools/gcc_v6.3/gcc-6.3-arm32-eabi/arm-none-eabi/newlib/lib/thumb/v7e-m/fpv4-sp/hard\libc_nano.a(lib_a-strlen.o)
 .text          0x00000000        0x0 F:/NXP/S32DS_ARM_v2.2/S32DS/build_tools/gcc_v6.3/gcc-6.3-arm32-eabi/arm-none-eabi/newlib/lib/thumb/v7e-m/fpv4-sp/hard\libnosys.a(_exit.o)
 .data          0x00000000        0x0 F:/NXP/S32DS_ARM_v2.2/S32DS/build_tools/gcc_v6.3/gcc-6.3-arm32-eabi/arm-none-eabi/newlib/lib/thumb/v7e-m/fpv4-sp/hard\libnosys.a(_exit.o)
 .bss           0x00000000        0x0 F:/NXP/S32DS_ARM_v2.2/S32DS/build_tools/gcc_v6.3/gcc-6.3-arm32-eabi/arm-none-eabi/newlib/lib/thumb/v7e-m/fpv4-sp/hard\libnosys.a(_exit.o)
 .text._exit    0x00000000        0x2 F:/NXP/S32DS_ARM_v2.2/S32DS/build_tools/gcc_v6.3/gcc-6.3-arm32-eabi/arm-none-eabi/newlib/lib/thumb/v7e-m/fpv4-sp/hard\libnosys.a(_exit.o)
 .debug_frame   0x00000000       0x20 F:/NXP/S32DS_ARM_v2.2/S32DS/build_tools/gcc_v6.3/gcc-6.3-arm32-eabi/arm-none-eabi/newlib/lib/thumb/v7e-m/fpv4-sp/hard\libnosys.a(_exit.o)
 .ARM.attributes
                0x00000000       0x34 F:/NXP/S32DS_ARM_v2.2/S32DS/build_tools/gcc_v6.3/gcc-6.3-arm32-eabi/arm-none-eabi/newlib/lib/thumb/v7e-m/fpv4-sp/hard\libnosys.a(_exit.o)
 .text          0x00000000        0x0 f:/nxp/s32ds_arm_v2.2/s32ds/build_tools/gcc_v6.3/gcc-6.3-arm32-eabi/bin/../lib/gcc/arm-none-eabi/6.3.1/thumb/v7e-m/fpv4-sp/hard/crtend.o
 .data          0x00000000        0x0 f:/nxp/s32ds_arm_v2.2/s32ds/build_tools/gcc_v6.3/gcc-6.3-arm32-eabi/bin/../lib/gcc/arm-none-eabi/6.3.1/thumb/v7e-m/fpv4-sp/hard/crtend.o
 .bss           0x00000000        0x0 f:/nxp/s32ds_arm_v2.2/s32ds/build_tools/gcc_v6.3/gcc-6.3-arm32-eabi/bin/../lib/gcc/arm-none-eabi/6.3.1/thumb/v7e-m/fpv4-sp/hard/crtend.o
 .eh_frame      0x00000000        0x4 f:/nxp/s32ds_arm_v2.2/s32ds/build_tools/gcc_v6.3/gcc-6.3-arm32-eabi/bin/../lib/gcc/arm-none-eabi/6.3.1/thumb/v7e-m/fpv4-sp/hard/crtend.o
 .jcr           0x00000000        0x4 f:/nxp/s32ds_arm_v2.2/s32ds/build_tools/gcc_v6.3/gcc-6.3-arm32-eabi/bin/../lib/gcc/arm-none-eabi/6.3.1/thumb/v7e-m/fpv4-sp/hard/crtend.o
 .tm_clone_table
                0x00000000        0x0 f:/nxp/s32ds_arm_v2.2/s32ds/build_tools/gcc_v6.3/gcc-6.3-arm32-eabi/bin/../lib/gcc/arm-none-eabi/6.3.1/thumb/v7e-m/fpv4-sp/hard/crtend.o
 .comment       0x00000000       0xa1 f:/nxp/s32ds_arm_v2.2/s32ds/build_tools/gcc_v6.3/gcc-6.3-arm32-eabi/bin/../lib/gcc/arm-none-eabi/6.3.1/thumb/v7e-m/fpv4-sp/hard/crtend.o
 .ARM.attributes
                0x00000000       0x34 f:/nxp/s32ds_arm_v2.2/s32ds/build_tools/gcc_v6.3/gcc-6.3-arm32-eabi/bin/../lib/gcc/arm-none-eabi/6.3.1/thumb/v7e-m/fpv4-sp/hard/crtend.o
 .text          0x00000000        0x0 f:/nxp/s32ds_arm_v2.2/s32ds/build_tools/gcc_v6.3/gcc-6.3-arm32-eabi/bin/../lib/gcc/arm-none-eabi/6.3.1/thumb/v7e-m/fpv4-sp/hard/crtn.o
 .data          0x00000000        0x0 f:/nxp/s32ds_arm_v2.2/s32ds/build_tools/gcc_v6.3/gcc-6.3-arm32-eabi/bin/../lib/gcc/arm-none-eabi/6.3.1/thumb/v7e-m/fpv4-sp/hard/crtn.o
 .bss           0x00000000        0x0 f:/nxp/s32ds_arm_v2.2/s32ds/build_tools/gcc_v6.3/gcc-6.3-arm32-eabi/bin/../lib/gcc/arm-none-eabi/6.3.1/thumb/v7e-m/fpv4-sp/hard/crtn.o
 .init          0x00000000        0x8 f:/nxp/s32ds_arm_v2.2/s32ds/build_tools/gcc_v6.3/gcc-6.3-arm32-eabi/bin/../lib/gcc/arm-none-eabi/6.3.1/thumb/v7e-m/fpv4-sp/hard/crtn.o
 .fini          0x00000000        0x8 f:/nxp/s32ds_arm_v2.2/s32ds/build_tools/gcc_v6.3/gcc-6.3-arm32-eabi/bin/../lib/gcc/arm-none-eabi/6.3.1/thumb/v7e-m/fpv4-sp/hard/crtn.o
 .ARM.attributes
                0x00000000       0x22 f:/nxp/s32ds_arm_v2.2/s32ds/build_tools/gcc_v6.3/gcc-6.3-arm32-eabi/bin/../lib/gcc/arm-none-eabi/6.3.1/thumb/v7e-m/fpv4-sp/hard/crtn.o

Memory Configuration

Name             Origin             Length             Attributes
m_interrupts     0x00000000         0x00000400         xr
m_flash_config   0x00000400         0x00000010         xr
m_text           0x00000410         0x0017fbf0         xr
m_data           0x1ffe0000         0x00020000         rw
m_data_2         0x20000000         0x0001f000         rw
*default*        0x00000000         0xffffffff

Linker script and memory map

LOAD f:/nxp/s32ds_arm_v2.2/s32ds/build_tools/gcc_v6.3/gcc-6.3-arm32-eabi/bin/../lib/gcc/arm-none-eabi/6.3.1/thumb/v7e-m/fpv4-sp/hard/crti.o
LOAD f:/nxp/s32ds_arm_v2.2/s32ds/build_tools/gcc_v6.3/gcc-6.3-arm32-eabi/bin/../lib/gcc/arm-none-eabi/6.3.1/thumb/v7e-m/fpv4-sp/hard/crtbegin.o
LOAD F:/NXP/S32DS_ARM_v2.2/S32DS/build_tools/gcc_v6.3/gcc-6.3-arm32-eabi/arm-none-eabi/newlib/lib/thumb/v7e-m/fpv4-sp/hard/crt0.o
LOAD ./Generated_Code/Cpu.o
LOAD ./Generated_Code/clockMan1.o
LOAD ./Generated_Code/pin_mux.o
LOAD ./Project_Settings/Startup_Code/startup_S32K148.o
LOAD ./SDK/platform/devices/S32K148/startup/system_S32K148.o
LOAD ./SDK/platform/devices/startup.o
LOAD ./SDK/platform/drivers/src/clock/S32K1xx/clock_S32K1xx.o
LOAD ./SDK/platform/drivers/src/interrupt/interrupt_manager.o
LOAD ./SDK/platform/drivers/src/pins/pins_driver.o
LOAD ./SDK/platform/drivers/src/pins/pins_port_hw_access.o
LOAD ./SDK/rtos/FreeRTOS_S32K/Source/croutine.o
LOAD ./SDK/rtos/FreeRTOS_S32K/Source/event_groups.o
LOAD ./SDK/rtos/FreeRTOS_S32K/Source/list.o
LOAD ./SDK/rtos/FreeRTOS_S32K/Source/queue.o
LOAD ./SDK/rtos/FreeRTOS_S32K/Source/stream_buffer.o
LOAD ./SDK/rtos/FreeRTOS_S32K/Source/tasks.o
LOAD ./SDK/rtos/FreeRTOS_S32K/Source/timers.o
LOAD ./SDK/rtos/FreeRTOS_S32K/Source/portable/GCC/ARM_CM4F/port.o
LOAD ./SDK/rtos/FreeRTOS_S32K/Source/portable/MemMang/heap_2.o
LOAD ./Sources/main.o
START GROUP
LOAD f:/nxp/s32ds_arm_v2.2/s32ds/build_tools/gcc_v6.3/gcc-6.3-arm32-eabi/bin/../lib/gcc/arm-none-eabi/6.3.1/thumb/v7e-m/fpv4-sp/hard\libgcc.a
LOAD F:/NXP/S32DS_ARM_v2.2/S32DS/build_tools/gcc_v6.3/gcc-6.3-arm32-eabi/arm-none-eabi/newlib/lib/thumb/v7e-m/fpv4-sp/hard\libc_nano.a
END GROUP
START GROUP
LOAD f:/nxp/s32ds_arm_v2.2/s32ds/build_tools/gcc_v6.3/gcc-6.3-arm32-eabi/bin/../lib/gcc/arm-none-eabi/6.3.1/thumb/v7e-m/fpv4-sp/hard\libgcc.a
LOAD F:/NXP/S32DS_ARM_v2.2/S32DS/build_tools/gcc_v6.3/gcc-6.3-arm32-eabi/arm-none-eabi/newlib/lib/thumb/v7e-m/fpv4-sp/hard\libc_nano.a
LOAD F:/NXP/S32DS_ARM_v2.2/S32DS/build_tools/gcc_v6.3/gcc-6.3-arm32-eabi/arm-none-eabi/newlib/lib/thumb/v7e-m/fpv4-sp/hard\libnosys.a
END GROUP
START GROUP
LOAD f:/nxp/s32ds_arm_v2.2/s32ds/build_tools/gcc_v6.3/gcc-6.3-arm32-eabi/bin/../lib/gcc/arm-none-eabi/6.3.1/thumb/v7e-m/fpv4-sp/hard\libgcc.a
LOAD F:/NXP/S32DS_ARM_v2.2/S32DS/build_tools/gcc_v6.3/gcc-6.3-arm32-eabi/arm-none-eabi/newlib/lib/thumb/v7e-m/fpv4-sp/hard\libc_nano.a
LOAD F:/NXP/S32DS_ARM_v2.2/S32DS/build_tools/gcc_v6.3/gcc-6.3-arm32-eabi/arm-none-eabi/newlib/lib/thumb/v7e-m/fpv4-sp/hard\libnosys.a
END GROUP
LOAD f:/nxp/s32ds_arm_v2.2/s32ds/build_tools/gcc_v6.3/gcc-6.3-arm32-eabi/bin/../lib/gcc/arm-none-eabi/6.3.1/thumb/v7e-m/fpv4-sp/hard/crtend.o
LOAD f:/nxp/s32ds_arm_v2.2/s32ds/build_tools/gcc_v6.3/gcc-6.3-arm32-eabi/bin/../lib/gcc/arm-none-eabi/6.3.1/thumb/v7e-m/fpv4-sp/hard/crtn.o
                0x00000400                HEAP_SIZE = DEFINED (__heap_size__)?__heap_size__:0x400
                0x00000400                STACK_SIZE = DEFINED (__stack_size__)?__stack_size__:0x400
                0x00000400                M_VECTOR_RAM_SIZE = DEFINED (__flash_vector_table__)?0x0:0x400

.interrupts     0x00000000      0x400
                0x00000000                __VECTOR_TABLE = .
                0x00000000                __interrupts_start__ = .
                0x00000000                . = ALIGN (0x4)
 *(.isr_vector)
 .isr_vector    0x00000000      0x400 ./Project_Settings/Startup_Code/startup_S32K148.o
                0x00000000                __isr_vector
                0x00000400                __interrupts_end__ = .
                0x00000400                . = ALIGN (0x4)

.flash_config   0x00000400       0x10
                0x00000400                . = ALIGN (0x4)
 *(.FlashConfig)
 .FlashConfig   0x00000400       0x10 ./Project_Settings/Startup_Code/startup_S32K148.o
                0x00000410                . = ALIGN (0x4)

.text           0x00000410     0x2b10
                0x00000410                . = ALIGN (0x4)
 *(.text)
 .text          0x00000410       0x4c ./Project_Settings/Startup_Code/startup_S32K148.o
                0x00000410                Reset_Handler
                0x00000458                FTM5_Ch2_Ch3_IRQHandler
                0x00000458                DebugMon_Handler
                0x00000458                CAN0_ORed_IRQHandler
                0x00000458                HardFault_Handler
                0x00000458                FTM7_Ch2_Ch3_IRQHandler
                0x00000458                Reserved103_IRQHandler
                0x00000458                FTM7_Ch6_Ch7_IRQHandler
                0x00000458                FTM2_Ovf_Reload_IRQHandler
                0x00000458                Reserved50_IRQHandler
                0x00000458                FTFC_Fault_IRQHandler
                0x00000458                FTM0_Ch6_Ch7_IRQHandler
                0x00000458                Reserved114_IRQHandler
                0x00000458                NMI_Handler
                0x00000458                ERM_double_fault_IRQHandler
                0x00000458                DMA2_IRQHandler
                0x00000458                Reserved59_IRQHandler
                0x00000458                LPIT0_Ch0_IRQHandler
                0x00000458                Reserved99_IRQHandler
                0x00000458                FTM7_Ch4_Ch5_IRQHandler
                0x00000458                FTM3_Ch6_Ch7_IRQHandler
                0x00000458                CAN2_ORed_0_15_MB_IRQHandler
                0x00000458                LPIT0_Ch3_IRQHandler
                0x00000458                LPI2C1_Master_IRQHandler
                0x00000458                FTM0_Ch4_Ch5_IRQHandler
                0x00000458                CAN1_Error_IRQHandler
                0x00000458                FTM4_Ch6_Ch7_IRQHandler
                0x00000458                FTM3_Ch0_Ch1_IRQHandler
                0x00000458                SWI_IRQHandler
                0x00000458                ADC0_IRQHandler
                0x00000458                FTM2_Ch4_Ch5_IRQHandler
                0x00000458                UsageFault_Handler
                0x00000458                FTM0_Ovf_Reload_IRQHandler
                0x00000458                FTM4_Fault_IRQHandler
                0x00000458                DefaultISR
                0x00000458                DMA9_IRQHandler
                0x00000458                Reserved58_IRQHandler
                0x00000458                FTM7_Fault_IRQHandler
                0x00000458                LPI2C1_Slave_IRQHandler
                0x00000458                CAN1_ORed_0_15_MB_IRQHandler
                0x00000458                FTM1_Ch2_Ch3_IRQHandler
                0x00000458                DMA14_IRQHandler
                0x00000458                Reserved82_IRQHandler
                0x00000458                CAN0_ORed_16_31_MB_IRQHandler
                0x00000458                LPI2C0_Slave_IRQHandler
                0x00000458                PORTD_IRQHandler
                0x00000458                SAI1_Rx_IRQHandler
                0x00000458                Reserved69_IRQHandler
                0x00000458                PORTB_IRQHandler
                0x00000458                Reserved70_IRQHandler
                0x00000458                ADC1_IRQHandler
                0x00000458                FTM2_Ch2_Ch3_IRQHandler
                0x00000458                FTM5_Ch0_Ch1_IRQHandler
                0x00000458                Reserved53_IRQHandler
                0x00000458                DMA5_IRQHandler
                0x00000458                RTC_IRQHandler
                0x00000458                PDB0_IRQHandler
                0x00000458                Reserved54_IRQHandler
                0x00000458                FTM6_Fault_IRQHandler
                0x00000458                FTM2_Ch6_Ch7_IRQHandler
                0x00000458                FTM6_Ch4_Ch5_IRQHandler
                0x00000458                FTM3_Ch2_Ch3_IRQHandler
                0x00000458                FTM6_Ch2_Ch3_IRQHandler
                0x00000458                FTM2_Ch0_Ch1_IRQHandler
                0x00000458                LPSPI1_IRQHandler
                0x00000458                LPUART1_RxTx_IRQHandler
                0x00000458                FTM4_Ovf_Reload_IRQHandler
                0x00000458                RTC_Seconds_IRQHandler
                0x00000458                FTM7_Ch0_Ch1_IRQHandler
                0x00000458                CAN2_ORed_IRQHandler
                0x00000458                Reserved110_IRQHandler
                0x00000458                DMA11_IRQHandler
                0x00000458                Reserved107_IRQHandler
                0x00000458                ENET_TIMER_IRQHandler
                0x00000458                Read_Collision_IRQHandler
                0x00000458                CAN2_Error_IRQHandler
                0x00000458                FTFC_IRQHandler
                0x00000458                DMA7_IRQHandler
                0x00000458                FTM1_Ch6_Ch7_IRQHandler
                0x00000458                FTM5_Fault_IRQHandler
                0x00000458                FTM6_Ovf_Reload_IRQHandler
                0x00000458                LPIT0_Ch1_IRQHandler
                0x00000458                FTM4_Ch0_Ch1_IRQHandler
                0x00000458                FTM1_Ch4_Ch5_IRQHandler
                0x00000458                FTM3_Ovf_Reload_IRQHandler
                0x00000458                SAI0_Tx_IRQHandler
                0x00000458                LPUART2_RxTx_IRQHandler
                0x00000458                FTM5_Ch4_Ch5_IRQHandler
                0x00000458                LPSPI0_IRQHandler
                0x00000458                WDOG_EWM_IRQHandler
                0x00000458                MemManage_Handler
                0x00000458                Reserved83_IRQHandler
                0x00000458                FTM0_Fault_IRQHandler
                0x00000458                FTM6_Ch6_Ch7_IRQHandler
                0x00000458                Reserved48_IRQHandler
                0x00000458                ENET_TX_IRQHandler
                0x00000458                ERM_single_fault_IRQHandler
                0x00000458                FTM2_Fault_IRQHandler
                0x00000458                FTM0_Ch2_Ch3_IRQHandler
                0x00000458                DMA13_IRQHandler
                0x00000458                FTM4_Ch2_Ch3_IRQHandler
                0x00000458                FTM0_Ch0_Ch1_IRQHandler
                0x00000458                FTM4_Ch4_Ch5_IRQHandler
                0x00000458                FTM5_Ovf_Reload_IRQHandler
                0x00000458                FTM3_Fault_IRQHandler
                0x00000458                RCM_IRQHandler
                0x00000458                DMA3_IRQHandler
                0x00000458                Reserved100_IRQHandler
                0x00000458                DMA0_IRQHandler
                0x00000458                CAN1_ORed_IRQHandler
                0x00000458                SAI0_Rx_IRQHandler
                0x00000458                DMA15_IRQHandler
                0x00000458                SCG_IRQHandler
                0x00000458                PDB1_IRQHandler
                0x00000458                CAN2_ORed_16_31_MB_IRQHandler
                0x00000458                CAN0_Error_IRQHandler
                0x00000458                LPI2C0_Master_IRQHandler
                0x00000458                ENET_WAKE_IRQHandler
                0x00000458                DMA4_IRQHandler
                0x00000458                FTM1_Fault_IRQHandler
                0x00000458                Reserved106_IRQHandler
                0x00000458                ENET_ERR_IRQHandler
                0x00000458                DMA_Error_IRQHandler
                0x00000458                LVD_LVW_IRQHandler
                0x00000458                ENET_STOP_IRQHandler
                0x00000458                ENET_RX_IRQHandler
                0x00000458                LPIT0_Ch2_IRQHandler
                0x00000458                PORTA_IRQHandler
                0x00000458                FTM5_Ch6_Ch7_IRQHandler
                0x00000458                CAN1_ORed_16_31_MB_IRQHandler
                0x00000458                MCM_IRQHandler
                0x00000458                LPSPI2_IRQHandler
                0x00000458                DMA12_IRQHandler
                0x00000458                FTM7_Ovf_Reload_IRQHandler
                0x00000458                FTM3_Ch4_Ch5_IRQHandler
                0x00000458                CAN0_ORed_0_15_MB_IRQHandler
                0x00000458                PORTE_IRQHandler
                0x00000458                LPUART0_RxTx_IRQHandler
                0x00000458                FTM6_Ch0_Ch1_IRQHandler
                0x00000458                LPTMR0_IRQHandler
                0x00000458                BusFault_Handler
                0x00000458                FTM1_Ovf_Reload_IRQHandler
                0x00000458                DMA8_IRQHandler
                0x00000458                DMA10_IRQHandler
                0x00000458                CAN0_Wake_Up_IRQHandler
                0x00000458                QSPI_IRQHandler
                0x00000458                CMP0_IRQHandler
                0x00000458                Reserved52_IRQHandler
                0x00000458                PORTC_IRQHandler
                0x00000458                DMA6_IRQHandler
                0x00000458                FTM1_Ch0_Ch1_IRQHandler
                0x00000458                FLEXIO_IRQHandler
                0x00000458                SAI1_Tx_IRQHandler
                0x00000458                DMA1_IRQHandler
                0x00000458                Reserved113_IRQHandler
 *(.text*)
 .text.SystemInit
                0x0000045c       0x4c ./SDK/platform/devices/S32K148/startup/system_S32K148.o
                0x0000045c                SystemInit
 .text.init_data_bss
                0x000004a8       0xd8 ./SDK/platform/devices/startup.o
                0x000004a8                init_data_bss
 .text.CLOCK_SYS_GetCurrentRunMode
                0x00000580       0x24 ./SDK/platform/drivers/src/clock/S32K1xx/clock_S32K1xx.o
 .text.CLOCK_SYS_GetSysOscFreq
                0x000005a4       0x1c ./SDK/platform/drivers/src/clock/S32K1xx/clock_S32K1xx.o
 .text.CLOCK_SYS_ConfigureSOSC
                0x000005c0      0x12c ./SDK/platform/drivers/src/clock/S32K1xx/clock_S32K1xx.o
 .text.CLOCK_SYS_GetSircFreq
                0x000006ec       0x2c ./SDK/platform/drivers/src/clock/S32K1xx/clock_S32K1xx.o
 .text.CLOCK_SYS_ConfigureSIRC
                0x00000718       0xc4 ./SDK/platform/drivers/src/clock/S32K1xx/clock_S32K1xx.o
 .text.CLOCK_SYS_GetFircFreq
                0x000007dc       0x20 ./SDK/platform/drivers/src/clock/S32K1xx/clock_S32K1xx.o
 .text.CLOCK_SYS_ConfigureFIRC
                0x000007fc       0xb4 ./SDK/platform/drivers/src/clock/S32K1xx/clock_S32K1xx.o
 .text.CLOCK_SYS_GetSysPllFreq
                0x000008b0       0x44 ./SDK/platform/drivers/src/clock/S32K1xx/clock_S32K1xx.o
 .text.CLOCK_SYS_ConfigureSPLL
                0x000008f4      0x104 ./SDK/platform/drivers/src/clock/S32K1xx/clock_S32K1xx.o
 .text.CLOCK_SYS_SetSystemClockConfig
                0x000009f8      0x1e4 ./SDK/platform/drivers/src/clock/S32K1xx/clock_S32K1xx.o
 .text.CLOCK_SYS_TransitionSystemClock
                0x00000bdc       0x3c ./SDK/platform/drivers/src/clock/S32K1xx/clock_S32K1xx.o
 .text.CLOCK_DRV_Init
                0x00000c18      0x5b0 ./SDK/platform/drivers/src/clock/S32K1xx/clock_S32K1xx.o
                0x00000c18                CLOCK_DRV_Init
 .text.CLOCK_SYS_Init
                0x000011c8       0x1c ./SDK/platform/drivers/src/clock/S32K1xx/clock_S32K1xx.o
                0x000011c8                CLOCK_SYS_Init
 .text.CLOCK_SYS_UpdateConfiguration
                0x000011e4       0xe8 ./SDK/platform/drivers/src/clock/S32K1xx/clock_S32K1xx.o
                0x000011e4                CLOCK_SYS_UpdateConfiguration
 .text.INT_SYS_EnableIRQGlobal
                0x000012cc       0x1c ./SDK/platform/drivers/src/interrupt/interrupt_manager.o
                0x000012cc                INT_SYS_EnableIRQGlobal
 .text.INT_SYS_DisableIRQGlobal
                0x000012e8       0x10 ./SDK/platform/drivers/src/interrupt/interrupt_manager.o
                0x000012e8                INT_SYS_DisableIRQGlobal
 .text.PINS_DRV_Init
                0x000012f8       0x20 ./SDK/platform/drivers/src/pins/pins_driver.o
                0x000012f8                PINS_DRV_Init
 .text.PINS_DRV_TogglePins
                0x00001318        0x4 ./SDK/platform/drivers/src/pins/pins_driver.o
                0x00001318                PINS_DRV_TogglePins
 .text.PINS_GetAdcInterleaveVal
                0x0000131c       0x70 ./SDK/platform/drivers/src/pins/pins_port_hw_access.o
 .text.PINS_Init
                0x0000138c      0x114 ./SDK/platform/drivers/src/pins/pins_port_hw_access.o
                0x0000138c                PINS_Init
 .text.vListInitialise
                0x000014a0       0x16 ./SDK/rtos/FreeRTOS_S32K/Source/list.o
                0x000014a0                vListInitialise
 .text.vListInitialiseItem
                0x000014b6        0x6 ./SDK/rtos/FreeRTOS_S32K/Source/list.o
                0x000014b6                vListInitialiseItem
 .text.vListInsertEnd
                0x000014bc       0x18 ./SDK/rtos/FreeRTOS_S32K/Source/list.o
                0x000014bc                vListInsertEnd
 .text.vListInsert
                0x000014d4       0x34 ./SDK/rtos/FreeRTOS_S32K/Source/list.o
                0x000014d4                vListInsert
 .text.uxListRemove
                0x00001508       0x26 ./SDK/rtos/FreeRTOS_S32K/Source/list.o
                0x00001508                uxListRemove
 .text.prvIsQueueEmpty
                0x0000152e       0x16 ./SDK/rtos/FreeRTOS_S32K/Source/queue.o
 .text.prvCopyDataToQueue
                0x00001544       0x76 ./SDK/rtos/FreeRTOS_S32K/Source/queue.o
 .text.prvCopyDataFromQueue
                0x000015ba       0x24 ./SDK/rtos/FreeRTOS_S32K/Source/queue.o
 .text.prvUnlockQueue
                0x000015de       0x82 ./SDK/rtos/FreeRTOS_S32K/Source/queue.o
 .text.xQueueGenericReset
                0x00001660       0x80 ./SDK/rtos/FreeRTOS_S32K/Source/queue.o
                0x00001660                xQueueGenericReset
 .text.xQueueGenericCreate
                0x000016e0       0x44 ./SDK/rtos/FreeRTOS_S32K/Source/queue.o
                0x000016e0                xQueueGenericCreate
 .text.xQueueGenericSend
                0x00001724      0x188 ./SDK/rtos/FreeRTOS_S32K/Source/queue.o
                0x00001724                xQueueGenericSend
 .text.xQueueGenericSendFromISR
                0x000018ac       0xd6 ./SDK/rtos/FreeRTOS_S32K/Source/queue.o
                0x000018ac                xQueueGenericSendFromISR
 *fill*         0x00001982        0x2 
 .text.xQueueReceive
                0x00001984      0x158 ./SDK/rtos/FreeRTOS_S32K/Source/queue.o
                0x00001984                xQueueReceive
 .text.vQueueWaitForMessageRestricted
                0x00001adc       0x4e ./SDK/rtos/FreeRTOS_S32K/Source/queue.o
                0x00001adc                vQueueWaitForMessageRestricted
 *fill*         0x00001b2a        0x2 
 .text.prvResetNextTaskUnblockTime
                0x00001b2c       0x2c ./SDK/rtos/FreeRTOS_S32K/Source/tasks.o
 .text.prvIdleTask
                0x00001b58       0x70 ./SDK/rtos/FreeRTOS_S32K/Source/tasks.o
 .text.prvAddCurrentTaskToDelayedList
                0x00001bc8       0xa0 ./SDK/rtos/FreeRTOS_S32K/Source/tasks.o
 .text.xTaskCreate
                0x00001c68      0x1cc ./SDK/rtos/FreeRTOS_S32K/Source/tasks.o
                0x00001c68                xTaskCreate
 .text.vTaskStartScheduler
                0x00001e34       0x84 ./SDK/rtos/FreeRTOS_S32K/Source/tasks.o
                0x00001e34                vTaskStartScheduler
 .text.vTaskSuspendAll
                0x00001eb8       0x10 ./SDK/rtos/FreeRTOS_S32K/Source/tasks.o
                0x00001eb8                vTaskSuspendAll
 .text.xTaskGetTickCount
                0x00001ec8        0xc ./SDK/rtos/FreeRTOS_S32K/Source/tasks.o
                0x00001ec8                xTaskGetTickCount
 .text.xTaskIncrementTick
                0x00001ed4      0x128 ./SDK/rtos/FreeRTOS_S32K/Source/tasks.o
                0x00001ed4                xTaskIncrementTick
 .text.xTaskResumeAll
                0x00001ffc      0x100 ./SDK/rtos/FreeRTOS_S32K/Source/tasks.o
                0x00001ffc                xTaskResumeAll
 .text.vTaskSwitchContext
                0x000020fc       0x94 ./SDK/rtos/FreeRTOS_S32K/Source/tasks.o
                0x000020fc                vTaskSwitchContext
 .text.vTaskPlaceOnEventList
                0x00002190       0x30 ./SDK/rtos/FreeRTOS_S32K/Source/tasks.o
                0x00002190                vTaskPlaceOnEventList
 .text.vTaskPlaceOnEventListRestricted
                0x000021c0       0x3c ./SDK/rtos/FreeRTOS_S32K/Source/tasks.o
                0x000021c0                vTaskPlaceOnEventListRestricted
 .text.xTaskRemoveFromEventList
                0x000021fc       0x88 ./SDK/rtos/FreeRTOS_S32K/Source/tasks.o
                0x000021fc                xTaskRemoveFromEventList
 .text.vTaskInternalSetTimeOutState
                0x00002284       0x18 ./SDK/rtos/FreeRTOS_S32K/Source/tasks.o
                0x00002284                vTaskInternalSetTimeOutState
 .text.xTaskCheckForTimeOut
                0x0000229c       0x9c ./SDK/rtos/FreeRTOS_S32K/Source/tasks.o
                0x0000229c                xTaskCheckForTimeOut
 .text.vTaskMissedYield
                0x00002338        0xc ./SDK/rtos/FreeRTOS_S32K/Source/tasks.o
                0x00002338                vTaskMissedYield
 .text.xTaskGetSchedulerState
                0x00002344       0x20 ./SDK/rtos/FreeRTOS_S32K/Source/tasks.o
                0x00002344                xTaskGetSchedulerState
 .text.xTaskPriorityDisinherit
                0x00002364       0xb0 ./SDK/rtos/FreeRTOS_S32K/Source/tasks.o
                0x00002364                xTaskPriorityDisinherit
 .text.prvInsertTimerInActiveList
                0x00002414       0x48 ./SDK/rtos/FreeRTOS_S32K/Source/timers.o
 .text.prvCheckForValidListAndQueue
                0x0000245c       0x50 ./SDK/rtos/FreeRTOS_S32K/Source/timers.o
 .text.xTimerCreateTimerTask
                0x000024ac       0x4c ./SDK/rtos/FreeRTOS_S32K/Source/timers.o
                0x000024ac                xTimerCreateTimerTask
 .text.xTimerCreate
                0x000024f8       0x48 ./SDK/rtos/FreeRTOS_S32K/Source/timers.o
                0x000024f8                xTimerCreate
 .text.xTimerGenericCommand
                0x00002540       0x60 ./SDK/rtos/FreeRTOS_S32K/Source/timers.o
                0x00002540                xTimerGenericCommand
 .text.prvSampleTimeNow
                0x000025a0       0xa8 ./SDK/rtos/FreeRTOS_S32K/Source/timers.o
 .text.prvTimerTask
                0x00002648      0x1c8 ./SDK/rtos/FreeRTOS_S32K/Source/timers.o
 .text.prvTaskExitError
                0x00002810       0x40 ./SDK/rtos/FreeRTOS_S32K/Source/portable/GCC/ARM_CM4F/port.o
 .text.prvPortStartFirstTask
                0x00002850       0x28 ./SDK/rtos/FreeRTOS_S32K/Source/portable/GCC/ARM_CM4F/port.o
 .text.vPortEnableVFP
                0x00002878       0x14 ./SDK/rtos/FreeRTOS_S32K/Source/portable/GCC/ARM_CM4F/port.o
 .text.pxPortInitialiseStack
                0x0000288c       0x2c ./SDK/rtos/FreeRTOS_S32K/Source/portable/GCC/ARM_CM4F/port.o
                0x0000288c                pxPortInitialiseStack
 *fill*         0x000028b8        0x8 
 .text.SVC_Handler
                0x000028c0       0x24 ./SDK/rtos/FreeRTOS_S32K/Source/portable/GCC/ARM_CM4F/port.o
                0x000028c0                SVC_Handler
 .text.vPortEnterCritical
                0x000028e4       0x44 ./SDK/rtos/FreeRTOS_S32K/Source/portable/GCC/ARM_CM4F/port.o
                0x000028e4                vPortEnterCritical
 .text.vPortExitCritical
                0x00002928       0x2c ./SDK/rtos/FreeRTOS_S32K/Source/portable/GCC/ARM_CM4F/port.o
                0x00002928                vPortExitCritical
 *fill*         0x00002954        0xc 
 .text.PendSV_Handler
                0x00002960       0x64 ./SDK/rtos/FreeRTOS_S32K/Source/portable/GCC/ARM_CM4F/port.o
                0x00002960                PendSV_Handler
 .text.SysTick_Handler
                0x000029c4       0x2c ./SDK/rtos/FreeRTOS_S32K/Source/portable/GCC/ARM_CM4F/port.o
                0x000029c4                SysTick_Handler
 .text.vPortSetupTimerInterrupt
                0x000029f0       0x24 ./SDK/rtos/FreeRTOS_S32K/Source/portable/GCC/ARM_CM4F/port.o
                0x000029f0                vPortSetupTimerInterrupt
 .text.xPortStartScheduler
                0x00002a14      0x118 ./SDK/rtos/FreeRTOS_S32K/Source/portable/GCC/ARM_CM4F/port.o
                0x00002a14                xPortStartScheduler
 .text.vPortValidateInterruptPriority
                0x00002b2c       0x5c ./SDK/rtos/FreeRTOS_S32K/Source/portable/GCC/ARM_CM4F/port.o
                0x00002b2c                vPortValidateInterruptPriority
 .text.pvPortMalloc
                0x00002b88       0xc8 ./SDK/rtos/FreeRTOS_S32K/Source/portable/MemMang/heap_2.o
                0x00002b88                pvPortMalloc
 .text.vPortFree
                0x00002c50       0x44 ./SDK/rtos/FreeRTOS_S32K/Source/portable/MemMang/heap_2.o
                0x00002c50                vPortFree
 .text.prvTimerCallback
                0x00002c94       0x14 ./Sources/main.o
 .text.main     0x00002ca8       0x78 ./Sources/main.o
                0x00002ca8                main
 .text.memcpy   0x00002d20       0x16 F:/NXP/S32DS_ARM_v2.2/S32DS/build_tools/gcc_v6.3/gcc-6.3-arm32-eabi/arm-none-eabi/newlib/lib/thumb/v7e-m/fpv4-sp/hard\libc_nano.a(lib_a-memcpy-stub.o)
                0x00002d20                memcpy
 .text.memset   0x00002d36       0x10 F:/NXP/S32DS_ARM_v2.2/S32DS/build_tools/gcc_v6.3/gcc-6.3-arm32-eabi/arm-none-eabi/newlib/lib/thumb/v7e-m/fpv4-sp/hard\libc_nano.a(lib_a-memset.o)
                0x00002d36                memset
 *(.rodata)
 *(.rodata*)
 *fill*         0x00002d46        0x2 
 .rodata.clockNameMappings
                0x00002d48       0xb8 ./SDK/platform/drivers/src/clock/S32K1xx/clock_S32K1xx.o
                0x00002d48                clockNameMappings
 .rodata.maxSysClksInHSRUN.7949
                0x00002e00       0x54 ./SDK/platform/drivers/src/clock/S32K1xx/clock_S32K1xx.o
 .rodata.maxSysClksInRUN.7948
                0x00002e54       0x54 ./SDK/platform/drivers/src/clock/S32K1xx/clock_S32K1xx.o
 .rodata.maxSysClksInVLPR.7947
                0x00002ea8       0x54 ./SDK/platform/drivers/src/clock/S32K1xx/clock_S32K1xx.o
 .rodata.vTaskStartScheduler.str1.4
                0x00002efc        0x5 ./SDK/rtos/FreeRTOS_S32K/Source/tasks.o
 *fill*         0x00002f01        0x3 
 .rodata.xTimerCreateTimerTask.str1.4
                0x00002f04        0x8 ./SDK/rtos/FreeRTOS_S32K/Source/timers.o
 .rodata.main.str1.4
                0x00002f0c        0xc ./Sources/main.o
                                  0x9 (size before relaxing)
 *(.init)
 .init          0x00002f18        0x4 f:/nxp/s32ds_arm_v2.2/s32ds/build_tools/gcc_v6.3/gcc-6.3-arm32-eabi/bin/../lib/gcc/arm-none-eabi/6.3.1/thumb/v7e-m/fpv4-sp/hard/crti.o
                0x00002f18                _init
 *(.fini)
 .fini          0x00002f1c        0x4 f:/nxp/s32ds_arm_v2.2/s32ds/build_tools/gcc_v6.3/gcc-6.3-arm32-eabi/bin/../lib/gcc/arm-none-eabi/6.3.1/thumb/v7e-m/fpv4-sp/hard/crti.o
                0x00002f1c                _fini
 *(.eh_frame)
                0x00002f20                . = ALIGN (0x4)

.glue_7         0x00002f20        0x0
 .glue_7        0x00002f20        0x0 linker stubs

.glue_7t        0x00002f20        0x0
 .glue_7t       0x00002f20        0x0 linker stubs

.vfp11_veneer   0x00002f20        0x0
 .vfp11_veneer  0x00002f20        0x0 linker stubs

.v4_bx          0x00002f20        0x0
 .v4_bx         0x00002f20        0x0 linker stubs

.iplt           0x00002f20        0x0
 .iplt          0x00002f20        0x0 f:/nxp/s32ds_arm_v2.2/s32ds/build_tools/gcc_v6.3/gcc-6.3-arm32-eabi/bin/../lib/gcc/arm-none-eabi/6.3.1/thumb/v7e-m/fpv4-sp/hard/crtbegin.o

.rel.dyn        0x00002f20        0x0
 .rel.iplt      0x00002f20        0x0 f:/nxp/s32ds_arm_v2.2/s32ds/build_tools/gcc_v6.3/gcc-6.3-arm32-eabi/bin/../lib/gcc/arm-none-eabi/6.3.1/thumb/v7e-m/fpv4-sp/hard/crtbegin.o

.ARM            0x00002f20        0x0
                0x00002f20                __exidx_start = .
 *(.ARM.exidx*)
                0x00002f20                __exidx_end = .
                0x00002f20                __etext = .
                0x00002f20                __DATA_ROM = .

.interrupts_ram
                0x1ffe0000      0x400
                0x1ffe0000                . = ALIGN (0x4)
                0x1ffe0000                __VECTOR_RAM__ = .
                0x1ffe0000                __RAM_START = .
                0x1ffe0000                __interrupts_ram_start__ = .
 *(.m_interrupts_ram)
                0x1ffe0400                . = (. + M_VECTOR_RAM_SIZE)
 *fill*         0x1ffe0000      0x400 
                0x1ffe0400                . = ALIGN (0x4)
                0x1ffe0400                __interrupts_ram_end__ = .
                0x1ffe0000                __VECTOR_RAM = DEFINED (__flash_vector_table__)?ORIGIN (m_interrupts):__VECTOR_RAM__
                0x00000400                __RAM_VECTOR_TABLE_SIZE = DEFINED (__flash_vector_table__)?0x0:(__interrupts_ram_end__ - __interrupts_ram_start__)

.data           0x1ffe0400      0x18c load address 0x00002f20
                0x1ffe0400                . = ALIGN (0x4)
                0x1ffe0400                __DATA_RAM = .
                0x1ffe0400                __data_start__ = .
 *(.data)
 *(.data*)
 .data.clockMan1_InitConfig0
                0x1ffe0400       0x78 ./Generated_Code/clockMan1.o
                0x1ffe0400                clockMan1_InitConfig0
 .data.g_clockManConfigsArr
                0x1ffe0478        0x4 ./Generated_Code/clockMan1.o
                0x1ffe0478                g_clockManConfigsArr
 .data.peripheralClockConfig0
                0x1ffe047c       0x1e ./Generated_Code/clockMan1.o
                0x1ffe047c                peripheralClockConfig0
 *fill*         0x1ffe049a        0x2 
 .data.g_pin_mux_InitConfigArr
                0x1ffe049c       0x18 ./Generated_Code/pin_mux.o
                0x1ffe049c                g_pin_mux_InitConfigArr
 .data.peripheralClockConfig.7678
                0x1ffe04b4       0xcd ./SDK/platform/drivers/src/clock/S32K1xx/clock_S32K1xx.o
 *fill*         0x1ffe0581        0x3 
 .data.uxCriticalNesting
                0x1ffe0584        0x4 ./SDK/rtos/FreeRTOS_S32K/Source/portable/GCC/ARM_CM4F/port.o
 .data.xFreeBytesRemaining
                0x1ffe0588        0x4 ./SDK/rtos/FreeRTOS_S32K/Source/portable/MemMang/heap_2.o
                0x1ffe058c                . = ALIGN (0x4)
                0x1ffe058c                __data_end__ = .
                0x000030ac                __DATA_END = (__DATA_ROM + (__data_end__ - __data_start__))
                0x000030ac                __CODE_ROM = __DATA_END

.igot.plt       0x1ffe058c        0x0 load address 0x000030ac
 .igot.plt      0x1ffe058c        0x0 f:/nxp/s32ds_arm_v2.2/s32ds/build_tools/gcc_v6.3/gcc-6.3-arm32-eabi/bin/../lib/gcc/arm-none-eabi/6.3.1/thumb/v7e-m/fpv4-sp/hard/crtbegin.o

.code           0x1ffe058c        0x0 load address 0x000030ac
                0x1ffe058c                . = ALIGN (0x4)
                0x1ffe058c                __CODE_RAM = .
                0x1ffe058c                __code_start__ = .
                0x1ffe058c                __code_ram_start__ = .
 *(.code_ram)
                0x1ffe058c                . = ALIGN (0x4)
                0x1ffe058c                __code_end__ = .
                0x1ffe058c                __code_ram_end__ = .
                0x000030ac                __CODE_END = (__CODE_ROM + (__code_end__ - __code_start__))
                0x000030ac                __CUSTOM_ROM = __CODE_END

.customSectionBlock
                0x20000000        0x0 load address 0x000030ac
                0x20000000                __customSection_start__ = .
 *(.customSection)
                0x20000000                __customSection_end__ = .
                0x000030ac                __CUSTOM_END = (__CUSTOM_ROM + (__customSection_end__ - __customSection_start__))

.bss            0x20000000     0x21c8
                0x20000000                . = ALIGN (0x4)
                0x20000000                __BSS_START = .
                0x20000000                __bss_start__ = .
 *(.bss)
 *(.bss*)
 .bss.g_clockManCallbacksArr
                0x20000000        0x4 ./Generated_Code/clockMan1.o
                0x20000000                g_clockManCallbacksArr
 .bss.g_RtcClkInFreq
                0x20000004        0x4 ./SDK/platform/drivers/src/clock/S32K1xx/clock_S32K1xx.o
                0x20000004                g_RtcClkInFreq
 .bss.g_TClkFreq
                0x20000008        0xc ./SDK/platform/drivers/src/clock/S32K1xx/clock_S32K1xx.o
                0x20000008                g_TClkFreq
 .bss.g_clockState
                0x20000014       0x10 ./SDK/platform/drivers/src/clock/S32K1xx/clock_S32K1xx.o
 .bss.g_xtal0ClkFreq
                0x20000024        0x4 ./SDK/platform/drivers/src/clock/S32K1xx/clock_S32K1xx.o
                0x20000024                g_xtal0ClkFreq
 .bss.g_interruptDisableCount
                0x20000028        0x4 ./SDK/platform/drivers/src/interrupt/interrupt_manager.o
 .bss.pxCurrentTCB
                0x2000002c        0x4 ./SDK/rtos/FreeRTOS_S32K/Source/tasks.o
                0x2000002c                pxCurrentTCB
 .bss.pxDelayedTaskList
                0x20000030        0x4 ./SDK/rtos/FreeRTOS_S32K/Source/tasks.o
 .bss.pxOverflowDelayedTaskList
                0x20000034        0x4 ./SDK/rtos/FreeRTOS_S32K/Source/tasks.o
 .bss.pxReadyTasksLists
                0x20000038       0xa0 ./SDK/rtos/FreeRTOS_S32K/Source/tasks.o
 .bss.uxCurrentNumberOfTasks
                0x200000d8        0x4 ./SDK/rtos/FreeRTOS_S32K/Source/tasks.o
 .bss.uxDeletedTasksWaitingCleanUp
                0x200000dc        0x4 ./SDK/rtos/FreeRTOS_S32K/Source/tasks.o
 .bss.uxPendedTicks
                0x200000e0        0x4 ./SDK/rtos/FreeRTOS_S32K/Source/tasks.o
 .bss.uxSchedulerSuspended
                0x200000e4        0x4 ./SDK/rtos/FreeRTOS_S32K/Source/tasks.o
 .bss.uxTaskNumber
                0x200000e8        0x4 ./SDK/rtos/FreeRTOS_S32K/Source/tasks.o
 .bss.uxTopReadyPriority
                0x200000ec        0x4 ./SDK/rtos/FreeRTOS_S32K/Source/tasks.o
 .bss.xDelayedTaskList1
                0x200000f0       0x14 ./SDK/rtos/FreeRTOS_S32K/Source/tasks.o
 .bss.xDelayedTaskList2
                0x20000104       0x14 ./SDK/rtos/FreeRTOS_S32K/Source/tasks.o
 .bss.xIdleTaskHandle
                0x20000118        0x4 ./SDK/rtos/FreeRTOS_S32K/Source/tasks.o
 .bss.xNextTaskUnblockTime
                0x2000011c        0x4 ./SDK/rtos/FreeRTOS_S32K/Source/tasks.o
 .bss.xNumOfOverflows
                0x20000120        0x4 ./SDK/rtos/FreeRTOS_S32K/Source/tasks.o
 .bss.xPendingReadyList
                0x20000124       0x14 ./SDK/rtos/FreeRTOS_S32K/Source/tasks.o
 .bss.xSchedulerRunning
                0x20000138        0x4 ./SDK/rtos/FreeRTOS_S32K/Source/tasks.o
 .bss.xSuspendedTaskList
                0x2000013c       0x14 ./SDK/rtos/FreeRTOS_S32K/Source/tasks.o
 .bss.xTasksWaitingTermination
                0x20000150       0x14 ./SDK/rtos/FreeRTOS_S32K/Source/tasks.o
 .bss.xTickCount
                0x20000164        0x4 ./SDK/rtos/FreeRTOS_S32K/Source/tasks.o
 .bss.xYieldPending
                0x20000168        0x4 ./SDK/rtos/FreeRTOS_S32K/Source/tasks.o
 .bss.pxCurrentTimerList
                0x2000016c        0x4 ./SDK/rtos/FreeRTOS_S32K/Source/timers.o
 .bss.pxOverflowTimerList
                0x20000170        0x4 ./SDK/rtos/FreeRTOS_S32K/Source/timers.o
 .bss.xActiveTimerList1
                0x20000174       0x14 ./SDK/rtos/FreeRTOS_S32K/Source/timers.o
 .bss.xActiveTimerList2
                0x20000188       0x14 ./SDK/rtos/FreeRTOS_S32K/Source/timers.o
 .bss.xLastTime.6385
                0x2000019c        0x4 ./SDK/rtos/FreeRTOS_S32K/Source/timers.o
 .bss.xTimerQueue
                0x200001a0        0x4 ./SDK/rtos/FreeRTOS_S32K/Source/timers.o
 .bss.xTimerTaskHandle
                0x200001a4        0x4 ./SDK/rtos/FreeRTOS_S32K/Source/timers.o
 .bss.ucMaxSysCallPriority
                0x200001a8        0x1 ./SDK/rtos/FreeRTOS_S32K/Source/portable/GCC/ARM_CM4F/port.o
 *fill*         0x200001a9        0x3 
 .bss.ulMaxPRIGROUPValue
                0x200001ac        0x4 ./SDK/rtos/FreeRTOS_S32K/Source/portable/GCC/ARM_CM4F/port.o
 .bss.ucHeap    0x200001b0     0x2000 ./SDK/rtos/FreeRTOS_S32K/Source/portable/MemMang/heap_2.o
 .bss.xEnd      0x200021b0        0x8 ./SDK/rtos/FreeRTOS_S32K/Source/portable/MemMang/heap_2.o
 .bss.xHeapHasBeenInitialised.6103
                0x200021b8        0x4 ./SDK/rtos/FreeRTOS_S32K/Source/portable/MemMang/heap_2.o
 .bss.xStart    0x200021bc        0x8 ./SDK/rtos/FreeRTOS_S32K/Source/portable/MemMang/heap_2.o
 .bss.exit_code
                0x200021c4        0x4 ./Sources/main.o
                0x200021c4                exit_code
 *(COMMON)
                0x200021c8                . = ALIGN (0x4)
                0x200021c8                __bss_end__ = .
                0x200021c8                __BSS_END = .

.heap           0x200021c8      0x400
                0x200021c8                . = ALIGN (0x8)
                0x200021c8                __end__ = .
                0x200021c8                __heap_start__ = .
                [!provide]                PROVIDE (end, .)
                [!provide]                PROVIDE (_end, .)
                [!provide]                PROVIDE (__end, .)
                0x200021c8                __HeapBase = .
                0x200025c8                . = (. + HEAP_SIZE)
 *fill*         0x200021c8      0x400 
                0x200025c8                __HeapLimit = .
                0x200025c8                __heap_limit = .
                0x200025c8                __heap_end__ = .
                0x2001f000                __StackTop = (ORIGIN (m_data_2) + LENGTH (m_data_2))
                0x2001ec00                __StackLimit = (__StackTop - STACK_SIZE)
                0x2001f000                PROVIDE (__stack, __StackTop)
                0x2001f000                __RAM_END = __StackTop

.stack          0x2001ec00      0x400
                0x2001ec00                . = ALIGN (0x8)
                0x2001ec00                __stack_start__ = .
                0x2001f000                . = (. + STACK_SIZE)
 *fill*         0x2001ec00      0x400 
                0x2001f000                __stack_end__ = .

.ARM.attributes
                0x00000000       0x30
 *(.ARM.attributes)
 .ARM.attributes
                0x00000000       0x22 f:/nxp/s32ds_arm_v2.2/s32ds/build_tools/gcc_v6.3/gcc-6.3-arm32-eabi/bin/../lib/gcc/arm-none-eabi/6.3.1/thumb/v7e-m/fpv4-sp/hard/crti.o
 .ARM.attributes
                0x00000022       0x39 ./Generated_Code/clockMan1.o
 .ARM.attributes
                0x0000005b       0x39 ./Generated_Code/pin_mux.o
 .ARM.attributes
                0x00000094       0x1f ./Project_Settings/Startup_Code/startup_S32K148.o
 .ARM.attributes
                0x000000b3       0x39 ./SDK/platform/devices/S32K148/startup/system_S32K148.o
 .ARM.attributes
                0x000000ec       0x39 ./SDK/platform/devices/startup.o
 .ARM.attributes
                0x00000125       0x39 ./SDK/platform/drivers/src/clock/S32K1xx/clock_S32K1xx.o
 .ARM.attributes
                0x0000015e       0x39 ./SDK/platform/drivers/src/interrupt/interrupt_manager.o
 .ARM.attributes
                0x00000197       0x39 ./SDK/platform/drivers/src/pins/pins_driver.o
 .ARM.attributes
                0x000001d0       0x39 ./SDK/platform/drivers/src/pins/pins_port_hw_access.o
 .ARM.attributes
                0x00000209       0x39 ./SDK/rtos/FreeRTOS_S32K/Source/list.o
 .ARM.attributes
                0x00000242       0x39 ./SDK/rtos/FreeRTOS_S32K/Source/queue.o
 .ARM.attributes
                0x0000027b       0x39 ./SDK/rtos/FreeRTOS_S32K/Source/tasks.o
 .ARM.attributes
                0x000002b4       0x39 ./SDK/rtos/FreeRTOS_S32K/Source/timers.o
 .ARM.attributes
                0x000002ed       0x39 ./SDK/rtos/FreeRTOS_S32K/Source/portable/GCC/ARM_CM4F/port.o
 .ARM.attributes
                0x00000326       0x39 ./SDK/rtos/FreeRTOS_S32K/Source/portable/MemMang/heap_2.o
 .ARM.attributes
                0x0000035f       0x39 ./Sources/main.o
 .ARM.attributes
                0x00000398       0x34 F:/NXP/S32DS_ARM_v2.2/S32DS/build_tools/gcc_v6.3/gcc-6.3-arm32-eabi/arm-none-eabi/newlib/lib/thumb/v7e-m/fpv4-sp/hard\libc_nano.a(lib_a-memcpy-stub.o)
 .ARM.attributes
                0x000003cc       0x34 F:/NXP/S32DS_ARM_v2.2/S32DS/build_tools/gcc_v6.3/gcc-6.3-arm32-eabi/arm-none-eabi/newlib/lib/thumb/v7e-m/fpv4-sp/hard\libc_nano.a(lib_a-memset.o)
                0x00000001                ASSERT ((__StackLimit >= __HeapLimit), region m_data_2 overflowed with stack and heap)
OUTPUT(LAB8.elf elf32-littlearm)

.debug_info     0x00000000    0x14f60
 .debug_info    0x00000000     0x1672 ./Generated_Code/clockMan1.o
 .debug_info    0x00001672      0x406 ./Generated_Code/pin_mux.o
 .debug_info    0x00001a78       0x26 ./Project_Settings/Startup_Code/startup_S32K148.o
 .debug_info    0x00001a9e      0x65f ./SDK/platform/devices/S32K148/startup/system_S32K148.o
 .debug_info    0x000020fd      0x2ad ./SDK/platform/devices/startup.o
 .debug_info    0x000023aa     0x62f8 ./SDK/platform/drivers/src/clock/S32K1xx/clock_S32K1xx.o
 .debug_info    0x000086a2      0x9a4 ./SDK/platform/drivers/src/interrupt/interrupt_manager.o
 .debug_info    0x00009046     0x13d8 ./SDK/platform/drivers/src/pins/pins_driver.o
 .debug_info    0x0000a41e      0x8a8 ./SDK/platform/drivers/src/pins/pins_port_hw_access.o
 .debug_info    0x0000acc6      0xaa8 ./SDK/rtos/FreeRTOS_S32K/Source/list.o
 .debug_info    0x0000b76e     0x2633 ./SDK/rtos/FreeRTOS_S32K/Source/queue.o
 .debug_info    0x0000dda1     0x2fbd ./SDK/rtos/FreeRTOS_S32K/Source/tasks.o
 .debug_info    0x00010d5e     0x1a72 ./SDK/rtos/FreeRTOS_S32K/Source/timers.o
 .debug_info    0x000127d0      0x560 ./SDK/rtos/FreeRTOS_S32K/Source/portable/GCC/ARM_CM4F/port.o
 .debug_info    0x00012d30      0xb4a ./SDK/rtos/FreeRTOS_S32K/Source/portable/MemMang/heap_2.o
 .debug_info    0x0001387a     0x16e6 ./Sources/main.o

.debug_abbrev   0x00000000     0x21e1
 .debug_abbrev  0x00000000      0x13a ./Generated_Code/clockMan1.o
 .debug_abbrev  0x0000013a       0xca ./Generated_Code/pin_mux.o
 .debug_abbrev  0x00000204       0x14 ./Project_Settings/Startup_Code/startup_S32K148.o
 .debug_abbrev  0x00000218      0x140 ./SDK/platform/devices/S32K148/startup/system_S32K148.o
 .debug_abbrev  0x00000358       0xe0 ./SDK/platform/devices/startup.o
 .debug_abbrev  0x00000438      0x3f2 ./SDK/platform/drivers/src/clock/S32K1xx/clock_S32K1xx.o
 .debug_abbrev  0x0000082a      0x1ce ./SDK/platform/drivers/src/interrupt/interrupt_manager.o
 .debug_abbrev  0x000009f8      0x2db ./SDK/platform/drivers/src/pins/pins_driver.o
 .debug_abbrev  0x00000cd3      0x1f5 ./SDK/platform/drivers/src/pins/pins_port_hw_access.o
 .debug_abbrev  0x00000ec8      0x1d9 ./SDK/rtos/FreeRTOS_S32K/Source/list.o
 .debug_abbrev  0x000010a1      0x380 ./SDK/rtos/FreeRTOS_S32K/Source/queue.o
 .debug_abbrev  0x00001421      0x3c0 ./SDK/rtos/FreeRTOS_S32K/Source/tasks.o
 .debug_abbrev  0x000017e1      0x386 ./SDK/rtos/FreeRTOS_S32K/Source/timers.o
 .debug_abbrev  0x00001b67      0x229 ./SDK/rtos/FreeRTOS_S32K/Source/portable/GCC/ARM_CM4F/port.o
 .debug_abbrev  0x00001d90      0x27b ./SDK/rtos/FreeRTOS_S32K/Source/portable/MemMang/heap_2.o
 .debug_abbrev  0x0000200b      0x1d6 ./Sources/main.o

.debug_aranges  0x00000000      0x7b0
 .debug_aranges
                0x00000000       0x18 ./Generated_Code/clockMan1.o
 .debug_aranges
                0x00000018       0x18 ./Generated_Code/pin_mux.o
 .debug_aranges
                0x00000030       0x20 ./Project_Settings/Startup_Code/startup_S32K148.o
 .debug_aranges
                0x00000050       0x30 ./SDK/platform/devices/S32K148/startup/system_S32K148.o
 .debug_aranges
                0x00000080       0x20 ./SDK/platform/devices/startup.o
 .debug_aranges
                0x000000a0      0x130 ./SDK/platform/drivers/src/clock/S32K1xx/clock_S32K1xx.o
 .debug_aranges
                0x000001d0       0x70 ./SDK/platform/drivers/src/interrupt/interrupt_manager.o
 .debug_aranges
                0x00000240       0xe0 ./SDK/platform/drivers/src/pins/pins_driver.o
 .debug_aranges
                0x00000320       0x40 ./SDK/platform/drivers/src/pins/pins_port_hw_access.o
 .debug_aranges
                0x00000360       0x40 ./SDK/rtos/FreeRTOS_S32K/Source/list.o
 .debug_aranges
                0x000003a0       0xf0 ./SDK/rtos/FreeRTOS_S32K/Source/queue.o
 .debug_aranges
                0x00000490      0x1a8 ./SDK/rtos/FreeRTOS_S32K/Source/tasks.o
 .debug_aranges
                0x00000638       0x98 ./SDK/rtos/FreeRTOS_S32K/Source/timers.o
 .debug_aranges
                0x000006d0       0x80 ./SDK/rtos/FreeRTOS_S32K/Source/portable/GCC/ARM_CM4F/port.o
 .debug_aranges
                0x00000750       0x38 ./SDK/rtos/FreeRTOS_S32K/Source/portable/MemMang/heap_2.o
 .debug_aranges
                0x00000788       0x28 ./Sources/main.o

.debug_line     0x00000000     0x4ca9
 .debug_line    0x00000000      0x2dc ./Generated_Code/clockMan1.o
 .debug_line    0x000002dc      0x1c4 ./Generated_Code/pin_mux.o
 .debug_line    0x000004a0       0x84 ./Project_Settings/Startup_Code/startup_S32K148.o
 .debug_line    0x00000524      0x1f4 ./SDK/platform/devices/S32K148/startup/system_S32K148.o
 .debug_line    0x00000718      0x177 ./SDK/platform/devices/startup.o
 .debug_line    0x0000088f     0x11ce ./SDK/platform/drivers/src/clock/S32K1xx/clock_S32K1xx.o
 .debug_line    0x00001a5d      0x2e8 ./SDK/platform/drivers/src/interrupt/interrupt_manager.o
 .debug_line    0x00001d45      0x49d ./SDK/platform/drivers/src/pins/pins_driver.o
 .debug_line    0x000021e2      0x2d5 ./SDK/platform/drivers/src/pins/pins_port_hw_access.o
 .debug_line    0x000024b7      0x2f0 ./SDK/rtos/FreeRTOS_S32K/Source/list.o
 .debug_line    0x000027a7      0x8a9 ./SDK/rtos/FreeRTOS_S32K/Source/queue.o
 .debug_line    0x00003050      0xc93 ./SDK/rtos/FreeRTOS_S32K/Source/tasks.o
 .debug_line    0x00003ce3      0x52a ./SDK/rtos/FreeRTOS_S32K/Source/timers.o
 .debug_line    0x0000420d      0x397 ./SDK/rtos/FreeRTOS_S32K/Source/portable/GCC/ARM_CM4F/port.o
 .debug_line    0x000045a4      0x31d ./SDK/rtos/FreeRTOS_S32K/Source/portable/MemMang/heap_2.o
 .debug_line    0x000048c1      0x3e8 ./Sources/main.o

.debug_str      0x00000000     0x74e5
 .debug_str     0x00000000     0x27cb ./Generated_Code/clockMan1.o
                               0x286c (size before relaxing)
 .debug_str     0x000027cb       0x1c ./Generated_Code/pin_mux.o
                                0x5e3 (size before relaxing)
 .debug_str     0x000027e7       0x3f ./Project_Settings/Startup_Code/startup_S32K148.o
                                 0x6a (size before relaxing)
 .debug_str     0x00002826      0x217 ./SDK/platform/devices/S32K148/startup/system_S32K148.o
                                0x459 (size before relaxing)
 .debug_str     0x00002a3d      0x20c ./SDK/platform/devices/startup.o
                                0x413 (size before relaxing)
 .debug_str     0x00002c49     0x17c2 ./SDK/platform/drivers/src/clock/S32K1xx/clock_S32K1xx.o
                               0x3cfc (size before relaxing)
 .debug_str     0x0000440b      0x9f6 ./SDK/platform/drivers/src/interrupt/interrupt_manager.o
                                0xd07 (size before relaxing)
 .debug_str     0x00004e01      0x5e6 ./SDK/platform/drivers/src/pins/pins_driver.o
                               0x142f (size before relaxing)
 .debug_str     0x000053e7      0x1a2 ./SDK/platform/drivers/src/pins/pins_port_hw_access.o
                                0x917 (size before relaxing)
 .debug_str     0x00005589      0x540 ./SDK/rtos/FreeRTOS_S32K/Source/list.o
                                0x77d (size before relaxing)
 .debug_str     0x00005ac9      0x78e ./SDK/rtos/FreeRTOS_S32K/Source/queue.o
                                0xec2 (size before relaxing)
 .debug_str     0x00006257      0xab0 ./SDK/rtos/FreeRTOS_S32K/Source/tasks.o
                               0x14d1 (size before relaxing)
 .debug_str     0x00006d07      0x4d7 ./SDK/rtos/FreeRTOS_S32K/Source/timers.o
                                0xdae (size before relaxing)
 .debug_str     0x000071de      0x186 ./SDK/rtos/FreeRTOS_S32K/Source/portable/GCC/ARM_CM4F/port.o
                                0x4cd (size before relaxing)
 .debug_str     0x00007364      0x14f ./SDK/rtos/FreeRTOS_S32K/Source/portable/MemMang/heap_2.o
                                0x7e7 (size before relaxing)
 .debug_str     0x000074b3       0x32 ./Sources/main.o
                               0x24af (size before relaxing)

.comment        0x00000000       0xa0
 .comment       0x00000000       0xa0 ./Generated_Code/clockMan1.o
                                 0xa1 (size before relaxing)
 .comment       0x000000a0       0xa1 ./Generated_Code/pin_mux.o
 .comment       0x000000a0       0xa1 ./SDK/platform/devices/S32K148/startup/system_S32K148.o
 .comment       0x000000a0       0xa1 ./SDK/platform/devices/startup.o
 .comment       0x000000a0       0xa1 ./SDK/platform/drivers/src/clock/S32K1xx/clock_S32K1xx.o
 .comment       0x000000a0       0xa1 ./SDK/platform/drivers/src/interrupt/interrupt_manager.o
 .comment       0x000000a0       0xa1 ./SDK/platform/drivers/src/pins/pins_driver.o
 .comment       0x000000a0       0xa1 ./SDK/platform/drivers/src/pins/pins_port_hw_access.o
 .comment       0x000000a0       0xa1 ./SDK/rtos/FreeRTOS_S32K/Source/list.o
 .comment       0x000000a0       0xa1 ./SDK/rtos/FreeRTOS_S32K/Source/queue.o
 .comment       0x000000a0       0xa1 ./SDK/rtos/FreeRTOS_S32K/Source/tasks.o
 .comment       0x000000a0       0xa1 ./SDK/rtos/FreeRTOS_S32K/Source/timers.o
 .comment       0x000000a0       0xa1 ./SDK/rtos/FreeRTOS_S32K/Source/portable/GCC/ARM_CM4F/port.o
 .comment       0x000000a0       0xa1 ./SDK/rtos/FreeRTOS_S32K/Source/portable/MemMang/heap_2.o
 .comment       0x000000a0       0xa1 ./Sources/main.o

.debug_loc      0x00000000     0xa328
 .debug_loc     0x00000000       0xeb ./SDK/platform/devices/S32K148/startup/system_S32K148.o
 .debug_loc     0x000000eb       0xec ./SDK/platform/devices/startup.o
 .debug_loc     0x000001d7     0x54cf ./SDK/platform/drivers/src/clock/S32K1xx/clock_S32K1xx.o
 .debug_loc     0x000056a6      0x24b ./SDK/platform/drivers/src/interrupt/interrupt_manager.o
 .debug_loc     0x000058f1      0x77f ./SDK/platform/drivers/src/pins/pins_driver.o
 .debug_loc     0x00006070      0x56a ./SDK/platform/drivers/src/pins/pins_port_hw_access.o
 .debug_loc     0x000065da       0x65 ./SDK/rtos/FreeRTOS_S32K/Source/list.o
 .debug_loc     0x0000663f     0x12e6 ./SDK/rtos/FreeRTOS_S32K/Source/queue.o
 .debug_loc     0x00007925     0x1c19 ./SDK/rtos/FreeRTOS_S32K/Source/tasks.o
 .debug_loc     0x0000953e      0xa98 ./SDK/rtos/FreeRTOS_S32K/Source/timers.o
 .debug_loc     0x00009fd6       0xdc ./SDK/rtos/FreeRTOS_S32K/Source/portable/GCC/ARM_CM4F/port.o
 .debug_loc     0x0000a0b2      0x255 ./SDK/rtos/FreeRTOS_S32K/Source/portable/MemMang/heap_2.o
 .debug_loc     0x0000a307       0x21 ./Sources/main.o

.debug_ranges   0x00000000      0xbe0
 .debug_ranges  0x00000000       0x20 ./SDK/platform/devices/S32K148/startup/system_S32K148.o
 .debug_ranges  0x00000020       0x10 ./SDK/platform/devices/startup.o
 .debug_ranges  0x00000030      0x3b8 ./SDK/platform/drivers/src/clock/S32K1xx/clock_S32K1xx.o
 .debug_ranges  0x000003e8       0x98 ./SDK/platform/drivers/src/interrupt/interrupt_manager.o
 .debug_ranges  0x00000480       0xd0 ./SDK/platform/drivers/src/pins/pins_driver.o
 .debug_ranges  0x00000550       0x30 ./SDK/platform/drivers/src/pins/pins_port_hw_access.o
 .debug_ranges  0x00000580       0x30 ./SDK/rtos/FreeRTOS_S32K/Source/list.o
 .debug_ranges  0x000005b0      0x248 ./SDK/rtos/FreeRTOS_S32K/Source/queue.o
 .debug_ranges  0x000007f8      0x260 ./SDK/rtos/FreeRTOS_S32K/Source/tasks.o
 .debug_ranges  0x00000a58       0xd8 ./SDK/rtos/FreeRTOS_S32K/Source/timers.o
 .debug_ranges  0x00000b30       0x70 ./SDK/rtos/FreeRTOS_S32K/Source/portable/GCC/ARM_CM4F/port.o
 .debug_ranges  0x00000ba0       0x28 ./SDK/rtos/FreeRTOS_S32K/Source/portable/MemMang/heap_2.o
 .debug_ranges  0x00000bc8       0x18 ./Sources/main.o

.debug_frame    0x00000000     0x1424
 .debug_frame   0x00000000       0x40 ./SDK/platform/devices/S32K148/startup/system_S32K148.o
 .debug_frame   0x00000040       0x2c ./SDK/platform/devices/startup.o
 .debug_frame   0x0000006c      0x3ac ./SDK/platform/drivers/src/clock/S32K1xx/clock_S32K1xx.o
 .debug_frame   0x00000418       0xcc ./SDK/platform/drivers/src/interrupt/interrupt_manager.o
 .debug_frame   0x000004e4      0x1e4 ./SDK/platform/drivers/src/pins/pins_driver.o
 .debug_frame   0x000006c8       0x98 ./SDK/platform/drivers/src/pins/pins_port_hw_access.o
 .debug_frame   0x00000760       0x6c ./SDK/rtos/FreeRTOS_S32K/Source/list.o
 .debug_frame   0x000007cc      0x338 ./SDK/rtos/FreeRTOS_S32K/Source/queue.o
 .debug_frame   0x00000b04      0x550 ./SDK/rtos/FreeRTOS_S32K/Source/tasks.o
 .debug_frame   0x00001054      0x1d0 ./SDK/rtos/FreeRTOS_S32K/Source/timers.o
 .debug_frame   0x00001224      0x100 ./SDK/rtos/FreeRTOS_S32K/Source/portable/GCC/ARM_CM4F/port.o
 .debug_frame   0x00001324       0x70 ./SDK/rtos/FreeRTOS_S32K/Source/portable/MemMang/heap_2.o
 .debug_frame   0x00001394       0x48 ./Sources/main.o
 .debug_frame   0x000013dc       0x28 F:/NXP/S32DS_ARM_v2.2/S32DS/build_tools/gcc_v6.3/gcc-6.3-arm32-eabi/arm-none-eabi/newlib/lib/thumb/v7e-m/fpv4-sp/hard\libc_nano.a(lib_a-memcpy-stub.o)
 .debug_frame   0x00001404       0x20 F:/NXP/S32DS_ARM_v2.2/S32DS/build_tools/gcc_v6.3/gcc-6.3-arm32-eabi/arm-none-eabi/newlib/lib/thumb/v7e-m/fpv4-sp/hard\libc_nano.a(lib_a-memset.o)
