Archive member included to satisfy reference by file (symbol)

F:/NXP/S32DS_ARM_v2.2/S32DS/build_tools/gcc_v6.3/gcc-6.3-arm32-eabi/arm-none-eabi/newlib/lib/thumb/v7e-m/fpv4-sp/hard\libc_nano.a(lib_a-exit.o)
                              F:/NXP/S32DS_ARM_v2.2/S32DS/build_tools/gcc_v6.3/gcc-6.3-arm32-eabi/arm-none-eabi/newlib/lib/thumb/v7e-m/fpv4-sp/hard/crt0.o (exit)
F:/NXP/S32DS_ARM_v2.2/S32DS/build_tools/gcc_v6.3/gcc-6.3-arm32-eabi/arm-none-eabi/newlib/lib/thumb/v7e-m/fpv4-sp/hard\libc_nano.a(lib_a-impure.o)
                              F:/NXP/S32DS_ARM_v2.2/S32DS/build_tools/gcc_v6.3/gcc-6.3-arm32-eabi/arm-none-eabi/newlib/lib/thumb/v7e-m/fpv4-sp/hard\libc_nano.a(lib_a-exit.o) (_global_impure_ptr)
F:/NXP/S32DS_ARM_v2.2/S32DS/build_tools/gcc_v6.3/gcc-6.3-arm32-eabi/arm-none-eabi/newlib/lib/thumb/v7e-m/fpv4-sp/hard\libc_nano.a(lib_a-init.o)
                              F:/NXP/S32DS_ARM_v2.2/S32DS/build_tools/gcc_v6.3/gcc-6.3-arm32-eabi/arm-none-eabi/newlib/lib/thumb/v7e-m/fpv4-sp/hard/crt0.o (__libc_init_array)
F:/NXP/S32DS_ARM_v2.2/S32DS/build_tools/gcc_v6.3/gcc-6.3-arm32-eabi/arm-none-eabi/newlib/lib/thumb/v7e-m/fpv4-sp/hard\libc_nano.a(lib_a-memcpy-stub.o)
                              ./SDK/rtos/FreeRTOS_S32K/Source/queue.o (memcpy)
F:/NXP/S32DS_ARM_v2.2/S32DS/build_tools/gcc_v6.3/gcc-6.3-arm32-eabi/arm-none-eabi/newlib/lib/thumb/v7e-m/fpv4-sp/hard\libc_nano.a(lib_a-memset.o)
                              F:/NXP/S32DS_ARM_v2.2/S32DS/build_tools/gcc_v6.3/gcc-6.3-arm32-eabi/arm-none-eabi/newlib/lib/thumb/v7e-m/fpv4-sp/hard/crt0.o (memset)
F:/NXP/S32DS_ARM_v2.2/S32DS/build_tools/gcc_v6.3/gcc-6.3-arm32-eabi/arm-none-eabi/newlib/lib/thumb/v7e-m/fpv4-sp/hard\libc_nano.a(lib_a-strlen.o)
                              ./SDK/rtos/FreeRTOS_S32K/Source/tasks.o (strlen)
F:/NXP/S32DS_ARM_v2.2/S32DS/build_tools/gcc_v6.3/gcc-6.3-arm32-eabi/arm-none-eabi/newlib/lib/thumb/v7e-m/fpv4-sp/hard\libnosys.a(_exit.o)
                              F:/NXP/S32DS_ARM_v2.2/S32DS/build_tools/gcc_v6.3/gcc-6.3-arm32-eabi/arm-none-eabi/newlib/lib/thumb/v7e-m/fpv4-sp/hard\libc_nano.a(lib_a-exit.o) (_exit)

Allocating common symbols
Common symbol       size              file

g_xtal0ClkFreq      0x4               ./SDK/platform/drivers/src/clock/S32K1xx/clock_S32K1xx.o
xQueueRegistry      0x40              ./SDK/rtos/FreeRTOS_S32K/Source/queue.o
g_RtcClkInFreq      0x4               ./SDK/platform/drivers/src/clock/S32K1xx/clock_S32K1xx.o
g_TClkFreq          0xc               ./SDK/platform/drivers/src/clock/S32K1xx/clock_S32K1xx.o

Discarded input sections

 .text          0x00000000        0x0 f:/nxp/s32ds_arm_v2.2/s32ds/build_tools/gcc_v6.3/gcc-6.3-arm32-eabi/bin/../lib/gcc/arm-none-eabi/6.3.1/thumb/v7e-m/fpv4-sp/hard/crti.o
 .data          0x00000000        0x0 f:/nxp/s32ds_arm_v2.2/s32ds/build_tools/gcc_v6.3/gcc-6.3-arm32-eabi/bin/../lib/gcc/arm-none-eabi/6.3.1/thumb/v7e-m/fpv4-sp/hard/crti.o
 .bss           0x00000000        0x0 f:/nxp/s32ds_arm_v2.2/s32ds/build_tools/gcc_v6.3/gcc-6.3-arm32-eabi/bin/../lib/gcc/arm-none-eabi/6.3.1/thumb/v7e-m/fpv4-sp/hard/crti.o
 .text          0x00000000       0xa4 f:/nxp/s32ds_arm_v2.2/s32ds/build_tools/gcc_v6.3/gcc-6.3-arm32-eabi/bin/../lib/gcc/arm-none-eabi/6.3.1/thumb/v7e-m/fpv4-sp/hard/crtbegin.o
 .data          0x00000000        0x4 f:/nxp/s32ds_arm_v2.2/s32ds/build_tools/gcc_v6.3/gcc-6.3-arm32-eabi/bin/../lib/gcc/arm-none-eabi/6.3.1/thumb/v7e-m/fpv4-sp/hard/crtbegin.o
 .bss           0x00000000       0x1c f:/nxp/s32ds_arm_v2.2/s32ds/build_tools/gcc_v6.3/gcc-6.3-arm32-eabi/bin/../lib/gcc/arm-none-eabi/6.3.1/thumb/v7e-m/fpv4-sp/hard/crtbegin.o
 .init_array    0x00000000        0x4 f:/nxp/s32ds_arm_v2.2/s32ds/build_tools/gcc_v6.3/gcc-6.3-arm32-eabi/bin/../lib/gcc/arm-none-eabi/6.3.1/thumb/v7e-m/fpv4-sp/hard/crtbegin.o
 .fini_array    0x00000000        0x4 f:/nxp/s32ds_arm_v2.2/s32ds/build_tools/gcc_v6.3/gcc-6.3-arm32-eabi/bin/../lib/gcc/arm-none-eabi/6.3.1/thumb/v7e-m/fpv4-sp/hard/crtbegin.o
 .eh_frame      0x00000000        0x0 f:/nxp/s32ds_arm_v2.2/s32ds/build_tools/gcc_v6.3/gcc-6.3-arm32-eabi/bin/../lib/gcc/arm-none-eabi/6.3.1/thumb/v7e-m/fpv4-sp/hard/crtbegin.o
 .jcr           0x00000000        0x0 f:/nxp/s32ds_arm_v2.2/s32ds/build_tools/gcc_v6.3/gcc-6.3-arm32-eabi/bin/../lib/gcc/arm-none-eabi/6.3.1/thumb/v7e-m/fpv4-sp/hard/crtbegin.o
 .tm_clone_table
                0x00000000        0x0 f:/nxp/s32ds_arm_v2.2/s32ds/build_tools/gcc_v6.3/gcc-6.3-arm32-eabi/bin/../lib/gcc/arm-none-eabi/6.3.1/thumb/v7e-m/fpv4-sp/hard/crtbegin.o
 .comment       0x00000000       0xa1 f:/nxp/s32ds_arm_v2.2/s32ds/build_tools/gcc_v6.3/gcc-6.3-arm32-eabi/bin/../lib/gcc/arm-none-eabi/6.3.1/thumb/v7e-m/fpv4-sp/hard/crtbegin.o
 .ARM.attributes
                0x00000000       0x34 f:/nxp/s32ds_arm_v2.2/s32ds/build_tools/gcc_v6.3/gcc-6.3-arm32-eabi/bin/../lib/gcc/arm-none-eabi/6.3.1/thumb/v7e-m/fpv4-sp/hard/crtbegin.o
[...]
Memory Configuration

Name             Origin             Length             Attributes
m_interrupts     0x1ffe0000         0x00000400         xr
m_text           0x1ffe0400         0x0001fc00         xr
m_data           0x20000000         0x0001f000         rw
*default*        0x00000000         0xffffffff

Linker script and memory map

LOAD f:/nxp/s32ds_arm_v2.2/s32ds/build_tools/gcc_v6.3/gcc-6.3-arm32-eabi/bin/../lib/gcc/arm-none-eabi/6.3.1/thumb/v7e-m/fpv4-sp/hard/crti.o
LOAD f:/nxp/s32ds_arm_v2.2/s32ds/build_tools/gcc_v6.3/gcc-6.3-arm32-eabi/bin/../lib/gcc/arm-none-eabi/6.3.1/thumb/v7e-m/fpv4-sp/hard/crtbegin.o
LOAD F:/NXP/S32DS_ARM_v2.2/S32DS/build_tools/gcc_v6.3/gcc-6.3-arm32-eabi/arm-none-eabi/newlib/lib/thumb/v7e-m/fpv4-sp/hard/crt0.o
LOAD ./Generated_Code/Cpu.o
LOAD ./Generated_Code/clockMan1.o
LOAD ./Generated_Code/pin_mux.o
LOAD ./Project_Settings/Startup_Code/startup_S32K148.o
LOAD ./SDK/platform/devices/S32K148/startup/system_S32K148.o
LOAD ./SDK/platform/devices/startup.o
LOAD ./SDK/platform/drivers/src/clock/S32K1xx/clock_S32K1xx.o
LOAD ./SDK/platform/drivers/src/interrupt/interrupt_manager.o
LOAD ./SDK/platform/drivers/src/pins/pins_driver.o
LOAD ./SDK/platform/drivers/src/pins/pins_port_hw_access.o
LOAD ./SDK/rtos/FreeRTOS_S32K/Source/croutine.o
LOAD ./SDK/rtos/FreeRTOS_S32K/Source/event_groups.o
LOAD ./SDK/rtos/FreeRTOS_S32K/Source/list.o
LOAD ./SDK/rtos/FreeRTOS_S32K/Source/queue.o
LOAD ./SDK/rtos/FreeRTOS_S32K/Source/stream_buffer.o
LOAD ./SDK/rtos/FreeRTOS_S32K/Source/tasks.o
LOAD ./SDK/rtos/FreeRTOS_S32K/Source/timers.o
LOAD ./SDK/rtos/FreeRTOS_S32K/Source/portable/GCC/ARM_CM4F/port.o
LOAD ./SDK/rtos/FreeRTOS_S32K/Source/portable/MemMang/heap_2.o
LOAD ./Sources/main.o
LOAD ./Sources/rtos.o
START GROUP
LOAD f:/nxp/s32ds_arm_v2.2/s32ds/build_tools/gcc_v6.3/gcc-6.3-arm32-eabi/bin/../lib/gcc/arm-none-eabi/6.3.1/thumb/v7e-m/fpv4-sp/hard\libgcc.a
LOAD F:/NXP/S32DS_ARM_v2.2/S32DS/build_tools/gcc_v6.3/gcc-6.3-arm32-eabi/arm-none-eabi/newlib/lib/thumb/v7e-m/fpv4-sp/hard\libc_nano.a
END GROUP
START GROUP
LOAD f:/nxp/s32ds_arm_v2.2/s32ds/build_tools/gcc_v6.3/gcc-6.3-arm32-eabi/bin/../lib/gcc/arm-none-eabi/6.3.1/thumb/v7e-m/fpv4-sp/hard\libgcc.a
LOAD F:/NXP/S32DS_ARM_v2.2/S32DS/build_tools/gcc_v6.3/gcc-6.3-arm32-eabi/arm-none-eabi/newlib/lib/thumb/v7e-m/fpv4-sp/hard\libc_nano.a
LOAD F:/NXP/S32DS_ARM_v2.2/S32DS/build_tools/gcc_v6.3/gcc-6.3-arm32-eabi/arm-none-eabi/newlib/lib/thumb/v7e-m/fpv4-sp/hard\libnosys.a
END GROUP
START GROUP
LOAD f:/nxp/s32ds_arm_v2.2/s32ds/build_tools/gcc_v6.3/gcc-6.3-arm32-eabi/bin/../lib/gcc/arm-none-eabi/6.3.1/thumb/v7e-m/fpv4-sp/hard\libgcc.a
LOAD F:/NXP/S32DS_ARM_v2.2/S32DS/build_tools/gcc_v6.3/gcc-6.3-arm32-eabi/arm-none-eabi/newlib/lib/thumb/v7e-m/fpv4-sp/hard\libc_nano.a
LOAD F:/NXP/S32DS_ARM_v2.2/S32DS/build_tools/gcc_v6.3/gcc-6.3-arm32-eabi/arm-none-eabi/newlib/lib/thumb/v7e-m/fpv4-sp/hard\libnosys.a
END GROUP
LOAD f:/nxp/s32ds_arm_v2.2/s32ds/build_tools/gcc_v6.3/gcc-6.3-arm32-eabi/bin/../lib/gcc/arm-none-eabi/6.3.1/thumb/v7e-m/fpv4-sp/hard/crtend.o
LOAD f:/nxp/s32ds_arm_v2.2/s32ds/build_tools/gcc_v6.3/gcc-6.3-arm32-eabi/bin/../lib/gcc/arm-none-eabi/6.3.1/thumb/v7e-m/fpv4-sp/hard/crtn.o
                0x00000400                HEAP_SIZE = DEFINED (__heap_size__)?__heap_size__:0x400
                0x00000400                STACK_SIZE = DEFINED (__stack_size__)?__stack_size__:0x400

.interrupts     0x1ffe0000      0x400
                0x1ffe0000                __VECTOR_TABLE = .
                0x1ffe0000                __interrupts_start__ = .
                0x1ffe0000                . = ALIGN (0x4)
 *(.isr_vector)
 .isr_vector    0x1ffe0000      0x400 ./Project_Settings/Startup_Code/startup_S32K148.o
                0x1ffe0000                __isr_vector
                0x1ffe0400                __interrupts_end__ = .
                0x1ffe0400                . = ALIGN (0x4)
                0x1ffe0000                __VECTOR_RAM = __VECTOR_TABLE
                0x00000000                __RAM_VECTOR_TABLE_SIZE = 0x0

.text           0x1ffe0400     0x2e60
                0x1ffe0400                . = ALIGN (0x4)
 *(.text)
 .text          0x1ffe0400       0x4c ./Project_Settings/Startup_Code/startup_S32K148.o
                0x1ffe0400                Reset_Handler
                0x1ffe0448                FTM5_Ch2_Ch3_IRQHandler
                0x1ffe0448                DebugMon_Handler
                0x1ffe0448                CAN0_ORed_IRQHandler
                0x1ffe0448                HardFault_Handler
                0x1ffe0448                FTM7_Ch2_Ch3_IRQHandler
                0x1ffe0448                Reserved103_IRQHandler
                0x1ffe0448                FTM7_Ch6_Ch7_IRQHandler
                0x1ffe0448                FTM2_Ovf_Reload_IRQHandler
                0x1ffe0448                Reserved50_IRQHandler
                0x1ffe0448                FTFC_Fault_IRQHandler
                0x1ffe0448                FTM0_Ch6_Ch7_IRQHandler
                0x1ffe0448                Reserved114_IRQHandler
                0x1ffe0448                NMI_Handler
                0x1ffe0448                ERM_double_fault_IRQHandler
                0x1ffe0448                DMA2_IRQHandler
                0x1ffe0448                Reserved59_IRQHandler
                0x1ffe0448                LPIT0_Ch0_IRQHandler
                0x1ffe0448                Reserved99_IRQHandler
                0x1ffe0448                FTM7_Ch4_Ch5_IRQHandler
                0x1ffe0448                FTM3_Ch6_Ch7_IRQHandler
                0x1ffe0448                CAN2_ORed_0_15_MB_IRQHandler
                0x1ffe0448                LPIT0_Ch3_IRQHandler
                0x1ffe0448                LPI2C1_Master_IRQHandler
                0x1ffe0448                FTM0_Ch4_Ch5_IRQHandler
                0x1ffe0448                CAN1_Error_IRQHandler
                0x1ffe0448                FTM4_Ch6_Ch7_IRQHandler
                0x1ffe0448                FTM3_Ch0_Ch1_IRQHandler
                0x1ffe0448                SWI_IRQHandler
                0x1ffe0448                ADC0_IRQHandler
                0x1ffe0448                FTM2_Ch4_Ch5_IRQHandler
                0x1ffe0448                UsageFault_Handler
                0x1ffe0448                FTM0_Ovf_Reload_IRQHandler
                0x1ffe0448                FTM4_Fault_IRQHandler
                0x1ffe0448                DefaultISR
                0x1ffe0448                DMA9_IRQHandler
                0x1ffe0448                Reserved58_IRQHandler
                0x1ffe0448                FTM7_Fault_IRQHandler
                0x1ffe0448                LPI2C1_Slave_IRQHandler
                0x1ffe0448                CAN1_ORed_0_15_MB_IRQHandler
                0x1ffe0448                FTM1_Ch2_Ch3_IRQHandler
                0x1ffe0448                DMA14_IRQHandler
                0x1ffe0448                Reserved82_IRQHandler
                0x1ffe0448                CAN0_ORed_16_31_MB_IRQHandler
                0x1ffe0448                LPI2C0_Slave_IRQHandler
                0x1ffe0448                PORTD_IRQHandler
                0x1ffe0448                SAI1_Rx_IRQHandler
                0x1ffe0448                Reserved69_IRQHandler
                0x1ffe0448                PORTB_IRQHandler
                0x1ffe0448                Reserved70_IRQHandler
                0x1ffe0448                ADC1_IRQHandler
                0x1ffe0448                FTM2_Ch2_Ch3_IRQHandler
                0x1ffe0448                FTM5_Ch0_Ch1_IRQHandler
                0x1ffe0448                Reserved53_IRQHandler
                0x1ffe0448                DMA5_IRQHandler
                0x1ffe0448                RTC_IRQHandler
                0x1ffe0448                PDB0_IRQHandler
                0x1ffe0448                Reserved54_IRQHandler
                0x1ffe0448                FTM6_Fault_IRQHandler
                0x1ffe0448                FTM2_Ch6_Ch7_IRQHandler
                0x1ffe0448                FTM6_Ch4_Ch5_IRQHandler
                0x1ffe0448                FTM3_Ch2_Ch3_IRQHandler
                0x1ffe0448                FTM6_Ch2_Ch3_IRQHandler
                0x1ffe0448                FTM2_Ch0_Ch1_IRQHandler
                0x1ffe0448                LPSPI1_IRQHandler
                0x1ffe0448                LPUART1_RxTx_IRQHandler
                0x1ffe0448                FTM4_Ovf_Reload_IRQHandler
                0x1ffe0448                RTC_Seconds_IRQHandler
                0x1ffe0448                FTM7_Ch0_Ch1_IRQHandler
                0x1ffe0448                CAN2_ORed_IRQHandler
                0x1ffe0448                Reserved110_IRQHandler
                0x1ffe0448                DMA11_IRQHandler
                0x1ffe0448                Reserved107_IRQHandler
                0x1ffe0448                ENET_TIMER_IRQHandler
                0x1ffe0448                Read_Collision_IRQHandler
                0x1ffe0448                CAN2_Error_IRQHandler
                0x1ffe0448                FTFC_IRQHandler
                0x1ffe0448                DMA7_IRQHandler
                0x1ffe0448                FTM1_Ch6_Ch7_IRQHandler
                0x1ffe0448                FTM5_Fault_IRQHandler
                0x1ffe0448                FTM6_Ovf_Reload_IRQHandler
                0x1ffe0448                LPIT0_Ch1_IRQHandler
                0x1ffe0448                FTM4_Ch0_Ch1_IRQHandler
                0x1ffe0448                FTM1_Ch4_Ch5_IRQHandler
                0x1ffe0448                FTM3_Ovf_Reload_IRQHandler
                0x1ffe0448                SAI0_Tx_IRQHandler
                0x1ffe0448                LPUART2_RxTx_IRQHandler
                0x1ffe0448                FTM5_Ch4_Ch5_IRQHandler
                0x1ffe0448                LPSPI0_IRQHandler
                0x1ffe0448                WDOG_EWM_IRQHandler
                0x1ffe0448                MemManage_Handler
                0x1ffe0448                Reserved83_IRQHandler
                0x1ffe0448                FTM0_Fault_IRQHandler
                0x1ffe0448                FTM6_Ch6_Ch7_IRQHandler
                0x1ffe0448                Reserved48_IRQHandler
                0x1ffe0448                ENET_TX_IRQHandler
                0x1ffe0448                ERM_single_fault_IRQHandler
                0x1ffe0448                FTM2_Fault_IRQHandler
                0x1ffe0448                FTM0_Ch2_Ch3_IRQHandler
                0x1ffe0448                DMA13_IRQHandler
                0x1ffe0448                FTM4_Ch2_Ch3_IRQHandler
                0x1ffe0448                FTM0_Ch0_Ch1_IRQHandler
                0x1ffe0448                FTM4_Ch4_Ch5_IRQHandler
                0x1ffe0448                FTM5_Ovf_Reload_IRQHandler
                0x1ffe0448                FTM3_Fault_IRQHandler
                0x1ffe0448                RCM_IRQHandler
                0x1ffe0448                DMA3_IRQHandler
                0x1ffe0448                Reserved100_IRQHandler
                0x1ffe0448                DMA0_IRQHandler
                0x1ffe0448                CAN1_ORed_IRQHandler
                0x1ffe0448                SAI0_Rx_IRQHandler
                0x1ffe0448                DMA15_IRQHandler
                0x1ffe0448                SCG_IRQHandler
                0x1ffe0448                PDB1_IRQHandler
                0x1ffe0448                CAN2_ORed_16_31_MB_IRQHandler
                0x1ffe0448                CAN0_Error_IRQHandler
                0x1ffe0448                LPI2C0_Master_IRQHandler
                0x1ffe0448                ENET_WAKE_IRQHandler
                0x1ffe0448                DMA4_IRQHandler
                0x1ffe0448                FTM1_Fault_IRQHandler
                0x1ffe0448                Reserved106_IRQHandler
                0x1ffe0448                ENET_ERR_IRQHandler
                0x1ffe0448                DMA_Error_IRQHandler
                0x1ffe0448                LVD_LVW_IRQHandler
                0x1ffe0448                ENET_STOP_IRQHandler
                0x1ffe0448                ENET_RX_IRQHandler
                0x1ffe0448                LPIT0_Ch2_IRQHandler
                0x1ffe0448                PORTA_IRQHandler
                0x1ffe0448                FTM5_Ch6_Ch7_IRQHandler
                0x1ffe0448                CAN1_ORed_16_31_MB_IRQHandler
                0x1ffe0448                MCM_IRQHandler
                0x1ffe0448                LPSPI2_IRQHandler
                0x1ffe0448                DMA12_IRQHandler
                0x1ffe0448                FTM7_Ovf_Reload_IRQHandler
                0x1ffe0448                FTM3_Ch4_Ch5_IRQHandler
                0x1ffe0448                CAN0_ORed_0_15_MB_IRQHandler
                0x1ffe0448                PORTE_IRQHandler
                0x1ffe0448                LPUART0_RxTx_IRQHandler
                0x1ffe0448                FTM6_Ch0_Ch1_IRQHandler
                0x1ffe0448                LPTMR0_IRQHandler
                0x1ffe0448                BusFault_Handler
                0x1ffe0448                FTM1_Ovf_Reload_IRQHandler
                0x1ffe0448                DMA8_IRQHandler
                0x1ffe0448                DMA10_IRQHandler
                0x1ffe0448                CAN0_Wake_Up_IRQHandler
                0x1ffe0448                QSPI_IRQHandler
                0x1ffe0448                CMP0_IRQHandler
                0x1ffe0448                Reserved52_IRQHandler
                0x1ffe0448                PORTC_IRQHandler
                0x1ffe0448                DMA6_IRQHandler
                0x1ffe0448                FTM1_Ch0_Ch1_IRQHandler
                0x1ffe0448                FLEXIO_IRQHandler
                0x1ffe0448                SAI1_Tx_IRQHandler
                0x1ffe0448                DMA1_IRQHandler
                0x1ffe0448                Reserved113_IRQHandler
 *(.text*)
 .text.SystemInit
                0x1ffe044c       0x4c ./SDK/platform/devices/S32K148/startup/system_S32K148.o
                0x1ffe044c                SystemInit
 .text.init_data_bss
                0x1ffe0498       0xd8 ./SDK/platform/devices/startup.o
                0x1ffe0498                init_data_bss
 .text.CLOCK_SYS_GetCurrentRunMode
                0x1ffe0570       0x24 ./SDK/platform/drivers/src/clock/S32K1xx/clock_S32K1xx.o
 .text.CLOCK_SYS_GetSysOscFreq
                0x1ffe0594       0x1c ./SDK/platform/drivers/src/clock/S32K1xx/clock_S32K1xx.o
 .text.CLOCK_SYS_ConfigureSOSC
                0x1ffe05b0      0x12c ./SDK/platform/drivers/src/clock/S32K1xx/clock_S32K1xx.o
 .text.CLOCK_SYS_GetSircFreq
                0x1ffe06dc       0x2c ./SDK/platform/drivers/src/clock/S32K1xx/clock_S32K1xx.o
 .text.CLOCK_SYS_ConfigureSIRC
                0x1ffe0708       0xc4 ./SDK/platform/drivers/src/clock/S32K1xx/clock_S32K1xx.o
 .text.CLOCK_SYS_GetFircFreq
                0x1ffe07cc       0x20 ./SDK/platform/drivers/src/clock/S32K1xx/clock_S32K1xx.o
 .text.CLOCK_SYS_ConfigureFIRC
                0x1ffe07ec       0xb4 ./SDK/platform/drivers/src/clock/S32K1xx/clock_S32K1xx.o
 .text.CLOCK_SYS_GetSysPllFreq
                0x1ffe08a0       0x44 ./SDK/platform/drivers/src/clock/S32K1xx/clock_S32K1xx.o
 .text.CLOCK_SYS_ConfigureSPLL
                0x1ffe08e4      0x12c ./SDK/platform/drivers/src/clock/S32K1xx/clock_S32K1xx.o
 .text.CLOCK_SYS_SetSystemClockConfig
                0x1ffe0a10      0x204 ./SDK/platform/drivers/src/clock/S32K1xx/clock_S32K1xx.o
 .text.CLOCK_SYS_TransitionSystemClock
                0x1ffe0c14       0x54 ./SDK/platform/drivers/src/clock/S32K1xx/clock_S32K1xx.o
 .text.CLOCK_DRV_Init
                0x1ffe0c68      0x5ac ./SDK/platform/drivers/src/clock/S32K1xx/clock_S32K1xx.o
                0x1ffe0c68                CLOCK_DRV_Init
 .text.CLOCK_SYS_Init
                0x1ffe1214       0x28 ./SDK/platform/drivers/src/clock/S32K1xx/clock_S32K1xx.o
                0x1ffe1214                CLOCK_SYS_Init
 .text.CLOCK_SYS_UpdateConfiguration
                0x1ffe123c       0xf4 ./SDK/platform/drivers/src/clock/S32K1xx/clock_S32K1xx.o
                0x1ffe123c                CLOCK_SYS_UpdateConfiguration
 .text.INT_SYS_InstallHandler
                0x1ffe1330       0x10 ./SDK/platform/drivers/src/interrupt/interrupt_manager.o
                0x1ffe1330                INT_SYS_InstallHandler
 .text.INT_SYS_EnableIRQ
                0x1ffe1340       0x18 ./SDK/platform/drivers/src/interrupt/interrupt_manager.o
                0x1ffe1340                INT_SYS_EnableIRQ
 .text.INT_SYS_EnableIRQGlobal
                0x1ffe1358       0x1c ./SDK/platform/drivers/src/interrupt/interrupt_manager.o
                0x1ffe1358                INT_SYS_EnableIRQGlobal
 .text.INT_SYS_DisableIRQGlobal
                0x1ffe1374       0x10 ./SDK/platform/drivers/src/interrupt/interrupt_manager.o
                0x1ffe1374                INT_SYS_DisableIRQGlobal
 .text.INT_SYS_SetPriority
                0x1ffe1384       0x70 ./SDK/platform/drivers/src/interrupt/interrupt_manager.o
                0x1ffe1384                INT_SYS_SetPriority
 .text.PINS_DRV_SetMuxModeSel
                0x1ffe13f4        0x8 ./SDK/platform/drivers/src/pins/pins_driver.o
                0x1ffe13f4                PINS_DRV_SetMuxModeSel
 .text.PINS_DRV_SetPinIntSel
                0x1ffe13fc       0x20 ./SDK/platform/drivers/src/pins/pins_driver.o
                0x1ffe13fc                PINS_DRV_SetPinIntSel
 .text.PINS_DRV_ClearPortIntFlagCmd
                0x1ffe141c        0xa ./SDK/platform/drivers/src/pins/pins_driver.o
                0x1ffe141c                PINS_DRV_ClearPortIntFlagCmd
 .text.PINS_DRV_SetPinsDirection
                0x1ffe1426        0x4 ./SDK/platform/drivers/src/pins/pins_driver.o
                0x1ffe1426                PINS_DRV_SetPinsDirection
 .text.PINS_DRV_SetPins
                0x1ffe142a        0x4 ./SDK/platform/drivers/src/pins/pins_driver.o
                0x1ffe142a                PINS_DRV_SetPins
 .text.PINS_DRV_ClearPins
                0x1ffe142e        0x4 ./SDK/platform/drivers/src/pins/pins_driver.o
                0x1ffe142e                PINS_DRV_ClearPins
 .text.PINS_DRV_TogglePins
                0x1ffe1432        0x4 ./SDK/platform/drivers/src/pins/pins_driver.o
                0x1ffe1432                PINS_DRV_TogglePins
 .text.PINS_DRV_ReadPins
                0x1ffe1436        0x4 ./SDK/platform/drivers/src/pins/pins_driver.o
                0x1ffe1436                PINS_DRV_ReadPins
 *fill*         0x1ffe143a        0x2 
 .text.PINS_GetAdcInterleaveVal
                0x1ffe143c       0x70 ./SDK/platform/drivers/src/pins/pins_port_hw_access.o
 .text.PINS_SetMuxModeSel
                0x1ffe14ac       0x58 ./SDK/platform/drivers/src/pins/pins_port_hw_access.o
                0x1ffe14ac                PINS_SetMuxModeSel
 .text.vListInitialise
                0x1ffe1504       0x16 ./SDK/rtos/FreeRTOS_S32K/Source/list.o
                0x1ffe1504                vListInitialise
 .text.vListInitialiseItem
                0x1ffe151a        0x6 ./SDK/rtos/FreeRTOS_S32K/Source/list.o
                0x1ffe151a                vListInitialiseItem
 .text.vListInsertEnd
                0x1ffe1520       0x18 ./SDK/rtos/FreeRTOS_S32K/Source/list.o
                0x1ffe1520                vListInsertEnd
 .text.vListInsert
                0x1ffe1538       0x34 ./SDK/rtos/FreeRTOS_S32K/Source/list.o
                0x1ffe1538                vListInsert
 .text.uxListRemove
                0x1ffe156c       0x26 ./SDK/rtos/FreeRTOS_S32K/Source/list.o
                0x1ffe156c                uxListRemove
 .text.prvIsQueueEmpty
                0x1ffe1592       0x16 ./SDK/rtos/FreeRTOS_S32K/Source/queue.o
 .text.prvCopyDataToQueue
                0x1ffe15a8       0x76 ./SDK/rtos/FreeRTOS_S32K/Source/queue.o
 .text.prvCopyDataFromQueue
                0x1ffe161e       0x24 ./SDK/rtos/FreeRTOS_S32K/Source/queue.o
 .text.prvUnlockQueue
                0x1ffe1642       0x82 ./SDK/rtos/FreeRTOS_S32K/Source/queue.o
 .text.xQueueGenericReset
                0x1ffe16c4       0x80 ./SDK/rtos/FreeRTOS_S32K/Source/queue.o
                0x1ffe16c4                xQueueGenericReset
 .text.xQueueGenericCreate
                0x1ffe1744       0x44 ./SDK/rtos/FreeRTOS_S32K/Source/queue.o
                0x1ffe1744                xQueueGenericCreate
 .text.xQueueGenericSend
                0x1ffe1788      0x188 ./SDK/rtos/FreeRTOS_S32K/Source/queue.o
                0x1ffe1788                xQueueGenericSend
 .text.xQueueGenericSendFromISR
                0x1ffe1910       0xd6 ./SDK/rtos/FreeRTOS_S32K/Source/queue.o
                0x1ffe1910                xQueueGenericSendFromISR
 *fill*         0x1ffe19e6        0x2 
 .text.xQueueReceive
                0x1ffe19e8      0x158 ./SDK/rtos/FreeRTOS_S32K/Source/queue.o
                0x1ffe19e8                xQueueReceive
 .text.vQueueAddToRegistry
                0x1ffe1b40       0x34 ./SDK/rtos/FreeRTOS_S32K/Source/queue.o
                0x1ffe1b40                vQueueAddToRegistry
 .text.vQueueWaitForMessageRestricted
                0x1ffe1b74       0x4e ./SDK/rtos/FreeRTOS_S32K/Source/queue.o
                0x1ffe1b74                vQueueWaitForMessageRestricted
 *fill*         0x1ffe1bc2        0x2 
 .text.prvResetNextTaskUnblockTime
                0x1ffe1bc4       0x2c ./SDK/rtos/FreeRTOS_S32K/Source/tasks.o
 .text.prvAddCurrentTaskToDelayedList
                0x1ffe1bf0       0xa0 ./SDK/rtos/FreeRTOS_S32K/Source/tasks.o
 .text.prvIdleTask
                0x1ffe1c90       0x74 ./SDK/rtos/FreeRTOS_S32K/Source/tasks.o
 .text.xTaskCreate
                0x1ffe1d04      0x1e4 ./SDK/rtos/FreeRTOS_S32K/Source/tasks.o
                0x1ffe1d04                xTaskCreate
 .text.vTaskStartScheduler
                0x1ffe1ee8       0x84 ./SDK/rtos/FreeRTOS_S32K/Source/tasks.o
                0x1ffe1ee8                vTaskStartScheduler
 .text.vTaskSuspendAll
                0x1ffe1f6c       0x10 ./SDK/rtos/FreeRTOS_S32K/Source/tasks.o
                0x1ffe1f6c                vTaskSuspendAll
 .text.xTaskGetTickCount
                0x1ffe1f7c        0xc ./SDK/rtos/FreeRTOS_S32K/Source/tasks.o
                0x1ffe1f7c                xTaskGetTickCount
 .text.xTaskIncrementTick
                0x1ffe1f88      0x138 ./SDK/rtos/FreeRTOS_S32K/Source/tasks.o
                0x1ffe1f88                xTaskIncrementTick
 .text.xTaskResumeAll
                0x1ffe20c0      0x100 ./SDK/rtos/FreeRTOS_S32K/Source/tasks.o
                0x1ffe20c0                xTaskResumeAll
 .text.vTaskDelayUntil
                0x1ffe21c0       0xa0 ./SDK/rtos/FreeRTOS_S32K/Source/tasks.o
                0x1ffe21c0                vTaskDelayUntil
 .text.vTaskSwitchContext
                0x1ffe2260       0xc4 ./SDK/rtos/FreeRTOS_S32K/Source/tasks.o
                0x1ffe2260                vTaskSwitchContext
 .text.vTaskPlaceOnEventList
                0x1ffe2324       0x30 ./SDK/rtos/FreeRTOS_S32K/Source/tasks.o
                0x1ffe2324                vTaskPlaceOnEventList
 .text.vTaskPlaceOnEventListRestricted
                0x1ffe2354       0x3c ./SDK/rtos/FreeRTOS_S32K/Source/tasks.o
                0x1ffe2354                vTaskPlaceOnEventListRestricted
 .text.xTaskRemoveFromEventList
                0x1ffe2390       0x88 ./SDK/rtos/FreeRTOS_S32K/Source/tasks.o
                0x1ffe2390                xTaskRemoveFromEventList
 .text.vTaskInternalSetTimeOutState
                0x1ffe2418       0x18 ./SDK/rtos/FreeRTOS_S32K/Source/tasks.o
                0x1ffe2418                vTaskInternalSetTimeOutState
 .text.xTaskCheckForTimeOut
                0x1ffe2430       0x9c ./SDK/rtos/FreeRTOS_S32K/Source/tasks.o
                0x1ffe2430                xTaskCheckForTimeOut
 .text.vTaskMissedYield
                0x1ffe24cc        0xc ./SDK/rtos/FreeRTOS_S32K/Source/tasks.o
                0x1ffe24cc                vTaskMissedYield
 .text.xTaskGetSchedulerState
                0x1ffe24d8       0x20 ./SDK/rtos/FreeRTOS_S32K/Source/tasks.o
                0x1ffe24d8                xTaskGetSchedulerState
 .text.xTaskPriorityDisinherit
                0x1ffe24f8       0xb0 ./SDK/rtos/FreeRTOS_S32K/Source/tasks.o
                0x1ffe24f8                xTaskPriorityDisinherit
 .text.prvInsertTimerInActiveList
                0x1ffe25a8       0x48 ./SDK/rtos/FreeRTOS_S32K/Source/timers.o
 .text.prvCheckForValidListAndQueue
                0x1ffe25f0       0x5c ./SDK/rtos/FreeRTOS_S32K/Source/timers.o
 .text.xTimerCreateTimerTask
                0x1ffe264c       0x4c ./SDK/rtos/FreeRTOS_S32K/Source/timers.o
                0x1ffe264c                xTimerCreateTimerTask
 .text.xTimerCreate
                0x1ffe2698       0x48 ./SDK/rtos/FreeRTOS_S32K/Source/timers.o
                0x1ffe2698                xTimerCreate
 .text.xTimerGenericCommand
                0x1ffe26e0       0x60 ./SDK/rtos/FreeRTOS_S32K/Source/timers.o
                0x1ffe26e0                xTimerGenericCommand
 .text.prvSampleTimeNow
                0x1ffe2740       0xa8 ./SDK/rtos/FreeRTOS_S32K/Source/timers.o
 .text.prvTimerTask
                0x1ffe27e8      0x1c8 ./SDK/rtos/FreeRTOS_S32K/Source/timers.o
 .text.prvTaskExitError
                0x1ffe29b0       0x40 ./SDK/rtos/FreeRTOS_S32K/Source/portable/GCC/ARM_CM4F/port.o
 .text.prvPortStartFirstTask
                0x1ffe29f0       0x28 ./SDK/rtos/FreeRTOS_S32K/Source/portable/GCC/ARM_CM4F/port.o
 .text.vPortEnableVFP
                0x1ffe2a18       0x14 ./SDK/rtos/FreeRTOS_S32K/Source/portable/GCC/ARM_CM4F/port.o
 .text.pxPortInitialiseStack
                0x1ffe2a2c       0x2c ./SDK/rtos/FreeRTOS_S32K/Source/portable/GCC/ARM_CM4F/port.o
                0x1ffe2a2c                pxPortInitialiseStack
 *fill*         0x1ffe2a58        0x8 
 .text.SVC_Handler
                0x1ffe2a60       0x24 ./SDK/rtos/FreeRTOS_S32K/Source/portable/GCC/ARM_CM4F/port.o
                0x1ffe2a60                SVC_Handler
 .text.vPortEnterCritical
                0x1ffe2a84       0x44 ./SDK/rtos/FreeRTOS_S32K/Source/portable/GCC/ARM_CM4F/port.o
                0x1ffe2a84                vPortEnterCritical
 .text.vPortExitCritical
                0x1ffe2ac8       0x2c ./SDK/rtos/FreeRTOS_S32K/Source/portable/GCC/ARM_CM4F/port.o
                0x1ffe2ac8                vPortExitCritical
 *fill*         0x1ffe2af4        0xc 
 .text.PendSV_Handler
                0x1ffe2b00       0x64 ./SDK/rtos/FreeRTOS_S32K/Source/portable/GCC/ARM_CM4F/port.o
                0x1ffe2b00                PendSV_Handler
 .text.SysTick_Handler
                0x1ffe2b64       0x2c ./SDK/rtos/FreeRTOS_S32K/Source/portable/GCC/ARM_CM4F/port.o
                0x1ffe2b64                SysTick_Handler
 .text.vPortSetupTimerInterrupt
                0x1ffe2b90       0x24 ./SDK/rtos/FreeRTOS_S32K/Source/portable/GCC/ARM_CM4F/port.o
                0x1ffe2b90                vPortSetupTimerInterrupt
 .text.xPortStartScheduler
                0x1ffe2bb4      0x118 ./SDK/rtos/FreeRTOS_S32K/Source/portable/GCC/ARM_CM4F/port.o
                0x1ffe2bb4                xPortStartScheduler
 .text.vPortValidateInterruptPriority
                0x1ffe2ccc       0x5c ./SDK/rtos/FreeRTOS_S32K/Source/portable/GCC/ARM_CM4F/port.o
                0x1ffe2ccc                vPortValidateInterruptPriority
 .text.pvPortMalloc
                0x1ffe2d28       0xd0 ./SDK/rtos/FreeRTOS_S32K/Source/portable/MemMang/heap_2.o
                0x1ffe2d28                pvPortMalloc
 .text.vPortFree
                0x1ffe2df8       0x44 ./SDK/rtos/FreeRTOS_S32K/Source/portable/MemMang/heap_2.o
                0x1ffe2df8                vPortFree
 .text.xPortGetFreeHeapSize
                0x1ffe2e3c        0xc ./SDK/rtos/FreeRTOS_S32K/Source/portable/MemMang/heap_2.o
                0x1ffe2e3c                xPortGetFreeHeapSize
 .text.main     0x1ffe2e48       0x18 ./Sources/main.o
                0x1ffe2e48                main
 .text.prvButtonLEDTimerCallback
                0x1ffe2e60       0x14 ./Sources/rtos.o
 .text.prvQueueSendTask
                0x1ffe2e74       0x2c ./Sources/rtos.o
 .text.vPort_C_ISRHandler
                0x1ffe2ea0       0x38 ./Sources/rtos.o
                0x1ffe2ea0                vPort_C_ISRHandler
 .text.boardSetup
                0x1ffe2ed8       0x38 ./Sources/rtos.o
                0x1ffe2ed8                boardSetup
 .text.rtos_start
                0x1ffe2f10       0xbc ./Sources/rtos.o
                0x1ffe2f10                rtos_start
 .text.delay    0x1ffe2fcc       0x12 ./Sources/rtos.o
                0x1ffe2fcc                delay
 *fill*         0x1ffe2fde        0x2 
 .text.prvQueueReceiveTask
                0x1ffe2fe0       0x34 ./Sources/rtos.o
 .text.vApplicationMallocFailedHook
                0x1ffe3014       0x12 ./Sources/rtos.o
                0x1ffe3014                vApplicationMallocFailedHook
 .text.vApplicationStackOverflowHook
                0x1ffe3026       0x12 ./Sources/rtos.o
                0x1ffe3026                vApplicationStackOverflowHook
 .text.vApplicationIdleHook
                0x1ffe3038       0x12 ./Sources/rtos.o
                0x1ffe3038                vApplicationIdleHook
 .text.vApplicationTickHook
                0x1ffe304a        0x2 ./Sources/rtos.o
                0x1ffe304a                vApplicationTickHook
 .text.memcpy   0x1ffe304c       0x16 F:/NXP/S32DS_ARM_v2.2/S32DS/build_tools/gcc_v6.3/gcc-6.3-arm32-eabi/arm-none-eabi/newlib/lib/thumb/v7e-m/fpv4-sp/hard\libc_nano.a(lib_a-memcpy-stub.o)
                0x1ffe304c                memcpy
 .text.memset   0x1ffe3062       0x10 F:/NXP/S32DS_ARM_v2.2/S32DS/build_tools/gcc_v6.3/gcc-6.3-arm32-eabi/arm-none-eabi/newlib/lib/thumb/v7e-m/fpv4-sp/hard\libc_nano.a(lib_a-memset.o)
                0x1ffe3062                memset
 *(.rodata)
 *(.rodata*)
 *fill*         0x1ffe3072        0x2 
 .rodata.clockNameMappings
                0x1ffe3074       0xb8 ./SDK/platform/drivers/src/clock/S32K1xx/clock_S32K1xx.o
                0x1ffe3074                clockNameMappings
 .rodata.maxSysClksInHSRUN.7953
                0x1ffe312c       0x54 ./SDK/platform/drivers/src/clock/S32K1xx/clock_S32K1xx.o
 .rodata.maxSysClksInRUN.7952
                0x1ffe3180       0x54 ./SDK/platform/drivers/src/clock/S32K1xx/clock_S32K1xx.o
 .rodata.maxSysClksInVLPR.7951
                0x1ffe31d4       0x54 ./SDK/platform/drivers/src/clock/S32K1xx/clock_S32K1xx.o
 .rodata.vTaskStartScheduler.str1.4
                0x1ffe3228        0x5 ./SDK/rtos/FreeRTOS_S32K/Source/tasks.o
 *fill*         0x1ffe322d        0x3 
 .rodata.prvCheckForValidListAndQueue.str1.4
                0x1ffe3230        0x5 ./SDK/rtos/FreeRTOS_S32K/Source/timers.o
 *fill*         0x1ffe3235        0x3 
 .rodata.xTimerCreateTimerTask.str1.4
                0x1ffe3238        0x8 ./SDK/rtos/FreeRTOS_S32K/Source/timers.o
 .rodata.rtos_start.str1.4
                0x1ffe3240       0x18 ./Sources/rtos.o
                                 0x17 (size before relaxing)
 *(.init)
 .init          0x1ffe3258        0x4 f:/nxp/s32ds_arm_v2.2/s32ds/build_tools/gcc_v6.3/gcc-6.3-arm32-eabi/bin/../lib/gcc/arm-none-eabi/6.3.1/thumb/v7e-m/fpv4-sp/hard/crti.o
                0x1ffe3258                _init
 *(.fini)
 .fini          0x1ffe325c        0x4 f:/nxp/s32ds_arm_v2.2/s32ds/build_tools/gcc_v6.3/gcc-6.3-arm32-eabi/bin/../lib/gcc/arm-none-eabi/6.3.1/thumb/v7e-m/fpv4-sp/hard/crti.o
                0x1ffe325c                _fini
 *(.eh_frame)
                0x1ffe3260                . = ALIGN (0x4)

.glue_7         0x1ffe3260        0x0
 .glue_7        0x1ffe3260        0x0 linker stubs

.glue_7t        0x1ffe3260        0x0
 .glue_7t       0x1ffe3260        0x0 linker stubs

.vfp11_veneer   0x1ffe3260        0x0
 .vfp11_veneer  0x1ffe3260        0x0 linker stubs

.v4_bx          0x1ffe3260        0x0
 .v4_bx         0x1ffe3260        0x0 linker stubs

.iplt           0x1ffe3260        0x0
 .iplt          0x1ffe3260        0x0 f:/nxp/s32ds_arm_v2.2/s32ds/build_tools/gcc_v6.3/gcc-6.3-arm32-eabi/bin/../lib/gcc/arm-none-eabi/6.3.1/thumb/v7e-m/fpv4-sp/hard/crtbegin.o

.rel.dyn        0x1ffe3260        0x0
 .rel.iplt      0x1ffe3260        0x0 f:/nxp/s32ds_arm_v2.2/s32ds/build_tools/gcc_v6.3/gcc-6.3-arm32-eabi/bin/../lib/gcc/arm-none-eabi/6.3.1/thumb/v7e-m/fpv4-sp/hard/crtbegin.o

.ARM            0x1ffe3260        0x0
                0x1ffe3260                __exidx_start = .
 *(.ARM.exidx*)
                0x1ffe3260                __exidx_end = .

.code_ram       0x1ffe3260        0x0
                0x1ffe3260                . = ALIGN (0x4)
                0x1ffe3260                __CODE_RAM = .
                0x1ffe3260                __code_ram_start__ = .
 *(.code_ram)
                0x1ffe3260                __CODE_ROM = .
                0x1ffe3260                __CODE_END = .
                0x1ffe3260                __code_ram_end__ = .
                0x1ffe3260                . = ALIGN (0x4)
                0x1ffe3260                __etext = .
                0x1ffe3260                __DATA_ROM = .
                0x1ffe3260                __DATA_END = __DATA_ROM

.customSectionBlock
                0x20000000        0x0
                0x20000000                __customSection_start__ = .
 *(.customSection)
                0x20000000                __customSection_end__ = .
                0x20000000                __CUSTOM_ROM = .
                0x20000000                __CUSTOM_END = .

.data           0x20000000      0x170
                0x20000000                . = ALIGN (0x4)
                0x20000000                __DATA_RAM = .
                0x20000000                __data_start__ = .
 *(.data)
 *(.data*)
 .data.clockMan1_InitConfig0
                0x20000000       0x78 ./Generated_Code/clockMan1.o
                0x20000000                clockMan1_InitConfig0
 .data.g_clockManConfigsArr
                0x20000078        0x4 ./Generated_Code/clockMan1.o
                0x20000078                g_clockManConfigsArr
 .data.peripheralClockConfig0
                0x2000007c       0x19 ./Generated_Code/clockMan1.o
                0x2000007c                peripheralClockConfig0
 *fill*         0x20000095        0x3 
 .data.peripheralClockConfig.7682
                0x20000098       0xcd ./SDK/platform/drivers/src/clock/S32K1xx/clock_S32K1xx.o
 *fill*         0x20000165        0x3 
 .data.uxCriticalNesting
                0x20000168        0x4 ./SDK/rtos/FreeRTOS_S32K/Source/portable/GCC/ARM_CM4F/port.o
 .data.xFreeBytesRemaining
                0x2000016c        0x4 ./SDK/rtos/FreeRTOS_S32K/Source/portable/MemMang/heap_2.o
                0x20000170                . = ALIGN (0x4)
                0x20000170                __data_end__ = .

.igot.plt       0x20000170        0x0
 .igot.plt      0x20000170        0x0 f:/nxp/s32ds_arm_v2.2/s32ds/build_tools/gcc_v6.3/gcc-6.3-arm32-eabi/bin/../lib/gcc/arm-none-eabi/6.3.1/thumb/v7e-m/fpv4-sp/hard/crtbegin.o

.bss            0x20000170     0x21d0
                0x20000170                . = ALIGN (0x4)
                0x20000170                __BSS_START = .
                0x20000170                __bss_start__ = .
 *(.bss)
 *(.bss*)
 .bss.g_clockManCallbacksArr
                0x20000170        0x4 ./Generated_Code/clockMan1.o
                0x20000170                g_clockManCallbacksArr
 .bss.g_clockState
                0x20000174       0x10 ./SDK/platform/drivers/src/clock/S32K1xx/clock_S32K1xx.o
 .bss.g_interruptDisableCount
                0x20000184        0x4 ./SDK/platform/drivers/src/interrupt/interrupt_manager.o
 .bss.pxCurrentTCB
                0x20000188        0x4 ./SDK/rtos/FreeRTOS_S32K/Source/tasks.o
                0x20000188                pxCurrentTCB
 .bss.pxDelayedTaskList
                0x2000018c        0x4 ./SDK/rtos/FreeRTOS_S32K/Source/tasks.o
 .bss.pxOverflowDelayedTaskList
                0x20000190        0x4 ./SDK/rtos/FreeRTOS_S32K/Source/tasks.o
 .bss.pxReadyTasksLists
                0x20000194       0x64 ./SDK/rtos/FreeRTOS_S32K/Source/tasks.o
 .bss.uxCurrentNumberOfTasks
                0x200001f8        0x4 ./SDK/rtos/FreeRTOS_S32K/Source/tasks.o
 .bss.uxDeletedTasksWaitingCleanUp
                0x200001fc        0x4 ./SDK/rtos/FreeRTOS_S32K/Source/tasks.o
 .bss.uxPendedTicks
                0x20000200        0x4 ./SDK/rtos/FreeRTOS_S32K/Source/tasks.o
 .bss.uxSchedulerSuspended
                0x20000204        0x4 ./SDK/rtos/FreeRTOS_S32K/Source/tasks.o
 .bss.uxTaskNumber
                0x20000208        0x4 ./SDK/rtos/FreeRTOS_S32K/Source/tasks.o
 .bss.uxTopReadyPriority
                0x2000020c        0x4 ./SDK/rtos/FreeRTOS_S32K/Source/tasks.o
 .bss.xDelayedTaskList1
                0x20000210       0x14 ./SDK/rtos/FreeRTOS_S32K/Source/tasks.o
 .bss.xDelayedTaskList2
                0x20000224       0x14 ./SDK/rtos/FreeRTOS_S32K/Source/tasks.o
 .bss.xIdleTaskHandle
                0x20000238        0x4 ./SDK/rtos/FreeRTOS_S32K/Source/tasks.o
 .bss.xNextTaskUnblockTime
                0x2000023c        0x4 ./SDK/rtos/FreeRTOS_S32K/Source/tasks.o
 .bss.xNumOfOverflows
                0x20000240        0x4 ./SDK/rtos/FreeRTOS_S32K/Source/tasks.o
 .bss.xPendingReadyList
                0x20000244       0x14 ./SDK/rtos/FreeRTOS_S32K/Source/tasks.o
 .bss.xSchedulerRunning
                0x20000258        0x4 ./SDK/rtos/FreeRTOS_S32K/Source/tasks.o
 .bss.xSuspendedTaskList
                0x2000025c       0x14 ./SDK/rtos/FreeRTOS_S32K/Source/tasks.o
 .bss.xTasksWaitingTermination
                0x20000270       0x14 ./SDK/rtos/FreeRTOS_S32K/Source/tasks.o
 .bss.xTickCount
                0x20000284        0x4 ./SDK/rtos/FreeRTOS_S32K/Source/tasks.o
 .bss.xYieldPending
                0x20000288        0x4 ./SDK/rtos/FreeRTOS_S32K/Source/tasks.o
 .bss.pxCurrentTimerList
                0x2000028c        0x4 ./SDK/rtos/FreeRTOS_S32K/Source/timers.o
 .bss.pxOverflowTimerList
                0x20000290        0x4 ./SDK/rtos/FreeRTOS_S32K/Source/timers.o
 .bss.xActiveTimerList1
                0x20000294       0x14 ./SDK/rtos/FreeRTOS_S32K/Source/timers.o
 .bss.xActiveTimerList2
                0x200002a8       0x14 ./SDK/rtos/FreeRTOS_S32K/Source/timers.o
 .bss.xLastTime.6392
                0x200002bc        0x4 ./SDK/rtos/FreeRTOS_S32K/Source/timers.o
 .bss.xTimerQueue
                0x200002c0        0x4 ./SDK/rtos/FreeRTOS_S32K/Source/timers.o
 .bss.xTimerTaskHandle
                0x200002c4        0x4 ./SDK/rtos/FreeRTOS_S32K/Source/timers.o
 .bss.ucMaxSysCallPriority
                0x200002c8        0x1 ./SDK/rtos/FreeRTOS_S32K/Source/portable/GCC/ARM_CM4F/port.o
 *fill*         0x200002c9        0x3 
 .bss.ulMaxPRIGROUPValue
                0x200002cc        0x4 ./SDK/rtos/FreeRTOS_S32K/Source/portable/GCC/ARM_CM4F/port.o
 .bss.ucHeap    0x200002d0     0x2000 ./SDK/rtos/FreeRTOS_S32K/Source/portable/MemMang/heap_2.o
 .bss.xEnd      0x200022d0        0x8 ./SDK/rtos/FreeRTOS_S32K/Source/portable/MemMang/heap_2.o
 .bss.xHeapHasBeenInitialised.6103
                0x200022d8        0x4 ./SDK/rtos/FreeRTOS_S32K/Source/portable/MemMang/heap_2.o
 .bss.xStart    0x200022dc        0x8 ./SDK/rtos/FreeRTOS_S32K/Source/portable/MemMang/heap_2.o
 .bss.exit_code
                0x200022e4        0x4 ./Sources/main.o
                0x200022e4                exit_code
 .bss.Para      0x200022e8        0x4 ./Sources/rtos.o
 *(COMMON)
 COMMON         0x200022ec       0x14 ./SDK/platform/drivers/src/clock/S32K1xx/clock_S32K1xx.o
                0x200022ec                g_xtal0ClkFreq
                0x200022f0                g_RtcClkInFreq
                0x200022f4                g_TClkFreq
 COMMON         0x20002300       0x40 ./SDK/rtos/FreeRTOS_S32K/Source/queue.o
                0x20002300                xQueueRegistry
                0x20002340                . = ALIGN (0x4)
                0x20002340                __bss_end__ = .
                0x20002340                __BSS_END = .

.heap           0x20002340      0x400
                0x20002340                . = ALIGN (0x8)
                0x20002340                __end__ = .
                0x20002340                __heap_start__ = .
                [!provide]                PROVIDE (end, .)
                [!provide]                PROVIDE (_end, .)
                [!provide]                PROVIDE (__end, .)
                0x20002340                __HeapBase = .
                0x20002740                . = (. + HEAP_SIZE)
 *fill*         0x20002340      0x400 
                0x20002740                __HeapLimit = .
                0x20002740                __heap_limit = .
                0x20002740                __heap_end__ = .
                0x2001f000                __StackTop = (ORIGIN (m_data) + LENGTH (m_data))
                0x2001ec00                __StackLimit = (__StackTop - STACK_SIZE)
                0x2001f000                PROVIDE (__stack, __StackTop)

.stack          0x2001ec00      0x400
                0x2001ec00                . = ALIGN (0x8)
                0x2001ec00                __stack_start__ = .
                0x2001f000                . = (. + STACK_SIZE)
 *fill*         0x2001ec00      0x400 
                0x2001f000                __stack_end__ = .

.ARM.attributes
                0x00000000       0x30
 *(.ARM.attributes)
 .ARM.attributes
                0x00000000       0x22 f:/nxp/s32ds_arm_v2.2/s32ds/build_tools/gcc_v6.3/gcc-6.3-arm32-eabi/bin/../lib/gcc/arm-none-eabi/6.3.1/thumb/v7e-m/fpv4-sp/hard/crti.o
 .ARM.attributes
                0x00000022       0x39 ./Generated_Code/clockMan1.o
 .ARM.attributes
                0x0000005b       0x1f ./Project_Settings/Startup_Code/startup_S32K148.o
 .ARM.attributes
                0x0000007a       0x39 ./SDK/platform/devices/S32K148/startup/system_S32K148.o
 .ARM.attributes
                0x000000b3       0x39 ./SDK/platform/devices/startup.o
 .ARM.attributes
                0x000000ec       0x39 ./SDK/platform/drivers/src/clock/S32K1xx/clock_S32K1xx.o
 .ARM.attributes
                0x00000125       0x39 ./SDK/platform/drivers/src/interrupt/interrupt_manager.o
 .ARM.attributes
                0x0000015e       0x39 ./SDK/platform/drivers/src/pins/pins_driver.o
 .ARM.attributes
                0x00000197       0x39 ./SDK/platform/drivers/src/pins/pins_port_hw_access.o
 .ARM.attributes
                0x000001d0       0x39 ./SDK/rtos/FreeRTOS_S32K/Source/list.o
 .ARM.attributes
                0x00000209       0x39 ./SDK/rtos/FreeRTOS_S32K/Source/queue.o
 .ARM.attributes
                0x00000242       0x39 ./SDK/rtos/FreeRTOS_S32K/Source/tasks.o
 .ARM.attributes
                0x0000027b       0x39 ./SDK/rtos/FreeRTOS_S32K/Source/timers.o
 .ARM.attributes
                0x000002b4       0x39 ./SDK/rtos/FreeRTOS_S32K/Source/portable/GCC/ARM_CM4F/port.o
 .ARM.attributes
                0x000002ed       0x39 ./SDK/rtos/FreeRTOS_S32K/Source/portable/MemMang/heap_2.o
 .ARM.attributes
                0x00000326       0x39 ./Sources/main.o
 .ARM.attributes
                0x0000035f       0x39 ./Sources/rtos.o
 .ARM.attributes
                0x00000398       0x34 F:/NXP/S32DS_ARM_v2.2/S32DS/build_tools/gcc_v6.3/gcc-6.3-arm32-eabi/arm-none-eabi/newlib/lib/thumb/v7e-m/fpv4-sp/hard\libc_nano.a(lib_a-memcpy-stub.o)
 .ARM.attributes
                0x000003cc       0x34 F:/NXP/S32DS_ARM_v2.2/S32DS/build_tools/gcc_v6.3/gcc-6.3-arm32-eabi/arm-none-eabi/newlib/lib/thumb/v7e-m/fpv4-sp/hard\libc_nano.a(lib_a-memset.o)
                0x00000001                ASSERT ((__StackLimit >= __HeapLimit), region m_data overflowed with stack and heap)

/DISCARD/
 *(.FlashConfig)
OUTPUT(Scheduling.elf elf32-littlearm)

.debug_info     0x00000000    0x175fb
 .debug_info    0x00000000     0x1676 ./Generated_Code/clockMan1.o
 .debug_info    0x00001676       0x26 ./Project_Settings/Startup_Code/startup_S32K148.o
 .debug_info    0x0000169c      0x65f ./SDK/platform/devices/S32K148/startup/system_S32K148.o
 .debug_info    0x00001cfb      0x2ad ./SDK/platform/devices/startup.o
 .debug_info    0x00001fa8     0x68bb ./SDK/platform/drivers/src/clock/S32K1xx/clock_S32K1xx.o
 .debug_info    0x00008863      0xbe3 ./SDK/platform/drivers/src/interrupt/interrupt_manager.o
 .debug_info    0x00009446     0x14ba ./SDK/platform/drivers/src/pins/pins_driver.o
 .debug_info    0x0000a900      0x9a5 ./SDK/platform/drivers/src/pins/pins_port_hw_access.o
 .debug_info    0x0000b2a5      0xaa8 ./SDK/rtos/FreeRTOS_S32K/Source/list.o
 .debug_info    0x0000bd4d     0x276a ./SDK/rtos/FreeRTOS_S32K/Source/queue.o
 .debug_info    0x0000e4b7     0x313f ./SDK/rtos/FreeRTOS_S32K/Source/tasks.o
 .debug_info    0x000115f6     0x1a95 ./SDK/rtos/FreeRTOS_S32K/Source/timers.o
 .debug_info    0x0001308b      0x560 ./SDK/rtos/FreeRTOS_S32K/Source/portable/GCC/ARM_CM4F/port.o
 .debug_info    0x000135eb      0xb85 ./SDK/rtos/FreeRTOS_S32K/Source/portable/MemMang/heap_2.o
 .debug_info    0x00014170     0x1580 ./Sources/main.o
 .debug_info    0x000156f0     0x1f0b ./Sources/rtos.o

.debug_abbrev   0x00000000     0x2508
 .debug_abbrev  0x00000000      0x13d ./Generated_Code/clockMan1.o
 .debug_abbrev  0x0000013d       0x14 ./Project_Settings/Startup_Code/startup_S32K148.o
 .debug_abbrev  0x00000151      0x141 ./SDK/platform/devices/S32K148/startup/system_S32K148.o
 .debug_abbrev  0x00000292       0xe1 ./SDK/platform/devices/startup.o
 .debug_abbrev  0x00000373      0x418 ./SDK/platform/drivers/src/clock/S32K1xx/clock_S32K1xx.o
 .debug_abbrev  0x0000078b      0x247 ./SDK/platform/drivers/src/interrupt/interrupt_manager.o
 .debug_abbrev  0x000009d2      0x2f6 ./SDK/platform/drivers/src/pins/pins_driver.o
 .debug_abbrev  0x00000cc8      0x232 ./SDK/platform/drivers/src/pins/pins_port_hw_access.o
 .debug_abbrev  0x00000efa      0x1da ./SDK/rtos/FreeRTOS_S32K/Source/list.o
 .debug_abbrev  0x000010d4      0x3b0 ./SDK/rtos/FreeRTOS_S32K/Source/queue.o
 .debug_abbrev  0x00001484      0x3d4 ./SDK/rtos/FreeRTOS_S32K/Source/tasks.o
 .debug_abbrev  0x00001858      0x387 ./SDK/rtos/FreeRTOS_S32K/Source/timers.o
 .debug_abbrev  0x00001bdf      0x22a ./SDK/rtos/FreeRTOS_S32K/Source/portable/GCC/ARM_CM4F/port.o
 .debug_abbrev  0x00001e09      0x29e ./SDK/rtos/FreeRTOS_S32K/Source/portable/MemMang/heap_2.o
 .debug_abbrev  0x000020a7      0x170 ./Sources/main.o
 .debug_abbrev  0x00002217      0x2f1 ./Sources/rtos.o

.debug_aranges  0x00000000      0x830
 .debug_aranges
                0x00000000       0x18 ./Generated_Code/clockMan1.o
 .debug_aranges
                0x00000018       0x20 ./Project_Settings/Startup_Code/startup_S32K148.o
 .debug_aranges
                0x00000038       0x30 ./SDK/platform/devices/S32K148/startup/system_S32K148.o
 .debug_aranges
                0x00000068       0x20 ./SDK/platform/devices/startup.o
 .debug_aranges
                0x00000088      0x130 ./SDK/platform/drivers/src/clock/S32K1xx/clock_S32K1xx.o
 .debug_aranges
                0x000001b8       0x70 ./SDK/platform/drivers/src/interrupt/interrupt_manager.o
 .debug_aranges
                0x00000228       0xe0 ./SDK/platform/drivers/src/pins/pins_driver.o
 .debug_aranges
                0x00000308       0x40 ./SDK/platform/drivers/src/pins/pins_port_hw_access.o
 .debug_aranges
                0x00000348       0x40 ./SDK/rtos/FreeRTOS_S32K/Source/list.o
 .debug_aranges
                0x00000388      0x108 ./SDK/rtos/FreeRTOS_S32K/Source/queue.o
 .debug_aranges
                0x00000490      0x1b0 ./SDK/rtos/FreeRTOS_S32K/Source/tasks.o
 .debug_aranges
                0x00000640       0x98 ./SDK/rtos/FreeRTOS_S32K/Source/timers.o
 .debug_aranges
                0x000006d8       0x80 ./SDK/rtos/FreeRTOS_S32K/Source/portable/GCC/ARM_CM4F/port.o
 .debug_aranges
                0x00000758       0x38 ./SDK/rtos/FreeRTOS_S32K/Source/portable/MemMang/heap_2.o
 .debug_aranges
                0x00000790       0x20 ./Sources/main.o
 .debug_aranges
                0x000007b0       0x80 ./Sources/rtos.o

.debug_macro    0x00000000    0x1370e
 .debug_macro   0x00000000      0x163 ./Generated_Code/clockMan1.o
 .debug_macro   0x00000163    0x11d1d ./Generated_Code/clockMan1.o
 .debug_macro   0x00011e80       0x10 ./Generated_Code/clockMan1.o
 .debug_macro   0x00011e90       0xb5 ./SDK/platform/devices/S32K148/startup/system_S32K148.o
 .debug_macro   0x00011f45       0xb6 ./SDK/platform/devices/startup.o
 .debug_macro   0x00011ffb       0x40 ./SDK/platform/devices/startup.o
 .debug_macro   0x0001203b      0x2a2 ./SDK/platform/drivers/src/clock/S32K1xx/clock_S32K1xx.o
 .debug_macro   0x000122dd       0xb6 ./SDK/platform/drivers/src/interrupt/interrupt_manager.o
 .debug_macro   0x00012393       0xdd ./SDK/platform/drivers/src/pins/pins_driver.o
 .debug_macro   0x00012470       0xdd ./SDK/platform/drivers/src/pins/pins_port_hw_access.o
 .debug_macro   0x0001254d      0x172 ./SDK/rtos/FreeRTOS_S32K/Source/list.o
 .debug_macro   0x000126bf      0x1e4 ./SDK/rtos/FreeRTOS_S32K/Source/queue.o
 .debug_macro   0x000128a3       0x16 ./SDK/rtos/FreeRTOS_S32K/Source/queue.o
 .debug_macro   0x000128b9       0x35 ./SDK/rtos/FreeRTOS_S32K/Source/queue.o
 .debug_macro   0x000128ee       0x86 ./SDK/rtos/FreeRTOS_S32K/Source/queue.o
 .debug_macro   0x00012974      0x2b0 ./SDK/rtos/FreeRTOS_S32K/Source/tasks.o
 .debug_macro   0x00012c24       0x10 ./SDK/rtos/FreeRTOS_S32K/Source/tasks.o
 .debug_macro   0x00012c34       0x1c ./SDK/rtos/FreeRTOS_S32K/Source/tasks.o
 .debug_macro   0x00012c50       0x10 ./SDK/rtos/FreeRTOS_S32K/Source/tasks.o
 .debug_macro   0x00012c60       0x10 ./SDK/rtos/FreeRTOS_S32K/Source/tasks.o
 .debug_macro   0x00012c70       0xb6 ./SDK/rtos/FreeRTOS_S32K/Source/tasks.o
 .debug_macro   0x00012d26       0x16 ./SDK/rtos/FreeRTOS_S32K/Source/tasks.o
 .debug_macro   0x00012d3c      0x130 ./SDK/rtos/FreeRTOS_S32K/Source/tasks.o
 .debug_macro   0x00012e6c      0x1b5 ./SDK/rtos/FreeRTOS_S32K/Source/timers.o
 .debug_macro   0x00013021      0x196 ./SDK/rtos/FreeRTOS_S32K/Source/portable/GCC/ARM_CM4F/port.o
 .debug_macro   0x000131b7      0x19f ./SDK/rtos/FreeRTOS_S32K/Source/portable/MemMang/heap_2.o
 .debug_macro   0x00013356      0x17d ./Sources/main.o
 .debug_macro   0x000134d3      0x1ef ./Sources/rtos.o
 .debug_macro   0x000136c2       0x4c ./Sources/rtos.o

.debug_line     0x00000000     0x77c9
 .debug_line    0x00000000      0x6bb ./Generated_Code/clockMan1.o
 .debug_line    0x000006bb       0xc6 ./Project_Settings/Startup_Code/startup_S32K148.o
 .debug_line    0x00000781      0x44f ./SDK/platform/devices/S32K148/startup/system_S32K148.o
 .debug_line    0x00000bd0      0x3d4 ./SDK/platform/devices/startup.o
 .debug_line    0x00000fa4     0x15fa ./SDK/platform/drivers/src/clock/S32K1xx/clock_S32K1xx.o
 .debug_line    0x0000259e      0x59f ./SDK/platform/drivers/src/interrupt/interrupt_manager.o
 .debug_line    0x00002b3d      0x71e ./SDK/platform/drivers/src/pins/pins_driver.o
 .debug_line    0x0000325b      0x5dd ./SDK/platform/drivers/src/pins/pins_port_hw_access.o
 .debug_line    0x00003838      0x4fd ./SDK/rtos/FreeRTOS_S32K/Source/list.o
 .debug_line    0x00003d35      0xb20 ./SDK/rtos/FreeRTOS_S32K/Source/queue.o
 .debug_line    0x00004855      0xee8 ./SDK/rtos/FreeRTOS_S32K/Source/tasks.o
 .debug_line    0x0000573d      0x72b ./SDK/rtos/FreeRTOS_S32K/Source/timers.o
 .debug_line    0x00005e68      0x548 ./SDK/rtos/FreeRTOS_S32K/Source/portable/GCC/ARM_CM4F/port.o
 .debug_line    0x000063b0      0x536 ./SDK/rtos/FreeRTOS_S32K/Source/portable/MemMang/heap_2.o
 .debug_line    0x000068e6      0x6c5 ./Sources/main.o
 .debug_line    0x00006fab      0x81e ./Sources/rtos.o

.debug_str      0x00000000    0x8e58e
 .debug_str     0x00000000    0x82346 ./Generated_Code/clockMan1.o
                              0x827dc (size before relaxing)
 .debug_str     0x00082346       0x81 ./Project_Settings/Startup_Code/startup_S32K148.o
                                 0xb0 (size before relaxing)
 .debug_str     0x000823c7      0x24e ./SDK/platform/devices/S32K148/startup/system_S32K148.o
                              0x7d16f (size before relaxing)
 .debug_str     0x00082615      0x39e ./SDK/platform/devices/startup.o
                              0x7d28c (size before relaxing)
 .debug_str     0x000829b3     0x206c ./SDK/platform/drivers/src/clock/S32K1xx/clock_S32K1xx.o
                              0x8168e (size before relaxing)
 .debug_str     0x00084a1f      0xa26 ./SDK/platform/drivers/src/interrupt/interrupt_manager.o
                              0x7d9a8 (size before relaxing)
 .debug_str     0x00085445      0x64b ./SDK/platform/drivers/src/pins/pins_driver.o
                              0x7e3e8 (size before relaxing)
 .debug_str     0x00085a90      0x1d9 ./SDK/platform/drivers/src/pins/pins_port_hw_access.o
                              0x7d8d0 (size before relaxing)
 .debug_str     0x00085c69     0x3a55 ./SDK/rtos/FreeRTOS_S32K/Source/list.o
                               0x9fd7 (size before relaxing)
 .debug_str     0x000896be     0x1753 ./SDK/rtos/FreeRTOS_S32K/Source/queue.o
                               0xb6fb (size before relaxing)
 .debug_str     0x0008ae11     0x2362 ./SDK/rtos/FreeRTOS_S32K/Source/tasks.o
                               0xcc2b (size before relaxing)
 .debug_str     0x0008d173      0x51f ./SDK/rtos/FreeRTOS_S32K/Source/timers.o
                               0xbb1f (size before relaxing)
 .debug_str     0x0008d692      0x7b0 ./SDK/rtos/FreeRTOS_S32K/Source/portable/GCC/ARM_CM4F/port.o
                               0x7b64 (size before relaxing)
 .debug_str     0x0008de42      0x39e ./SDK/rtos/FreeRTOS_S32K/Source/portable/MemMang/heap_2.o
                               0xa850 (size before relaxing)
 .debug_str     0x0008e1e0       0x3b ./Sources/main.o
                              0x8236c (size before relaxing)
 .debug_str     0x0008e21b      0x373 ./Sources/rtos.o
                              0x84da2 (size before relaxing)

.comment        0x00000000       0xa0
 .comment       0x00000000       0xa0 ./Generated_Code/clockMan1.o
                                 0xa1 (size before relaxing)
 .comment       0x000000a0       0xa1 ./SDK/platform/devices/S32K148/startup/system_S32K148.o
 .comment       0x000000a0       0xa1 ./SDK/platform/devices/startup.o
 .comment       0x000000a0       0xa1 ./SDK/platform/drivers/src/clock/S32K1xx/clock_S32K1xx.o
 .comment       0x000000a0       0xa1 ./SDK/platform/drivers/src/interrupt/interrupt_manager.o
 .comment       0x000000a0       0xa1 ./SDK/platform/drivers/src/pins/pins_driver.o
 .comment       0x000000a0       0xa1 ./SDK/platform/drivers/src/pins/pins_port_hw_access.o
 .comment       0x000000a0       0xa1 ./SDK/rtos/FreeRTOS_S32K/Source/list.o
 .comment       0x000000a0       0xa1 ./SDK/rtos/FreeRTOS_S32K/Source/queue.o
 .comment       0x000000a0       0xa1 ./SDK/rtos/FreeRTOS_S32K/Source/tasks.o
 .comment       0x000000a0       0xa1 ./SDK/rtos/FreeRTOS_S32K/Source/timers.o
 .comment       0x000000a0       0xa1 ./SDK/rtos/FreeRTOS_S32K/Source/portable/GCC/ARM_CM4F/port.o
 .comment       0x000000a0       0xa1 ./SDK/rtos/FreeRTOS_S32K/Source/portable/MemMang/heap_2.o
 .comment       0x000000a0       0xa1 ./Sources/main.o
 .comment       0x000000a0       0xa1 ./Sources/rtos.o

.debug_loc      0x00000000     0xaa4b
 .debug_loc     0x00000000       0xeb ./SDK/platform/devices/S32K148/startup/system_S32K148.o
 .debug_loc     0x000000eb       0xec ./SDK/platform/devices/startup.o
 .debug_loc     0x000001d7     0x54e3 ./SDK/platform/drivers/src/clock/S32K1xx/clock_S32K1xx.o
 .debug_loc     0x000056ba      0x590 ./SDK/platform/drivers/src/interrupt/interrupt_manager.o
 .debug_loc     0x00005c4a      0x7c7 ./SDK/platform/drivers/src/pins/pins_driver.o
 .debug_loc     0x00006411      0x639 ./SDK/platform/drivers/src/pins/pins_port_hw_access.o
 .debug_loc     0x00006a4a       0x65 ./SDK/rtos/FreeRTOS_S32K/Source/list.o
 .debug_loc     0x00006aaf     0x139c ./SDK/rtos/FreeRTOS_S32K/Source/queue.o
 .debug_loc     0x00007e4b     0x1d88 ./SDK/rtos/FreeRTOS_S32K/Source/tasks.o
 .debug_loc     0x00009bd3      0xa98 ./SDK/rtos/FreeRTOS_S32K/Source/timers.o
 .debug_loc     0x0000a66b       0xdc ./SDK/rtos/FreeRTOS_S32K/Source/portable/GCC/ARM_CM4F/port.o
 .debug_loc     0x0000a747      0x2a1 ./SDK/rtos/FreeRTOS_S32K/Source/portable/MemMang/heap_2.o
 .debug_loc     0x0000a9e8       0x63 ./Sources/rtos.o

.debug_ranges   0x00000000      0xc60
 .debug_ranges  0x00000000       0x20 ./SDK/platform/devices/S32K148/startup/system_S32K148.o
 .debug_ranges  0x00000020       0x10 ./SDK/platform/devices/startup.o
 .debug_ranges  0x00000030      0x380 ./SDK/platform/drivers/src/clock/S32K1xx/clock_S32K1xx.o
 .debug_ranges  0x000003b0       0x98 ./SDK/platform/drivers/src/interrupt/interrupt_manager.o
 .debug_ranges  0x00000448       0xd0 ./SDK/platform/drivers/src/pins/pins_driver.o
 .debug_ranges  0x00000518       0x48 ./SDK/platform/drivers/src/pins/pins_port_hw_access.o
 .debug_ranges  0x00000560       0x30 ./SDK/rtos/FreeRTOS_S32K/Source/list.o
 .debug_ranges  0x00000590      0x260 ./SDK/rtos/FreeRTOS_S32K/Source/queue.o
 .debug_ranges  0x000007f0      0x280 ./SDK/rtos/FreeRTOS_S32K/Source/tasks.o
 .debug_ranges  0x00000a70       0xd8 ./SDK/rtos/FreeRTOS_S32K/Source/timers.o
 .debug_ranges  0x00000b48       0x70 ./SDK/rtos/FreeRTOS_S32K/Source/portable/GCC/ARM_CM4F/port.o
 .debug_ranges  0x00000bb8       0x28 ./SDK/rtos/FreeRTOS_S32K/Source/portable/MemMang/heap_2.o
 .debug_ranges  0x00000be0       0x10 ./Sources/main.o
 .debug_ranges  0x00000bf0       0x70 ./Sources/rtos.o

.debug_frame    0x00000000     0x15a0
 .debug_frame   0x00000000       0x40 ./SDK/platform/devices/S32K148/startup/system_S32K148.o
 .debug_frame   0x00000040       0x2c ./SDK/platform/devices/startup.o
 .debug_frame   0x0000006c      0x3b4 ./SDK/platform/drivers/src/clock/S32K1xx/clock_S32K1xx.o
 .debug_frame   0x00000420       0xcc ./SDK/platform/drivers/src/interrupt/interrupt_manager.o
 .debug_frame   0x000004ec      0x1e4 ./SDK/platform/drivers/src/pins/pins_driver.o
 .debug_frame   0x000006d0       0xa0 ./SDK/platform/drivers/src/pins/pins_port_hw_access.o
 .debug_frame   0x00000770       0x6c ./SDK/rtos/FreeRTOS_S32K/Source/list.o
 .debug_frame   0x000007dc      0x374 ./SDK/rtos/FreeRTOS_S32K/Source/queue.o
 .debug_frame   0x00000b50      0x574 ./SDK/rtos/FreeRTOS_S32K/Source/tasks.o
 .debug_frame   0x000010c4      0x1d0 ./SDK/rtos/FreeRTOS_S32K/Source/timers.o
 .debug_frame   0x00001294      0x100 ./SDK/rtos/FreeRTOS_S32K/Source/portable/GCC/ARM_CM4F/port.o
 .debug_frame   0x00001394       0x70 ./SDK/rtos/FreeRTOS_S32K/Source/portable/MemMang/heap_2.o
 .debug_frame   0x00001404       0x28 ./Sources/main.o
 .debug_frame   0x0000142c      0x12c ./Sources/rtos.o
 .debug_frame   0x00001558       0x28 F:/NXP/S32DS_ARM_v2.2/S32DS/build_tools/gcc_v6.3/gcc-6.3-arm32-eabi/arm-none-eabi/newlib/lib/thumb/v7e-m/fpv4-sp/hard\libc_nano.a(lib_a-memcpy-stub.o)
 .debug_frame   0x00001580       0x20 F:/NXP/S32DS_ARM_v2.2/S32DS/build_tools/gcc_v6.3/gcc-6.3-arm32-eabi/arm-none-eabi/newlib/lib/thumb/v7e-m/fpv4-sp/hard\libc_nano.a(lib_a-memset.o)
