Archive member included to satisfy reference by file (symbol)

F:/NXP/S32DS_ARM_v2.2/S32DS/build_tools/gcc_v6.3/arm32_ewl2/lib/thumb/v7e-m/fpv4-sp/hard\libc99.a(puts.o)
                              ./Sources/main.o (puts)
F:/NXP/S32DS_ARM_v2.2/S32DS/build_tools/gcc_v6.3/arm32_ewl2/lib/thumb/v7e-m/fpv4-sp/hard\libc99.a(exit.o)
                              F:/NXP/S32DS_ARM_v2.2/S32DS/build_tools/gcc_v6.3/arm32_ewl2/lib/thumb/v7e-m/fpv4-sp/hard/__arm_start-hosted.o (exit)
F:/NXP/S32DS_ARM_v2.2/S32DS/build_tools/gcc_v6.3/arm32_ewl2/lib/thumb/v7e-m/fpv4-sp/hard\libc99.a(memcpy.o)
                              ./SDK/rtos/FreeRTOS_S32K/Source/queue.o (memcpy)
F:/NXP/S32DS_ARM_v2.2/S32DS/build_tools/gcc_v6.3/arm32_ewl2/lib/thumb/v7e-m/fpv4-sp/hard\libc99.a(memset.o)
                              F:/NXP/S32DS_ARM_v2.2/S32DS/build_tools/gcc_v6.3/arm32_ewl2/lib/thumb/v7e-m/fpv4-sp/hard/__arm_start-hosted.o (memset)
F:/NXP/S32DS_ARM_v2.2/S32DS/build_tools/gcc_v6.3/arm32_ewl2/lib/thumb/v7e-m/fpv4-sp/hard\libc99.a(strlen.o)
                              ./SDK/rtos/FreeRTOS_S32K/Source/tasks.o (strlen)
F:/NXP/S32DS_ARM_v2.2/S32DS/build_tools/gcc_v6.3/arm32_ewl2/lib/thumb/v7e-m/fpv4-sp/hard\libc99.a(fwide.o)
                              F:/NXP/S32DS_ARM_v2.2/S32DS/build_tools/gcc_v6.3/arm32_ewl2/lib/thumb/v7e-m/fpv4-sp/hard\libc99.a(puts.o) (__fwide)
F:/NXP/S32DS_ARM_v2.2/S32DS/build_tools/gcc_v6.3/arm32_ewl2/lib/thumb/v7e-m/fpv4-sp/hard\libc99.a(__wgetchar.o)
                              F:/NXP/S32DS_ARM_v2.2/S32DS/build_tools/gcc_v6.3/arm32_ewl2/lib/thumb/v7e-m/fpv4-sp/hard\libc99.a(fwide.o) (getwc)
F:/NXP/S32DS_ARM_v2.2/S32DS/build_tools/gcc_v6.3/arm32_ewl2/lib/thumb/v7e-m/fpv4-sp/hard\libc99.a(ansi_files.o)
                              F:/NXP/S32DS_ARM_v2.2/S32DS/build_tools/gcc_v6.3/arm32_ewl2/lib/thumb/v7e-m/fpv4-sp/hard\libc99.a(puts.o) (__files)
F:/NXP/S32DS_ARM_v2.2/S32DS/build_tools/gcc_v6.3/arm32_ewl2/lib/thumb/v7e-m/fpv4-sp/hard\libc99.a(fflush.o)
                              F:/NXP/S32DS_ARM_v2.2/S32DS/build_tools/gcc_v6.3/arm32_ewl2/lib/thumb/v7e-m/fpv4-sp/hard\libc99.a(ansi_files.o) (fflush)
F:/NXP/S32DS_ARM_v2.2/S32DS/build_tools/gcc_v6.3/arm32_ewl2/lib/thumb/v7e-m/fpv4-sp/hard\libc99.a(fread.o)
                              F:/NXP/S32DS_ARM_v2.2/S32DS/build_tools/gcc_v6.3/arm32_ewl2/lib/thumb/v7e-m/fpv4-sp/hard\libc99.a(__wgetchar.o) (__fread)
F:/NXP/S32DS_ARM_v2.2/S32DS/build_tools/gcc_v6.3/arm32_ewl2/lib/thumb/v7e-m/fpv4-sp/hard\libc99.a(fwrite.o)
                              F:/NXP/S32DS_ARM_v2.2/S32DS/build_tools/gcc_v6.3/arm32_ewl2/lib/thumb/v7e-m/fpv4-sp/hard\libc99.a(__wgetchar.o) (__fwrite)
F:/NXP/S32DS_ARM_v2.2/S32DS/build_tools/gcc_v6.3/arm32_ewl2/lib/thumb/v7e-m/fpv4-sp/hard\libc99.a(__putchar.o)
                              F:/NXP/S32DS_ARM_v2.2/S32DS/build_tools/gcc_v6.3/arm32_ewl2/lib/thumb/v7e-m/fpv4-sp/hard\libc99.a(puts.o) (__put_char)
F:/NXP/S32DS_ARM_v2.2/S32DS/build_tools/gcc_v6.3/arm32_ewl2/lib/thumb/v7e-m/fpv4-sp/hard\libc99.a(mbtowc.o)
                              F:/NXP/S32DS_ARM_v2.2/S32DS/build_tools/gcc_v6.3/arm32_ewl2/lib/thumb/v7e-m/fpv4-sp/hard\libc99.a(__wgetchar.o) (mbtowc)
F:/NXP/S32DS_ARM_v2.2/S32DS/build_tools/gcc_v6.3/arm32_ewl2/lib/thumb/v7e-m/fpv4-sp/hard\libc99.a(__filll_mem.o)
                              F:/NXP/S32DS_ARM_v2.2/S32DS/build_tools/gcc_v6.3/arm32_ewl2/lib/thumb/v7e-m/fpv4-sp/hard\libc99.a(memset.o) (__fill_mem)
F:/NXP/S32DS_ARM_v2.2/S32DS/build_tools/gcc_v6.3/arm32_ewl2/lib/thumb/v7e-m/fpv4-sp/hard\libc99.a(__memrchr.o)
                              F:/NXP/S32DS_ARM_v2.2/S32DS/build_tools/gcc_v6.3/arm32_ewl2/lib/thumb/v7e-m/fpv4-sp/hard\libc99.a(fwrite.o) (__memrchr)
F:/NXP/S32DS_ARM_v2.2/S32DS/build_tools/gcc_v6.3/arm32_ewl2/lib/thumb/v7e-m/fpv4-sp/hard\libc99.a(errno.o)
                              F:/NXP/S32DS_ARM_v2.2/S32DS/build_tools/gcc_v6.3/arm32_ewl2/lib/thumb/v7e-m/fpv4-sp/hard\libc99.a(mbtowc.o) (errno)
F:/NXP/S32DS_ARM_v2.2/S32DS/build_tools/gcc_v6.3/arm32_ewl2/lib/thumb/v7e-m/fpv4-sp/hard\libc99.a(__buffer_io.o)
                              F:/NXP/S32DS_ARM_v2.2/S32DS/build_tools/gcc_v6.3/arm32_ewl2/lib/thumb/v7e-m/fpv4-sp/hard\libc99.a(fread.o) (__prep_buffer)
F:/NXP/S32DS_ARM_v2.2/S32DS/build_tools/gcc_v6.3/arm32_ewl2/lib/thumb/v7e-m/fpv4-sp/hard\librt.a(gcc_ctor_dtor.o)
                              F:/NXP/S32DS_ARM_v2.2/S32DS/build_tools/gcc_v6.3/arm32_ewl2/lib/thumb/v7e-m/fpv4-sp/hard/__arm_start-hosted.o (__init_cpp)
F:/NXP/S32DS_ARM_v2.2/S32DS/build_tools/gcc_v6.3/arm32_ewl2/lib/thumb/v7e-m/fpv4-sp/hard\librt.a(__arm_eabi_init.o)
                              F:/NXP/S32DS_ARM_v2.2/S32DS/build_tools/gcc_v6.3/arm32_ewl2/lib/thumb/v7e-m/fpv4-sp/hard\libc99.a(exit.o) (__destroy_global_chain)
F:/NXP/S32DS_ARM_v2.2/S32DS/build_tools/gcc_v6.3/arm32_ewl2/lib/thumb/v7e-m/fpv4-sp/hard\librt.a(ROMCopy.o)
[...]
Memory Configuration

Name             Origin             Length             Attributes
m_interrupts     0x00000000         0x00000400         xr
m_flash_config   0x00000400         0x00000010         xr
m_text           0x00000410         0x0017fbf0         xr
m_data           0x1ffe0000         0x00020000         rw
m_data_2         0x20000000         0x0001f000         rw
*default*        0x00000000         0xffffffff

Linker script and memory map

LOAD F:/NXP/S32DS_ARM_v2.2/S32DS/build_tools/gcc_v6.3/arm32_ewl2/lib/thumb/v7e-m/fpv4-sp/hard/__arm_start-hosted.o
LOAD ./Generated_Code/Cpu.o
LOAD ./Generated_Code/clockMan1.o
LOAD ./Generated_Code/flexTimer_mc1.o
LOAD ./Generated_Code/pin_mux.o
LOAD ./Project_Settings/Startup_Code/startup_S32K148.o
LOAD ./SDK/platform/devices/S32K148/startup/system_S32K148.o
LOAD ./SDK/platform/devices/startup.o
LOAD ./SDK/platform/drivers/src/clock/S32K1xx/clock_S32K1xx.o
LOAD ./SDK/platform/drivers/src/ftm/ftm_common.o
LOAD ./SDK/platform/drivers/src/ftm/ftm_hw_access.o
LOAD ./SDK/platform/drivers/src/ftm/ftm_mc_driver.o
LOAD ./SDK/platform/drivers/src/interrupt/interrupt_manager.o
LOAD ./SDK/platform/drivers/src/pins/pins_driver.o
LOAD ./SDK/platform/drivers/src/pins/pins_port_hw_access.o
LOAD ./SDK/rtos/FreeRTOS_S32K/Source/croutine.o
LOAD ./SDK/rtos/FreeRTOS_S32K/Source/event_groups.o
LOAD ./SDK/rtos/FreeRTOS_S32K/Source/list.o
LOAD ./SDK/rtos/FreeRTOS_S32K/Source/queue.o
LOAD ./SDK/rtos/FreeRTOS_S32K/Source/stream_buffer.o
LOAD ./SDK/rtos/FreeRTOS_S32K/Source/tasks.o
LOAD ./SDK/rtos/FreeRTOS_S32K/Source/timers.o
LOAD ./SDK/rtos/FreeRTOS_S32K/Source/portable/GCC/ARM_CM4F/port.o
LOAD ./SDK/rtos/FreeRTOS_S32K/Source/portable/MemMang/heap_2.o
LOAD ./Sources/main.o
START GROUP
LOAD F:/NXP/S32DS_ARM_v2.2/S32DS/build_tools/gcc_v6.3/arm32_ewl2/lib/thumb/v7e-m/fpv4-sp/hard\libc99.a
LOAD F:/NXP/S32DS_ARM_v2.2/S32DS/build_tools/gcc_v6.3/arm32_ewl2/lib/thumb/v7e-m/fpv4-sp/hard\libm.a
LOAD f:/nxp/s32ds_arm_v2.2/s32ds/build_tools/gcc_v6.3/gcc-6.3-arm32-eabi/bin/../lib/gcc/arm-none-eabi/6.3.1/thumb/v7e-m/fpv4-sp/hard\libgcc.a
LOAD F:/NXP/S32DS_ARM_v2.2/S32DS/build_tools/gcc_v6.3/arm32_ewl2/lib/thumb/v7e-m/fpv4-sp/hard\librt.a
LOAD F:/NXP/S32DS_ARM_v2.2/S32DS/build_tools/gcc_v6.3/arm32_ewl2/lib/thumb/v7e-m/fpv4-sp/hard\libhosted.a
LOAD F:/NXP/S32DS_ARM_v2.2/S32DS/build_tools/gcc_v6.3/arm32_ewl2/lib/thumb/v7e-m/fpv4-sp/hard/__arm_end-hosted.o
END GROUP
LOAD F:/NXP/S32DS_ARM_v2.2/S32DS/build_tools/gcc_v6.3/arm32_ewl2/lib/thumb/v7e-m/fpv4-sp/hard/__arm_end-hosted.o
                0x00000400                HEAP_SIZE = DEFINED (__heap_size__)?__heap_size__:0x400
                0x00000400                STACK_SIZE = DEFINED (__stack_size__)?__stack_size__:0x400
                0x00000400                M_VECTOR_RAM_SIZE = DEFINED (__flash_vector_table__)?0x0:0x400

.interrupts     0x00000000      0x400
                0x00000000                __VECTOR_TABLE = .
                0x00000000                __interrupts_start__ = .
                0x00000000                . = ALIGN (0x4)
 *(.isr_vector)
 .isr_vector    0x00000000      0x400 ./Project_Settings/Startup_Code/startup_S32K148.o
                0x00000000                __isr_vector
                0x00000400                __interrupts_end__ = .
                0x00000400                . = ALIGN (0x4)

.flash_config   0x00000400       0x10
                0x00000400                . = ALIGN (0x4)
 *(.FlashConfig)
 .FlashConfig   0x00000400       0x10 ./Project_Settings/Startup_Code/startup_S32K148.o
                0x00000410                . = ALIGN (0x4)

.text           0x00000410     0x2c78
                0x00000410                . = ALIGN (0x4)
 *(.text)
 .text          0x00000410       0x4c ./Project_Settings/Startup_Code/startup_S32K148.o
                0x00000410                Reset_Handler
                0x00000458                FTM5_Ch2_Ch3_IRQHandler
                0x00000458                DebugMon_Handler
                0x00000458                CAN0_ORed_IRQHandler
                0x00000458                HardFault_Handler
                0x00000458                FTM7_Ch2_Ch3_IRQHandler
                0x00000458                Reserved103_IRQHandler
                0x00000458                FTM7_Ch6_Ch7_IRQHandler
                0x00000458                FTM2_Ovf_Reload_IRQHandler
                0x00000458                Reserved50_IRQHandler
                0x00000458                FTFC_Fault_IRQHandler
                0x00000458                FTM0_Ch6_Ch7_IRQHandler
                0x00000458                Reserved114_IRQHandler
                0x00000458                NMI_Handler
                0x00000458                ERM_double_fault_IRQHandler
                0x00000458                DMA2_IRQHandler
                0x00000458                Reserved59_IRQHandler
                0x00000458                LPIT0_Ch0_IRQHandler
                0x00000458                Reserved99_IRQHandler
                0x00000458                FTM7_Ch4_Ch5_IRQHandler
                0x00000458                FTM3_Ch6_Ch7_IRQHandler
                0x00000458                CAN2_ORed_0_15_MB_IRQHandler
                0x00000458                LPIT0_Ch3_IRQHandler
                0x00000458                LPI2C1_Master_IRQHandler
                0x00000458                FTM0_Ch4_Ch5_IRQHandler
                0x00000458                CAN1_Error_IRQHandler
                0x00000458                FTM4_Ch6_Ch7_IRQHandler
                0x00000458                FTM3_Ch0_Ch1_IRQHandler
                0x00000458                SWI_IRQHandler
                0x00000458                ADC0_IRQHandler
                0x00000458                FTM2_Ch4_Ch5_IRQHandler
                0x00000458                UsageFault_Handler
                0x00000458                FTM0_Ovf_Reload_IRQHandler
                0x00000458                FTM4_Fault_IRQHandler
                0x00000458                DefaultISR
                0x00000458                DMA9_IRQHandler
                0x00000458                Reserved58_IRQHandler
                0x00000458                FTM7_Fault_IRQHandler
                0x00000458                LPI2C1_Slave_IRQHandler
                0x00000458                CAN1_ORed_0_15_MB_IRQHandler
                0x00000458                FTM1_Ch2_Ch3_IRQHandler
                0x00000458                DMA14_IRQHandler
                0x00000458                Reserved82_IRQHandler
                0x00000458                CAN0_ORed_16_31_MB_IRQHandler
                0x00000458                LPI2C0_Slave_IRQHandler
                0x00000458                PORTD_IRQHandler
                0x00000458                SAI1_Rx_IRQHandler
                0x00000458                Reserved69_IRQHandler
                0x00000458                PORTB_IRQHandler
                0x00000458                Reserved70_IRQHandler
                0x00000458                ADC1_IRQHandler
                0x00000458                FTM2_Ch2_Ch3_IRQHandler
                0x00000458                FTM5_Ch0_Ch1_IRQHandler
                0x00000458                Reserved53_IRQHandler
                0x00000458                DMA5_IRQHandler
                0x00000458                RTC_IRQHandler
                0x00000458                PDB0_IRQHandler
                0x00000458                Reserved54_IRQHandler
                0x00000458                FTM6_Fault_IRQHandler
                0x00000458                FTM2_Ch6_Ch7_IRQHandler
                0x00000458                FTM6_Ch4_Ch5_IRQHandler
                0x00000458                FTM3_Ch2_Ch3_IRQHandler
                0x00000458                FTM6_Ch2_Ch3_IRQHandler
                0x00000458                FTM2_Ch0_Ch1_IRQHandler
                0x00000458                LPSPI1_IRQHandler
                0x00000458                LPUART1_RxTx_IRQHandler
                0x00000458                FTM4_Ovf_Reload_IRQHandler
                0x00000458                RTC_Seconds_IRQHandler
                0x00000458                FTM7_Ch0_Ch1_IRQHandler
                0x00000458                CAN2_ORed_IRQHandler
                0x00000458                Reserved110_IRQHandler
                0x00000458                DMA11_IRQHandler
                0x00000458                Reserved107_IRQHandler
                0x00000458                ENET_TIMER_IRQHandler
                0x00000458                Read_Collision_IRQHandler
                0x00000458                CAN2_Error_IRQHandler
                0x00000458                FTFC_IRQHandler
                0x00000458                DMA7_IRQHandler
                0x00000458                FTM1_Ch6_Ch7_IRQHandler
                0x00000458                FTM5_Fault_IRQHandler
                0x00000458                FTM6_Ovf_Reload_IRQHandler
                0x00000458                LPIT0_Ch1_IRQHandler
                0x00000458                FTM4_Ch0_Ch1_IRQHandler
                0x00000458                FTM1_Ch4_Ch5_IRQHandler
                0x00000458                FTM3_Ovf_Reload_IRQHandler
                0x00000458                SAI0_Tx_IRQHandler
                0x00000458                LPUART2_RxTx_IRQHandler
                0x00000458                FTM5_Ch4_Ch5_IRQHandler
                0x00000458                LPSPI0_IRQHandler
                0x00000458                WDOG_EWM_IRQHandler
                0x00000458                MemManage_Handler
                0x00000458                Reserved83_IRQHandler
                0x00000458                FTM0_Fault_IRQHandler
                0x00000458                FTM6_Ch6_Ch7_IRQHandler
                0x00000458                Reserved48_IRQHandler
                0x00000458                ENET_TX_IRQHandler
                0x00000458                ERM_single_fault_IRQHandler
                0x00000458                FTM2_Fault_IRQHandler
                0x00000458                FTM0_Ch2_Ch3_IRQHandler
                0x00000458                DMA13_IRQHandler
                0x00000458                FTM4_Ch2_Ch3_IRQHandler
                0x00000458                FTM0_Ch0_Ch1_IRQHandler
                0x00000458                FTM4_Ch4_Ch5_IRQHandler
                0x00000458                FTM5_Ovf_Reload_IRQHandler
                0x00000458                FTM3_Fault_IRQHandler
                0x00000458                RCM_IRQHandler
                0x00000458                DMA3_IRQHandler
                0x00000458                Reserved100_IRQHandler
                0x00000458                DMA0_IRQHandler
                0x00000458                CAN1_ORed_IRQHandler
                0x00000458                SAI0_Rx_IRQHandler
                0x00000458                DMA15_IRQHandler
                0x00000458                SCG_IRQHandler
                0x00000458                PDB1_IRQHandler
                0x00000458                CAN2_ORed_16_31_MB_IRQHandler
                0x00000458                CAN0_Error_IRQHandler
                0x00000458                LPI2C0_Master_IRQHandler
                0x00000458                ENET_WAKE_IRQHandler
                0x00000458                DMA4_IRQHandler
                0x00000458                FTM1_Fault_IRQHandler
                0x00000458                Reserved106_IRQHandler
                0x00000458                ENET_ERR_IRQHandler
                0x00000458                DMA_Error_IRQHandler
                0x00000458                LVD_LVW_IRQHandler
                0x00000458                ENET_STOP_IRQHandler
                0x00000458                ENET_RX_IRQHandler
                0x00000458                LPIT0_Ch2_IRQHandler
                0x00000458                PORTA_IRQHandler
                0x00000458                FTM5_Ch6_Ch7_IRQHandler
                0x00000458                CAN1_ORed_16_31_MB_IRQHandler
                0x00000458                MCM_IRQHandler
                0x00000458                LPSPI2_IRQHandler
                0x00000458                DMA12_IRQHandler
                0x00000458                FTM7_Ovf_Reload_IRQHandler
                0x00000458                FTM3_Ch4_Ch5_IRQHandler
                0x00000458                CAN0_ORed_0_15_MB_IRQHandler
                0x00000458                PORTE_IRQHandler
                0x00000458                LPUART0_RxTx_IRQHandler
                0x00000458                FTM6_Ch0_Ch1_IRQHandler
                0x00000458                LPTMR0_IRQHandler
                0x00000458                BusFault_Handler
                0x00000458                FTM1_Ovf_Reload_IRQHandler
                0x00000458                DMA8_IRQHandler
                0x00000458                DMA10_IRQHandler
                0x00000458                CAN0_Wake_Up_IRQHandler
                0x00000458                QSPI_IRQHandler
                0x00000458                CMP0_IRQHandler
                0x00000458                Reserved52_IRQHandler
                0x00000458                PORTC_IRQHandler
                0x00000458                DMA6_IRQHandler
                0x00000458                FTM1_Ch0_Ch1_IRQHandler
                0x00000458                FLEXIO_IRQHandler
                0x00000458                SAI1_Tx_IRQHandler
                0x00000458                DMA1_IRQHandler
                0x00000458                Reserved113_IRQHandler
 *(.text*)
 .text.SystemInit
                0x0000045c       0x4c ./SDK/platform/devices/S32K148/startup/system_S32K148.o
                0x0000045c                SystemInit
 .text.init_data_bss
                0x000004a8       0xd8 ./SDK/platform/devices/startup.o
                0x000004a8                init_data_bss
 .text.CLOCK_SYS_GetCurrentRunMode
                0x00000580       0x24 ./SDK/platform/drivers/src/clock/S32K1xx/clock_S32K1xx.o
 .text.CLOCK_SYS_GetSysOscFreq
                0x000005a4       0x1c ./SDK/platform/drivers/src/clock/S32K1xx/clock_S32K1xx.o
 .text.CLOCK_SYS_ConfigureSOSC
                0x000005c0      0x12c ./SDK/platform/drivers/src/clock/S32K1xx/clock_S32K1xx.o
 .text.CLOCK_SYS_GetSircFreq
                0x000006ec       0x2c ./SDK/platform/drivers/src/clock/S32K1xx/clock_S32K1xx.o
 .text.CLOCK_SYS_ConfigureSIRC
                0x00000718       0xc4 ./SDK/platform/drivers/src/clock/S32K1xx/clock_S32K1xx.o
 .text.CLOCK_SYS_GetFircFreq
                0x000007dc       0x20 ./SDK/platform/drivers/src/clock/S32K1xx/clock_S32K1xx.o
 .text.CLOCK_SYS_ConfigureFIRC
                0x000007fc       0xb4 ./SDK/platform/drivers/src/clock/S32K1xx/clock_S32K1xx.o
 .text.CLOCK_SYS_GetSysPllFreq
                0x000008b0       0x44 ./SDK/platform/drivers/src/clock/S32K1xx/clock_S32K1xx.o
 .text.CLOCK_SYS_ConfigureSPLL
                0x000008f4      0x104 ./SDK/platform/drivers/src/clock/S32K1xx/clock_S32K1xx.o
 .text.CLOCK_SYS_SetSystemClockConfig
                0x000009f8      0x1e4 ./SDK/platform/drivers/src/clock/S32K1xx/clock_S32K1xx.o
 .text.CLOCK_SYS_TransitionSystemClock
                0x00000bdc       0x3c ./SDK/platform/drivers/src/clock/S32K1xx/clock_S32K1xx.o
 .text.CLOCK_DRV_Init
                0x00000c18      0x5b0 ./SDK/platform/drivers/src/clock/S32K1xx/clock_S32K1xx.o
                0x00000c18                CLOCK_DRV_Init
 .text.CLOCK_SYS_Init
                0x000011c8       0x1c ./SDK/platform/drivers/src/clock/S32K1xx/clock_S32K1xx.o
                0x000011c8                CLOCK_SYS_Init
 .text.CLOCK_SYS_UpdateConfiguration
                0x000011e4       0xe8 ./SDK/platform/drivers/src/clock/S32K1xx/clock_S32K1xx.o
                0x000011e4                CLOCK_SYS_UpdateConfiguration
 .text.INT_SYS_EnableIRQGlobal
                0x000012cc       0x1c ./SDK/platform/drivers/src/interrupt/interrupt_manager.o
                0x000012cc                INT_SYS_EnableIRQGlobal
 .text.INT_SYS_DisableIRQGlobal
                0x000012e8       0x10 ./SDK/platform/drivers/src/interrupt/interrupt_manager.o
                0x000012e8                INT_SYS_DisableIRQGlobal
 .text.vListInitialise
                0x000012f8       0x16 ./SDK/rtos/FreeRTOS_S32K/Source/list.o
                0x000012f8                vListInitialise
 .text.vListInitialiseItem
                0x0000130e        0x6 ./SDK/rtos/FreeRTOS_S32K/Source/list.o
                0x0000130e                vListInitialiseItem
 .text.vListInsertEnd
                0x00001314       0x18 ./SDK/rtos/FreeRTOS_S32K/Source/list.o
                0x00001314                vListInsertEnd
 .text.vListInsert
                0x0000132c       0x34 ./SDK/rtos/FreeRTOS_S32K/Source/list.o
                0x0000132c                vListInsert
 .text.uxListRemove
                0x00001360       0x26 ./SDK/rtos/FreeRTOS_S32K/Source/list.o
                0x00001360                uxListRemove
 .text.prvIsQueueEmpty
                0x00001386       0x16 ./SDK/rtos/FreeRTOS_S32K/Source/queue.o
 .text.prvCopyDataToQueue
                0x0000139c       0x76 ./SDK/rtos/FreeRTOS_S32K/Source/queue.o
 .text.prvCopyDataFromQueue
                0x00001412       0x24 ./SDK/rtos/FreeRTOS_S32K/Source/queue.o
 .text.prvUnlockQueue
                0x00001436       0x82 ./SDK/rtos/FreeRTOS_S32K/Source/queue.o
 .text.xQueueGenericReset
                0x000014b8       0x80 ./SDK/rtos/FreeRTOS_S32K/Source/queue.o
                0x000014b8                xQueueGenericReset
 .text.xQueueGenericCreate
                0x00001538       0x44 ./SDK/rtos/FreeRTOS_S32K/Source/queue.o
                0x00001538                xQueueGenericCreate
 .text.xQueueGenericSend
                0x0000157c      0x188 ./SDK/rtos/FreeRTOS_S32K/Source/queue.o
                0x0000157c                xQueueGenericSend
 .text.xQueueGenericSendFromISR
                0x00001704       0xd6 ./SDK/rtos/FreeRTOS_S32K/Source/queue.o
                0x00001704                xQueueGenericSendFromISR
 *fill*         0x000017da        0x2 
 .text.xQueueReceive
                0x000017dc      0x158 ./SDK/rtos/FreeRTOS_S32K/Source/queue.o
                0x000017dc                xQueueReceive
 .text.vQueueWaitForMessageRestricted
                0x00001934       0x4e ./SDK/rtos/FreeRTOS_S32K/Source/queue.o
                0x00001934                vQueueWaitForMessageRestricted
 *fill*         0x00001982        0x2 
 .text.prvResetNextTaskUnblockTime
                0x00001984       0x2c ./SDK/rtos/FreeRTOS_S32K/Source/tasks.o
 .text.prvIdleTask
                0x000019b0       0x70 ./SDK/rtos/FreeRTOS_S32K/Source/tasks.o
 .text.prvAddCurrentTaskToDelayedList
                0x00001a20       0xa0 ./SDK/rtos/FreeRTOS_S32K/Source/tasks.o
 .text.xTaskCreate
                0x00001ac0      0x1cc ./SDK/rtos/FreeRTOS_S32K/Source/tasks.o
                0x00001ac0                xTaskCreate
 .text.vTaskStartScheduler
                0x00001c8c       0x84 ./SDK/rtos/FreeRTOS_S32K/Source/tasks.o
                0x00001c8c                vTaskStartScheduler
 .text.vTaskSuspendAll
                0x00001d10       0x10 ./SDK/rtos/FreeRTOS_S32K/Source/tasks.o
                0x00001d10                vTaskSuspendAll
 .text.xTaskGetTickCount
                0x00001d20        0xc ./SDK/rtos/FreeRTOS_S32K/Source/tasks.o
                0x00001d20                xTaskGetTickCount
 .text.xTaskIncrementTick
                0x00001d2c      0x128 ./SDK/rtos/FreeRTOS_S32K/Source/tasks.o
                0x00001d2c                xTaskIncrementTick
 .text.xTaskResumeAll
                0x00001e54      0x100 ./SDK/rtos/FreeRTOS_S32K/Source/tasks.o
                0x00001e54                xTaskResumeAll
 .text.vTaskDelay
                0x00001f54       0x4c ./SDK/rtos/FreeRTOS_S32K/Source/tasks.o
                0x00001f54                vTaskDelay
 .text.vTaskSwitchContext
                0x00001fa0       0x94 ./SDK/rtos/FreeRTOS_S32K/Source/tasks.o
                0x00001fa0                vTaskSwitchContext
 .text.vTaskPlaceOnEventList
                0x00002034       0x30 ./SDK/rtos/FreeRTOS_S32K/Source/tasks.o
                0x00002034                vTaskPlaceOnEventList
 .text.vTaskPlaceOnEventListRestricted
                0x00002064       0x3c ./SDK/rtos/FreeRTOS_S32K/Source/tasks.o
                0x00002064                vTaskPlaceOnEventListRestricted
 .text.xTaskRemoveFromEventList
                0x000020a0       0x88 ./SDK/rtos/FreeRTOS_S32K/Source/tasks.o
                0x000020a0                xTaskRemoveFromEventList
 .text.vTaskInternalSetTimeOutState
                0x00002128       0x18 ./SDK/rtos/FreeRTOS_S32K/Source/tasks.o
                0x00002128                vTaskInternalSetTimeOutState
 .text.xTaskCheckForTimeOut
                0x00002140       0x9c ./SDK/rtos/FreeRTOS_S32K/Source/tasks.o
                0x00002140                xTaskCheckForTimeOut
 .text.vTaskMissedYield
                0x000021dc        0xc ./SDK/rtos/FreeRTOS_S32K/Source/tasks.o
                0x000021dc                vTaskMissedYield
 .text.xTaskGetSchedulerState
                0x000021e8       0x20 ./SDK/rtos/FreeRTOS_S32K/Source/tasks.o
                0x000021e8                xTaskGetSchedulerState
 .text.xTaskPriorityDisinherit
                0x00002208       0xb0 ./SDK/rtos/FreeRTOS_S32K/Source/tasks.o
                0x00002208                xTaskPriorityDisinherit
 .text.prvInsertTimerInActiveList
                0x000022b8       0x48 ./SDK/rtos/FreeRTOS_S32K/Source/timers.o
 .text.prvCheckForValidListAndQueue
                0x00002300       0x50 ./SDK/rtos/FreeRTOS_S32K/Source/timers.o
 .text.xTimerCreateTimerTask
                0x00002350       0x4c ./SDK/rtos/FreeRTOS_S32K/Source/timers.o
                0x00002350                xTimerCreateTimerTask
 .text.xTimerGenericCommand
                0x0000239c       0x60 ./SDK/rtos/FreeRTOS_S32K/Source/timers.o
                0x0000239c                xTimerGenericCommand
 .text.prvSampleTimeNow
                0x000023fc       0xa8 ./SDK/rtos/FreeRTOS_S32K/Source/timers.o
 .text.prvTimerTask
                0x000024a4      0x1c8 ./SDK/rtos/FreeRTOS_S32K/Source/timers.o
 .text.prvTaskExitError
                0x0000266c       0x40 ./SDK/rtos/FreeRTOS_S32K/Source/portable/GCC/ARM_CM4F/port.o
 .text.prvPortStartFirstTask
                0x000026ac       0x28 ./SDK/rtos/FreeRTOS_S32K/Source/portable/GCC/ARM_CM4F/port.o
 .text.vPortEnableVFP
                0x000026d4       0x14 ./SDK/rtos/FreeRTOS_S32K/Source/portable/GCC/ARM_CM4F/port.o
 .text.pxPortInitialiseStack
                0x000026e8       0x2c ./SDK/rtos/FreeRTOS_S32K/Source/portable/GCC/ARM_CM4F/port.o
                0x000026e8                pxPortInitialiseStack
 *fill*         0x00002714        0xc 
 .text.SVC_Handler
                0x00002720       0x24 ./SDK/rtos/FreeRTOS_S32K/Source/portable/GCC/ARM_CM4F/port.o
                0x00002720                SVC_Handler
 .text.vPortEnterCritical
                0x00002744       0x44 ./SDK/rtos/FreeRTOS_S32K/Source/portable/GCC/ARM_CM4F/port.o
                0x00002744                vPortEnterCritical
 .text.vPortExitCritical
                0x00002788       0x2c ./SDK/rtos/FreeRTOS_S32K/Source/portable/GCC/ARM_CM4F/port.o
                0x00002788                vPortExitCritical
 *fill*         0x000027b4        0xc 
 .text.PendSV_Handler
                0x000027c0       0x64 ./SDK/rtos/FreeRTOS_S32K/Source/portable/GCC/ARM_CM4F/port.o
                0x000027c0                PendSV_Handler
 .text.SysTick_Handler
                0x00002824       0x2c ./SDK/rtos/FreeRTOS_S32K/Source/portable/GCC/ARM_CM4F/port.o
                0x00002824                SysTick_Handler
 .text.vPortSetupTimerInterrupt
                0x00002850       0x24 ./SDK/rtos/FreeRTOS_S32K/Source/portable/GCC/ARM_CM4F/port.o
                0x00002850                vPortSetupTimerInterrupt
 .text.xPortStartScheduler
                0x00002874      0x118 ./SDK/rtos/FreeRTOS_S32K/Source/portable/GCC/ARM_CM4F/port.o
                0x00002874                xPortStartScheduler
 .text.vPortValidateInterruptPriority
                0x0000298c       0x5c ./SDK/rtos/FreeRTOS_S32K/Source/portable/GCC/ARM_CM4F/port.o
                0x0000298c                vPortValidateInterruptPriority
 .text.pvPortMalloc
                0x000029e8       0xc8 ./SDK/rtos/FreeRTOS_S32K/Source/portable/MemMang/heap_2.o
                0x000029e8                pvPortMalloc
 .text.vPortFree
                0x00002ab0       0x44 ./SDK/rtos/FreeRTOS_S32K/Source/portable/MemMang/heap_2.o
                0x00002ab0                vPortFree
 .text.StartTask01
                0x00002af4       0x18 ./Sources/main.o
                0x00002af4                StartTask01
 .text.StartTask02
                0x00002b0c       0x18 ./Sources/main.o
                0x00002b0c                StartTask02
 .text.main     0x00002b24       0x74 ./Sources/main.o
                0x00002b24                main
 .text.puts     0x00002b98       0x78 F:/NXP/S32DS_ARM_v2.2/S32DS/build_tools/gcc_v6.3/arm32_ewl2/lib/thumb/v7e-m/fpv4-sp/hard\libc99.a(puts.o)
                0x00002b98                puts
 .text.memcpy   0x00002c10       0x16 F:/NXP/S32DS_ARM_v2.2/S32DS/build_tools/gcc_v6.3/arm32_ewl2/lib/thumb/v7e-m/fpv4-sp/hard\libc99.a(memcpy.o)
                0x00002c10                memcpy
 .text.memset   0x00002c26        0xc F:/NXP/S32DS_ARM_v2.2/S32DS/build_tools/gcc_v6.3/arm32_ewl2/lib/thumb/v7e-m/fpv4-sp/hard\libc99.a(memset.o)
                0x00002c26                memset
 .text.fwide    0x00002c32       0x36 F:/NXP/S32DS_ARM_v2.2/S32DS/build_tools/gcc_v6.3/arm32_ewl2/lib/thumb/v7e-m/fpv4-sp/hard\libc99.a(fwide.o)
                0x00002c32                fwide
 .text.__fwide  0x00002c68        0x4 F:/NXP/S32DS_ARM_v2.2/S32DS/build_tools/gcc_v6.3/arm32_ewl2/lib/thumb/v7e-m/fpv4-sp/hard\libc99.a(fwide.o)
                0x00002c68                __fwide
 .text.__put_char
                0x00002c6c       0x86 F:/NXP/S32DS_ARM_v2.2/S32DS/build_tools/gcc_v6.3/arm32_ewl2/lib/thumb/v7e-m/fpv4-sp/hard\libc99.a(__putchar.o)
                0x00002c6c                __put_char
 .text.__fill_mem
                0x00002cf2       0x70 F:/NXP/S32DS_ARM_v2.2/S32DS/build_tools/gcc_v6.3/arm32_ewl2/lib/thumb/v7e-m/fpv4-sp/hard\libc99.a(__filll_mem.o)
                0x00002cf2                __fill_mem
 .text.__prep_buffer
                0x00002d62       0x16 F:/NXP/S32DS_ARM_v2.2/S32DS/build_tools/gcc_v6.3/arm32_ewl2/lib/thumb/v7e-m/fpv4-sp/hard\libc99.a(__buffer_io.o)
                0x00002d62                __prep_buffer
 .text.__flush_buffer
                0x00002d78       0x34 F:/NXP/S32DS_ARM_v2.2/S32DS/build_tools/gcc_v6.3/arm32_ewl2/lib/thumb/v7e-m/fpv4-sp/hard\libc99.a(__buffer_io.o)
                0x00002d78                __flush_buffer
 .text.sys_writec
                0x00002dac        0xe F:/NXP/S32DS_ARM_v2.2/S32DS/build_tools/gcc_v6.3/arm32_ewl2/lib/thumb/v7e-m/fpv4-sp/hard\libhosted.a(semihosted_console_io.o)
                0x00002dac                sys_writec
 .text.sys_readc
                0x00002dba       0x10 F:/NXP/S32DS_ARM_v2.2/S32DS/build_tools/gcc_v6.3/arm32_ewl2/lib/thumb/v7e-m/fpv4-sp/hard\libhosted.a(semihosted_console_io.o)
                0x00002dba                sys_readc
 .text.__read_console
                0x00002dca       0x1a F:/NXP/S32DS_ARM_v2.2/S32DS/build_tools/gcc_v6.3/arm32_ewl2/lib/thumb/v7e-m/fpv4-sp/hard\libhosted.a(semihosted_console_io.o)
                0x00002dca                __read_console
 .text.__write_console
                0x00002de4       0x18 F:/NXP/S32DS_ARM_v2.2/S32DS/build_tools/gcc_v6.3/arm32_ewl2/lib/thumb/v7e-m/fpv4-sp/hard\libhosted.a(semihosted_console_io.o)
                0x00002de4                __write_console
 .text.__close_console
                0x00002dfc        0x4 F:/NXP/S32DS_ARM_v2.2/S32DS/build_tools/gcc_v6.3/arm32_ewl2/lib/thumb/v7e-m/fpv4-sp/hard\libhosted.a(semihosted_console_io.o)
                0x00002dfc                __close_console
 .text.sys_write
                0x00002e00        0xe F:/NXP/S32DS_ARM_v2.2/S32DS/build_tools/gcc_v6.3/arm32_ewl2/lib/thumb/v7e-m/fpv4-sp/hard\libhosted.a(semihosted_file_io.o)
                0x00002e00                sys_write
 *fill*         0x00002e0e        0x2 
 .text.__write_file
                0x00002e10       0x3c F:/NXP/S32DS_ARM_v2.2/S32DS/build_tools/gcc_v6.3/arm32_ewl2/lib/thumb/v7e-m/fpv4-sp/hard\libhosted.a(semihosted_file_io.o)
                0x00002e10                __write_file
 .text.sys_read
                0x00002e4c        0xe F:/NXP/S32DS_ARM_v2.2/S32DS/build_tools/gcc_v6.3/arm32_ewl2/lib/thumb/v7e-m/fpv4-sp/hard\libhosted.a(semihosted_file_io.o)
                0x00002e4c                sys_read
 *fill*         0x00002e5a        0x2 
 .text.__read_file
                0x00002e5c       0x50 F:/NXP/S32DS_ARM_v2.2/S32DS/build_tools/gcc_v6.3/arm32_ewl2/lib/thumb/v7e-m/fpv4-sp/hard\libhosted.a(semihosted_file_io.o)
                0x00002e5c                __read_file
 *(.rodata)
 *(.rodata*)
 .rodata.clockNameMappings
                0x00002eac       0xb8 ./SDK/platform/drivers/src/clock/S32K1xx/clock_S32K1xx.o
                0x00002eac                clockNameMappings
 .rodata.maxSysClksInHSRUN.7949
                0x00002f64       0x54 ./SDK/platform/drivers/src/clock/S32K1xx/clock_S32K1xx.o
 .rodata.maxSysClksInRUN.7948
                0x00002fb8       0x54 ./SDK/platform/drivers/src/clock/S32K1xx/clock_S32K1xx.o
 .rodata.maxSysClksInVLPR.7947
                0x0000300c       0x54 ./SDK/platform/drivers/src/clock/S32K1xx/clock_S32K1xx.o
 .rodata.vTaskStartScheduler.str1.4
                0x00003060        0x5 ./SDK/rtos/FreeRTOS_S32K/Source/tasks.o
 *fill*         0x00003065        0x3 
 .rodata.xTimerCreateTimerTask.str1.4
                0x00003068        0x8 ./SDK/rtos/FreeRTOS_S32K/Source/timers.o
 .rodata.StartTask01.str1.4
                0x00003070        0x8 ./Sources/main.o
 .rodata.StartTask02.str1.4
                0x00003078        0x8 ./Sources/main.o
 .rodata.main.str1.4
                0x00003080        0x8 ./Sources/main.o
                                  0x7 (size before relaxing)
 *(.init)
 *(.fini)
 *(.eh_frame)
                0x00003088                . = ALIGN (0x4)

.glue_7         0x00003088        0x0
 .glue_7        0x00003088        0x0 linker stubs

.glue_7t        0x00003088        0x0
 .glue_7t       0x00003088        0x0 linker stubs

.vfp11_veneer   0x00003088        0x0
 .vfp11_veneer  0x00003088        0x0 linker stubs

.v4_bx          0x00003088        0x0
 .v4_bx         0x00003088        0x0 linker stubs

.iplt           0x00003088        0x0
 .iplt          0x00003088        0x0 F:/NXP/S32DS_ARM_v2.2/S32DS/build_tools/gcc_v6.3/arm32_ewl2/lib/thumb/v7e-m/fpv4-sp/hard/__arm_start-hosted.o

.rel.dyn        0x00003088        0x0
 .rel.iplt      0x00003088        0x0 F:/NXP/S32DS_ARM_v2.2/S32DS/build_tools/gcc_v6.3/arm32_ewl2/lib/thumb/v7e-m/fpv4-sp/hard/__arm_start-hosted.o

.ARM            0x00003088        0x0
                0x00003088                __exidx_start = .
 *(.ARM.exidx*)
                0x00003088                __exidx_end = .
                0x00003088                __etext = .
                0x00003088                __DATA_ROM = .

.interrupts_ram
                0x1ffe0000      0x400
                0x1ffe0000                . = ALIGN (0x4)
                0x1ffe0000                __VECTOR_RAM__ = .
                0x1ffe0000                __RAM_START = .
                0x1ffe0000                __interrupts_ram_start__ = .
 *(.m_interrupts_ram)
                0x1ffe0400                . = (. + M_VECTOR_RAM_SIZE)
 *fill*         0x1ffe0000      0x400 
                0x1ffe0400                . = ALIGN (0x4)
                0x1ffe0400                __interrupts_ram_end__ = .
                0x1ffe0000                __VECTOR_RAM = DEFINED (__flash_vector_table__)?ORIGIN (m_interrupts):__VECTOR_RAM__
                0x00000400                __RAM_VECTOR_TABLE_SIZE = DEFINED (__flash_vector_table__)?0x0:(__interrupts_ram_end__ - __interrupts_ram_start__)

.data           0x1ffe0400      0x27c load address 0x00003088
                0x1ffe0400                . = ALIGN (0x4)
                0x1ffe0400                __DATA_RAM = .
                0x1ffe0400                __data_start__ = .
 *(.data)
 *(.data*)
 .data.clockMan1_InitConfig0
                0x1ffe0400       0x78 ./Generated_Code/clockMan1.o
                0x1ffe0400                clockMan1_InitConfig0
 .data.g_clockManConfigsArr
                0x1ffe0478        0x4 ./Generated_Code/clockMan1.o
                0x1ffe0478                g_clockManConfigsArr
 .data.peripheralClockConfig0
                0x1ffe047c       0x41 ./Generated_Code/clockMan1.o
                0x1ffe047c                peripheralClockConfig0
 *fill*         0x1ffe04bd        0x3 
 .data.peripheralClockConfig.7678
                0x1ffe04c0       0xcd ./SDK/platform/drivers/src/clock/S32K1xx/clock_S32K1xx.o
 *fill*         0x1ffe058d        0x3 
 .data.uxCriticalNesting
                0x1ffe0590        0x4 ./SDK/rtos/FreeRTOS_S32K/Source/portable/GCC/ARM_CM4F/port.o
 .data.xFreeBytesRemaining
                0x1ffe0594        0x4 ./SDK/rtos/FreeRTOS_S32K/Source/portable/MemMang/heap_2.o
 .data.__files  0x1ffe0598       0xe4 F:/NXP/S32DS_ARM_v2.2/S32DS/build_tools/gcc_v6.3/arm32_ewl2/lib/thumb/v7e-m/fpv4-sp/hard\libc99.a(ansi_files.o)
                0x1ffe0598                __files
                0x1ffe067c                . = ALIGN (0x4)
                0x1ffe067c                __data_end__ = .
                0x00003304                __DATA_END = (__DATA_ROM + (__data_end__ - __data_start__))
                0x00003304                __CODE_ROM = __DATA_END

.igot.plt       0x1ffe067c        0x0 load address 0x00003304
 .igot.plt      0x1ffe067c        0x0 F:/NXP/S32DS_ARM_v2.2/S32DS/build_tools/gcc_v6.3/arm32_ewl2/lib/thumb/v7e-m/fpv4-sp/hard/__arm_start-hosted.o

.code           0x1ffe067c        0x0 load address 0x00003304
                0x1ffe067c                . = ALIGN (0x4)
                0x1ffe067c                __CODE_RAM = .
                0x1ffe067c                __code_start__ = .
                0x1ffe067c                __code_ram_start__ = .
 *(.code_ram)
                0x1ffe067c                . = ALIGN (0x4)
                0x1ffe067c                __code_end__ = .
                0x1ffe067c                __code_ram_end__ = .
                0x00003304                __CODE_END = (__CODE_ROM + (__code_end__ - __code_start__))
                0x00003304                __CUSTOM_ROM = __CODE_END

.customSectionBlock
                0x20000000        0x0 load address 0x00003304
                0x20000000                __customSection_start__ = .
 *(.customSection)
                0x20000000                __customSection_end__ = .
                0x00003304                __CUSTOM_END = (__CUSTOM_ROM + (__customSection_end__ - __customSection_start__))

.bss            0x20000000     0x229c
                0x20000000                . = ALIGN (0x4)
                0x20000000                __BSS_START = .
                0x20000000                __bss_start__ = .
 *(.bss)
 *(.bss*)
 .bss.g_clockManCallbacksArr
                0x20000000        0x4 ./Generated_Code/clockMan1.o
                0x20000000                g_clockManCallbacksArr
 .bss.g_RtcClkInFreq
                0x20000004        0x4 ./SDK/platform/drivers/src/clock/S32K1xx/clock_S32K1xx.o
                0x20000004                g_RtcClkInFreq
 .bss.g_TClkFreq
                0x20000008        0xc ./SDK/platform/drivers/src/clock/S32K1xx/clock_S32K1xx.o
                0x20000008                g_TClkFreq
 .bss.g_clockState
                0x20000014       0x10 ./SDK/platform/drivers/src/clock/S32K1xx/clock_S32K1xx.o
 .bss.g_xtal0ClkFreq
                0x20000024        0x4 ./SDK/platform/drivers/src/clock/S32K1xx/clock_S32K1xx.o
                0x20000024                g_xtal0ClkFreq
 .bss.g_interruptDisableCount
                0x20000028        0x4 ./SDK/platform/drivers/src/interrupt/interrupt_manager.o
 .bss.pxCurrentTCB
                0x2000002c        0x4 ./SDK/rtos/FreeRTOS_S32K/Source/tasks.o
                0x2000002c                pxCurrentTCB
 .bss.pxDelayedTaskList
                0x20000030        0x4 ./SDK/rtos/FreeRTOS_S32K/Source/tasks.o
 .bss.pxOverflowDelayedTaskList
                0x20000034        0x4 ./SDK/rtos/FreeRTOS_S32K/Source/tasks.o
 .bss.pxReadyTasksLists
                0x20000038       0xa0 ./SDK/rtos/FreeRTOS_S32K/Source/tasks.o
 .bss.uxCurrentNumberOfTasks
                0x200000d8        0x4 ./SDK/rtos/FreeRTOS_S32K/Source/tasks.o
 .bss.uxDeletedTasksWaitingCleanUp
                0x200000dc        0x4 ./SDK/rtos/FreeRTOS_S32K/Source/tasks.o
 .bss.uxPendedTicks
                0x200000e0        0x4 ./SDK/rtos/FreeRTOS_S32K/Source/tasks.o
 .bss.uxSchedulerSuspended
                0x200000e4        0x4 ./SDK/rtos/FreeRTOS_S32K/Source/tasks.o
 .bss.uxTaskNumber
                0x200000e8        0x4 ./SDK/rtos/FreeRTOS_S32K/Source/tasks.o
 .bss.uxTopReadyPriority
                0x200000ec        0x4 ./SDK/rtos/FreeRTOS_S32K/Source/tasks.o
 .bss.xDelayedTaskList1
                0x200000f0       0x14 ./SDK/rtos/FreeRTOS_S32K/Source/tasks.o
 .bss.xDelayedTaskList2
                0x20000104       0x14 ./SDK/rtos/FreeRTOS_S32K/Source/tasks.o
 .bss.xIdleTaskHandle
                0x20000118        0x4 ./SDK/rtos/FreeRTOS_S32K/Source/tasks.o
 .bss.xNextTaskUnblockTime
                0x2000011c        0x4 ./SDK/rtos/FreeRTOS_S32K/Source/tasks.o
 .bss.xNumOfOverflows
                0x20000120        0x4 ./SDK/rtos/FreeRTOS_S32K/Source/tasks.o
 .bss.xPendingReadyList
                0x20000124       0x14 ./SDK/rtos/FreeRTOS_S32K/Source/tasks.o
 .bss.xSchedulerRunning
                0x20000138        0x4 ./SDK/rtos/FreeRTOS_S32K/Source/tasks.o
 .bss.xSuspendedTaskList
                0x2000013c       0x14 ./SDK/rtos/FreeRTOS_S32K/Source/tasks.o
 .bss.xTasksWaitingTermination
                0x20000150       0x14 ./SDK/rtos/FreeRTOS_S32K/Source/tasks.o
 .bss.xTickCount
                0x20000164        0x4 ./SDK/rtos/FreeRTOS_S32K/Source/tasks.o
 .bss.xYieldPending
                0x20000168        0x4 ./SDK/rtos/FreeRTOS_S32K/Source/tasks.o
 .bss.pxCurrentTimerList
                0x2000016c        0x4 ./SDK/rtos/FreeRTOS_S32K/Source/timers.o
 .bss.pxOverflowTimerList
                0x20000170        0x4 ./SDK/rtos/FreeRTOS_S32K/Source/timers.o
 .bss.xActiveTimerList1
                0x20000174       0x14 ./SDK/rtos/FreeRTOS_S32K/Source/timers.o
 .bss.xActiveTimerList2
                0x20000188       0x14 ./SDK/rtos/FreeRTOS_S32K/Source/timers.o
 .bss.xLastTime.6385
                0x2000019c        0x4 ./SDK/rtos/FreeRTOS_S32K/Source/timers.o
 .bss.xTimerQueue
                0x200001a0        0x4 ./SDK/rtos/FreeRTOS_S32K/Source/timers.o
 .bss.xTimerTaskHandle
                0x200001a4        0x4 ./SDK/rtos/FreeRTOS_S32K/Source/timers.o
 .bss.ucMaxSysCallPriority
                0x200001a8        0x1 ./SDK/rtos/FreeRTOS_S32K/Source/portable/GCC/ARM_CM4F/port.o
 *fill*         0x200001a9        0x3 
 .bss.ulMaxPRIGROUPValue
                0x200001ac        0x4 ./SDK/rtos/FreeRTOS_S32K/Source/portable/GCC/ARM_CM4F/port.o
 .bss.ucHeap    0x200001b0     0x2000 ./SDK/rtos/FreeRTOS_S32K/Source/portable/MemMang/heap_2.o
 .bss.xEnd      0x200021b0        0x8 ./SDK/rtos/FreeRTOS_S32K/Source/portable/MemMang/heap_2.o
 .bss.xHeapHasBeenInitialised.6103
                0x200021b8        0x4 ./SDK/rtos/FreeRTOS_S32K/Source/portable/MemMang/heap_2.o
 .bss.xStart    0x200021bc        0x8 ./SDK/rtos/FreeRTOS_S32K/Source/portable/MemMang/heap_2.o
 .bss.stderr_buff
                0x200021c4       0x40 F:/NXP/S32DS_ARM_v2.2/S32DS/build_tools/gcc_v6.3/arm32_ewl2/lib/thumb/v7e-m/fpv4-sp/hard\libc99.a(ansi_files.o)
                0x200021c4                stderr_buff
 .bss.stdin_buff
                0x20002204       0x40 F:/NXP/S32DS_ARM_v2.2/S32DS/build_tools/gcc_v6.3/arm32_ewl2/lib/thumb/v7e-m/fpv4-sp/hard\libc99.a(ansi_files.o)
                0x20002204                stdin_buff
 .bss.stdout_buff
                0x20002244       0x40 F:/NXP/S32DS_ARM_v2.2/S32DS/build_tools/gcc_v6.3/arm32_ewl2/lib/thumb/v7e-m/fpv4-sp/hard\libc99.a(ansi_files.o)
                0x20002244                stdout_buff
 .bss.semihost_fh
                0x20002284       0x18 F:/NXP/S32DS_ARM_v2.2/S32DS/build_tools/gcc_v6.3/arm32_ewl2/lib/thumb/v7e-m/fpv4-sp/hard\libhosted.a(semihosted_file_io.o)
 *(COMMON)
                0x2000229c                . = ALIGN (0x4)
                0x2000229c                __bss_end__ = .
                0x2000229c                __BSS_END = .

.heap           0x2000229c      0x404
                0x200022a0                . = ALIGN (0x8)
 *fill*         0x2000229c        0x4 
                0x200022a0                __end__ = .
                0x200022a0                __heap_start__ = .
                [!provide]                PROVIDE (end, .)
                0x200022a0                PROVIDE (_end, .)
                [!provide]                PROVIDE (__end, .)
                0x200022a0                __HeapBase = .
                0x200026a0                . = (. + HEAP_SIZE)
 *fill*         0x200022a0      0x400 
                0x200026a0                __HeapLimit = .
                0x200026a0                __heap_limit = .
                0x200026a0                __heap_end__ = .
                0x2001f000                __StackTop = (ORIGIN (m_data_2) + LENGTH (m_data_2))
                0x2001ec00                __StackLimit = (__StackTop - STACK_SIZE)
                [!provide]                PROVIDE (__stack, __StackTop)
                0x2001f000                __RAM_END = __StackTop

.stack          0x2001ec00      0x400
                0x2001ec00                . = ALIGN (0x8)
                0x2001ec00                __stack_start__ = .
                0x2001f000                . = (. + STACK_SIZE)
 *fill*         0x2001ec00      0x400 
                0x2001f000                __stack_end__ = .

.ARM.attributes
                0x00000000       0x37
 *(.ARM.attributes)
 .ARM.attributes
                0x00000000       0x39 ./Generated_Code/clockMan1.o
 .ARM.attributes
                0x00000039       0x1f ./Project_Settings/Startup_Code/startup_S32K148.o
 .ARM.attributes
                0x00000058       0x39 ./SDK/platform/devices/S32K148/startup/system_S32K148.o
 .ARM.attributes
                0x00000091       0x39 ./SDK/platform/devices/startup.o
 .ARM.attributes
                0x000000ca       0x39 ./SDK/platform/drivers/src/clock/S32K1xx/clock_S32K1xx.o
 .ARM.attributes
                0x00000103       0x39 ./SDK/platform/drivers/src/interrupt/interrupt_manager.o
 .ARM.attributes
                0x0000013c       0x39 ./SDK/rtos/FreeRTOS_S32K/Source/list.o
 .ARM.attributes
                0x00000175       0x39 ./SDK/rtos/FreeRTOS_S32K/Source/queue.o
 .ARM.attributes
                0x000001ae       0x39 ./SDK/rtos/FreeRTOS_S32K/Source/tasks.o
 .ARM.attributes
                0x000001e7       0x39 ./SDK/rtos/FreeRTOS_S32K/Source/timers.o
 .ARM.attributes
                0x00000220       0x39 ./SDK/rtos/FreeRTOS_S32K/Source/portable/GCC/ARM_CM4F/port.o
 .ARM.attributes
                0x00000259       0x39 ./SDK/rtos/FreeRTOS_S32K/Source/portable/MemMang/heap_2.o
 .ARM.attributes
                0x00000292       0x39 ./Sources/main.o
 .ARM.attributes
                0x000002cb       0x39 F:/NXP/S32DS_ARM_v2.2/S32DS/build_tools/gcc_v6.3/arm32_ewl2/lib/thumb/v7e-m/fpv4-sp/hard\libc99.a(puts.o)
 .ARM.attributes
                0x00000304       0x39 F:/NXP/S32DS_ARM_v2.2/S32DS/build_tools/gcc_v6.3/arm32_ewl2/lib/thumb/v7e-m/fpv4-sp/hard\libc99.a(memcpy.o)
 .ARM.attributes
                0x0000033d       0x39 F:/NXP/S32DS_ARM_v2.2/S32DS/build_tools/gcc_v6.3/arm32_ewl2/lib/thumb/v7e-m/fpv4-sp/hard\libc99.a(memset.o)
 .ARM.attributes
                0x00000376       0x39 F:/NXP/S32DS_ARM_v2.2/S32DS/build_tools/gcc_v6.3/arm32_ewl2/lib/thumb/v7e-m/fpv4-sp/hard\libc99.a(fwide.o)
 .ARM.attributes
                0x000003af       0x39 F:/NXP/S32DS_ARM_v2.2/S32DS/build_tools/gcc_v6.3/arm32_ewl2/lib/thumb/v7e-m/fpv4-sp/hard\libc99.a(ansi_files.o)
 .ARM.attributes
                0x000003e8       0x39 F:/NXP/S32DS_ARM_v2.2/S32DS/build_tools/gcc_v6.3/arm32_ewl2/lib/thumb/v7e-m/fpv4-sp/hard\libc99.a(__putchar.o)
 .ARM.attributes
                0x00000421       0x39 F:/NXP/S32DS_ARM_v2.2/S32DS/build_tools/gcc_v6.3/arm32_ewl2/lib/thumb/v7e-m/fpv4-sp/hard\libc99.a(__filll_mem.o)
 .ARM.attributes
                0x0000045a       0x39 F:/NXP/S32DS_ARM_v2.2/S32DS/build_tools/gcc_v6.3/arm32_ewl2/lib/thumb/v7e-m/fpv4-sp/hard\libc99.a(__buffer_io.o)
 .ARM.attributes
                0x00000493       0x39 F:/NXP/S32DS_ARM_v2.2/S32DS/build_tools/gcc_v6.3/arm32_ewl2/lib/thumb/v7e-m/fpv4-sp/hard\libhosted.a(semihosted_console_io.o)
 .ARM.attributes
                0x000004cc       0x39 F:/NXP/S32DS_ARM_v2.2/S32DS/build_tools/gcc_v6.3/arm32_ewl2/lib/thumb/v7e-m/fpv4-sp/hard\libhosted.a(semihosted_file_io.o)
                0x00000001                ASSERT ((__StackLimit >= __HeapLimit), region m_data_2 overflowed with stack and heap)
OUTPUT(LAB2.elf elf32-littlearm)

.debug_info     0x00000000    0x16edc
 .debug_info    0x00000000     0x1d37 ./Generated_Code/clockMan1.o
 .debug_info    0x00001d37       0x26 ./Project_Settings/Startup_Code/startup_S32K148.o
 .debug_info    0x00001d5d      0x65f ./SDK/platform/devices/S32K148/startup/system_S32K148.o
 .debug_info    0x000023bc      0x2ad ./SDK/platform/devices/startup.o
 .debug_info    0x00002669     0x62f8 ./SDK/platform/drivers/src/clock/S32K1xx/clock_S32K1xx.o
 .debug_info    0x00008961      0x9a4 ./SDK/platform/drivers/src/interrupt/interrupt_manager.o
 .debug_info    0x00009305      0xaa8 ./SDK/rtos/FreeRTOS_S32K/Source/list.o
 .debug_info    0x00009dad     0x2633 ./SDK/rtos/FreeRTOS_S32K/Source/queue.o
 .debug_info    0x0000c3e0     0x2fbd ./SDK/rtos/FreeRTOS_S32K/Source/tasks.o
 .debug_info    0x0000f39d     0x1a72 ./SDK/rtos/FreeRTOS_S32K/Source/timers.o
 .debug_info    0x00010e0f      0x560 ./SDK/rtos/FreeRTOS_S32K/Source/portable/GCC/ARM_CM4F/port.o
 .debug_info    0x0001136f      0xb4a ./SDK/rtos/FreeRTOS_S32K/Source/portable/MemMang/heap_2.o
 .debug_info    0x00011eb9     0x20f9 ./Sources/main.o
 .debug_info    0x00013fb2      0x3c4 F:/NXP/S32DS_ARM_v2.2/S32DS/build_tools/gcc_v6.3/arm32_ewl2/lib/thumb/v7e-m/fpv4-sp/hard\libc99.a(puts.o)
 .debug_info    0x00014376      0x11e F:/NXP/S32DS_ARM_v2.2/S32DS/build_tools/gcc_v6.3/arm32_ewl2/lib/thumb/v7e-m/fpv4-sp/hard\libc99.a(memcpy.o)
 .debug_info    0x00014494       0xec F:/NXP/S32DS_ARM_v2.2/S32DS/build_tools/gcc_v6.3/arm32_ewl2/lib/thumb/v7e-m/fpv4-sp/hard\libc99.a(memset.o)
 .debug_info    0x00014580      0x50b F:/NXP/S32DS_ARM_v2.2/S32DS/build_tools/gcc_v6.3/arm32_ewl2/lib/thumb/v7e-m/fpv4-sp/hard\libc99.a(fwide.o)
 .debug_info    0x00014a8b      0x523 F:/NXP/S32DS_ARM_v2.2/S32DS/build_tools/gcc_v6.3/arm32_ewl2/lib/thumb/v7e-m/fpv4-sp/hard\libc99.a(ansi_files.o)
 .debug_info    0x00014fae      0x48b F:/NXP/S32DS_ARM_v2.2/S32DS/build_tools/gcc_v6.3/arm32_ewl2/lib/thumb/v7e-m/fpv4-sp/hard\libc99.a(__putchar.o)
 .debug_info    0x00015439      0x135 F:/NXP/S32DS_ARM_v2.2/S32DS/build_tools/gcc_v6.3/arm32_ewl2/lib/thumb/v7e-m/fpv4-sp/hard\libc99.a(__filll_mem.o)
 .debug_info    0x0001556e      0x4aa F:/NXP/S32DS_ARM_v2.2/S32DS/build_tools/gcc_v6.3/arm32_ewl2/lib/thumb/v7e-m/fpv4-sp/hard\libc99.a(__buffer_io.o)
 .debug_info    0x00015a18      0x4c9 F:/NXP/S32DS_ARM_v2.2/S32DS/build_tools/gcc_v6.3/arm32_ewl2/lib/thumb/v7e-m/fpv4-sp/hard\libhosted.a(semihosted_console_io.o)
 .debug_info    0x00015ee1      0xffb F:/NXP/S32DS_ARM_v2.2/S32DS/build_tools/gcc_v6.3/arm32_ewl2/lib/thumb/v7e-m/fpv4-sp/hard\libhosted.a(semihosted_file_io.o)

.debug_abbrev   0x00000000     0x2933
 .debug_abbrev  0x00000000      0x171 ./Generated_Code/clockMan1.o
 .debug_abbrev  0x00000171       0x14 ./Project_Settings/Startup_Code/startup_S32K148.o
 .debug_abbrev  0x00000185      0x140 ./SDK/platform/devices/S32K148/startup/system_S32K148.o
 .debug_abbrev  0x000002c5       0xe0 ./SDK/platform/devices/startup.o
 .debug_abbrev  0x000003a5      0x3f2 ./SDK/platform/drivers/src/clock/S32K1xx/clock_S32K1xx.o
 .debug_abbrev  0x00000797      0x1ce ./SDK/platform/drivers/src/interrupt/interrupt_manager.o
 .debug_abbrev  0x00000965      0x1d9 ./SDK/rtos/FreeRTOS_S32K/Source/list.o
 .debug_abbrev  0x00000b3e      0x380 ./SDK/rtos/FreeRTOS_S32K/Source/queue.o
 .debug_abbrev  0x00000ebe      0x3c0 ./SDK/rtos/FreeRTOS_S32K/Source/tasks.o
 .debug_abbrev  0x0000127e      0x386 ./SDK/rtos/FreeRTOS_S32K/Source/timers.o
 .debug_abbrev  0x00001604      0x229 ./SDK/rtos/FreeRTOS_S32K/Source/portable/GCC/ARM_CM4F/port.o
 .debug_abbrev  0x0000182d      0x27b ./SDK/rtos/FreeRTOS_S32K/Source/portable/MemMang/heap_2.o
 .debug_abbrev  0x00001aa8      0x279 ./Sources/main.o
 .debug_abbrev  0x00001d21      0x10a F:/NXP/S32DS_ARM_v2.2/S32DS/build_tools/gcc_v6.3/arm32_ewl2/lib/thumb/v7e-m/fpv4-sp/hard\libc99.a(puts.o)
 .debug_abbrev  0x00001e2b       0xa6 F:/NXP/S32DS_ARM_v2.2/S32DS/build_tools/gcc_v6.3/arm32_ewl2/lib/thumb/v7e-m/fpv4-sp/hard\libc99.a(memcpy.o)
 .debug_abbrev  0x00001ed1       0x62 F:/NXP/S32DS_ARM_v2.2/S32DS/build_tools/gcc_v6.3/arm32_ewl2/lib/thumb/v7e-m/fpv4-sp/hard\libc99.a(memset.o)
 .debug_abbrev  0x00001f33      0x165 F:/NXP/S32DS_ARM_v2.2/S32DS/build_tools/gcc_v6.3/arm32_ewl2/lib/thumb/v7e-m/fpv4-sp/hard\libc99.a(fwide.o)
 .debug_abbrev  0x00002098      0x12c F:/NXP/S32DS_ARM_v2.2/S32DS/build_tools/gcc_v6.3/arm32_ewl2/lib/thumb/v7e-m/fpv4-sp/hard\libc99.a(ansi_files.o)
 .debug_abbrev  0x000021c4      0x10e F:/NXP/S32DS_ARM_v2.2/S32DS/build_tools/gcc_v6.3/arm32_ewl2/lib/thumb/v7e-m/fpv4-sp/hard\libc99.a(__putchar.o)
 .debug_abbrev  0x000022d2       0x87 F:/NXP/S32DS_ARM_v2.2/S32DS/build_tools/gcc_v6.3/arm32_ewl2/lib/thumb/v7e-m/fpv4-sp/hard\libc99.a(__filll_mem.o)
 .debug_abbrev  0x00002359      0x13f F:/NXP/S32DS_ARM_v2.2/S32DS/build_tools/gcc_v6.3/arm32_ewl2/lib/thumb/v7e-m/fpv4-sp/hard\libc99.a(__buffer_io.o)
 .debug_abbrev  0x00002498      0x1b2 F:/NXP/S32DS_ARM_v2.2/S32DS/build_tools/gcc_v6.3/arm32_ewl2/lib/thumb/v7e-m/fpv4-sp/hard\libhosted.a(semihosted_console_io.o)
 .debug_abbrev  0x0000264a      0x2e9 F:/NXP/S32DS_ARM_v2.2/S32DS/build_tools/gcc_v6.3/arm32_ewl2/lib/thumb/v7e-m/fpv4-sp/hard\libhosted.a(semihosted_file_io.o)

.debug_aranges  0x00000000      0x900
 .debug_aranges
                0x00000000       0x18 ./Generated_Code/clockMan1.o
 .debug_aranges
                0x00000018       0x20 ./Project_Settings/Startup_Code/startup_S32K148.o
 .debug_aranges
                0x00000038       0x30 ./SDK/platform/devices/S32K148/startup/system_S32K148.o
 .debug_aranges
                0x00000068       0x20 ./SDK/platform/devices/startup.o
 .debug_aranges
                0x00000088      0x130 ./SDK/platform/drivers/src/clock/S32K1xx/clock_S32K1xx.o
 .debug_aranges
                0x000001b8       0x70 ./SDK/platform/drivers/src/interrupt/interrupt_manager.o
 .debug_aranges
                0x00000228       0x40 ./SDK/rtos/FreeRTOS_S32K/Source/list.o
 .debug_aranges
                0x00000268       0xf0 ./SDK/rtos/FreeRTOS_S32K/Source/queue.o
 .debug_aranges
                0x00000358      0x1a8 ./SDK/rtos/FreeRTOS_S32K/Source/tasks.o
 .debug_aranges
                0x00000500       0x98 ./SDK/rtos/FreeRTOS_S32K/Source/timers.o
 .debug_aranges
                0x00000598       0x80 ./SDK/rtos/FreeRTOS_S32K/Source/portable/GCC/ARM_CM4F/port.o
 .debug_aranges
                0x00000618       0x38 ./SDK/rtos/FreeRTOS_S32K/Source/portable/MemMang/heap_2.o
 .debug_aranges
                0x00000650       0x48 ./Sources/main.o
 .debug_aranges
                0x00000698       0x20 F:/NXP/S32DS_ARM_v2.2/S32DS/build_tools/gcc_v6.3/arm32_ewl2/lib/thumb/v7e-m/fpv4-sp/hard\libc99.a(puts.o)
 .debug_aranges
                0x000006b8       0x20 F:/NXP/S32DS_ARM_v2.2/S32DS/build_tools/gcc_v6.3/arm32_ewl2/lib/thumb/v7e-m/fpv4-sp/hard\libc99.a(memcpy.o)
 .debug_aranges
                0x000006d8       0x20 F:/NXP/S32DS_ARM_v2.2/S32DS/build_tools/gcc_v6.3/arm32_ewl2/lib/thumb/v7e-m/fpv4-sp/hard\libc99.a(memset.o)
 .debug_aranges
                0x000006f8       0x30 F:/NXP/S32DS_ARM_v2.2/S32DS/build_tools/gcc_v6.3/arm32_ewl2/lib/thumb/v7e-m/fpv4-sp/hard\libc99.a(fwide.o)
 .debug_aranges
                0x00000728       0x28 F:/NXP/S32DS_ARM_v2.2/S32DS/build_tools/gcc_v6.3/arm32_ewl2/lib/thumb/v7e-m/fpv4-sp/hard\libc99.a(ansi_files.o)
 .debug_aranges
                0x00000750       0x20 F:/NXP/S32DS_ARM_v2.2/S32DS/build_tools/gcc_v6.3/arm32_ewl2/lib/thumb/v7e-m/fpv4-sp/hard\libc99.a(__putchar.o)
 .debug_aranges
                0x00000770       0x20 F:/NXP/S32DS_ARM_v2.2/S32DS/build_tools/gcc_v6.3/arm32_ewl2/lib/thumb/v7e-m/fpv4-sp/hard\libc99.a(__filll_mem.o)
 .debug_aranges
                0x00000790       0x30 F:/NXP/S32DS_ARM_v2.2/S32DS/build_tools/gcc_v6.3/arm32_ewl2/lib/thumb/v7e-m/fpv4-sp/hard\libc99.a(__buffer_io.o)
 .debug_aranges
                0x000007c0       0x50 F:/NXP/S32DS_ARM_v2.2/S32DS/build_tools/gcc_v6.3/arm32_ewl2/lib/thumb/v7e-m/fpv4-sp/hard\libhosted.a(semihosted_console_io.o)
 .debug_aranges
                0x00000810       0xf0 F:/NXP/S32DS_ARM_v2.2/S32DS/build_tools/gcc_v6.3/arm32_ewl2/lib/thumb/v7e-m/fpv4-sp/hard\libhosted.a(semihosted_file_io.o)

.debug_line     0x00000000     0x4f01
 .debug_line    0x00000000      0x303 ./Generated_Code/clockMan1.o
 .debug_line    0x00000303       0x84 ./Project_Settings/Startup_Code/startup_S32K148.o
 .debug_line    0x00000387      0x1f4 ./SDK/platform/devices/S32K148/startup/system_S32K148.o
 .debug_line    0x0000057b      0x177 ./SDK/platform/devices/startup.o
 .debug_line    0x000006f2     0x11ce ./SDK/platform/drivers/src/clock/S32K1xx/clock_S32K1xx.o
 .debug_line    0x000018c0      0x2e8 ./SDK/platform/drivers/src/interrupt/interrupt_manager.o
 .debug_line    0x00001ba8      0x2f0 ./SDK/rtos/FreeRTOS_S32K/Source/list.o
 .debug_line    0x00001e98      0x8a9 ./SDK/rtos/FreeRTOS_S32K/Source/queue.o
 .debug_line    0x00002741      0xc93 ./SDK/rtos/FreeRTOS_S32K/Source/tasks.o
 .debug_line    0x000033d4      0x52a ./SDK/rtos/FreeRTOS_S32K/Source/timers.o
 .debug_line    0x000038fe      0x397 ./SDK/rtos/FreeRTOS_S32K/Source/portable/GCC/ARM_CM4F/port.o
 .debug_line    0x00003c95      0x31d ./SDK/rtos/FreeRTOS_S32K/Source/portable/MemMang/heap_2.o
 .debug_line    0x00003fb2      0x3c3 ./Sources/main.o
 .debug_line    0x00004375       0xbe F:/NXP/S32DS_ARM_v2.2/S32DS/build_tools/gcc_v6.3/arm32_ewl2/lib/thumb/v7e-m/fpv4-sp/hard\libc99.a(puts.o)
 .debug_line    0x00004433       0x94 F:/NXP/S32DS_ARM_v2.2/S32DS/build_tools/gcc_v6.3/arm32_ewl2/lib/thumb/v7e-m/fpv4-sp/hard\libc99.a(memcpy.o)
 .debug_line    0x000044c7       0x8f F:/NXP/S32DS_ARM_v2.2/S32DS/build_tools/gcc_v6.3/arm32_ewl2/lib/thumb/v7e-m/fpv4-sp/hard\libc99.a(memset.o)
 .debug_line    0x00004556       0xf8 F:/NXP/S32DS_ARM_v2.2/S32DS/build_tools/gcc_v6.3/arm32_ewl2/lib/thumb/v7e-m/fpv4-sp/hard\libc99.a(fwide.o)
 .debug_line    0x0000464e       0xd0 F:/NXP/S32DS_ARM_v2.2/S32DS/build_tools/gcc_v6.3/arm32_ewl2/lib/thumb/v7e-m/fpv4-sp/hard\libc99.a(ansi_files.o)
 .debug_line    0x0000471e       0xd9 F:/NXP/S32DS_ARM_v2.2/S32DS/build_tools/gcc_v6.3/arm32_ewl2/lib/thumb/v7e-m/fpv4-sp/hard\libc99.a(__putchar.o)
 .debug_line    0x000047f7       0xaf F:/NXP/S32DS_ARM_v2.2/S32DS/build_tools/gcc_v6.3/arm32_ewl2/lib/thumb/v7e-m/fpv4-sp/hard\libc99.a(__filll_mem.o)
 .debug_line    0x000048a6       0xfb F:/NXP/S32DS_ARM_v2.2/S32DS/build_tools/gcc_v6.3/arm32_ewl2/lib/thumb/v7e-m/fpv4-sp/hard\libc99.a(__buffer_io.o)
 .debug_line    0x000049a1      0x152 F:/NXP/S32DS_ARM_v2.2/S32DS/build_tools/gcc_v6.3/arm32_ewl2/lib/thumb/v7e-m/fpv4-sp/hard\libhosted.a(semihosted_console_io.o)
 .debug_line    0x00004af3      0x40e F:/NXP/S32DS_ARM_v2.2/S32DS/build_tools/gcc_v6.3/arm32_ewl2/lib/thumb/v7e-m/fpv4-sp/hard\libhosted.a(semihosted_file_io.o)

.debug_str      0x00000000     0x7b3d
 .debug_str     0x00000000     0x32db ./Generated_Code/clockMan1.o
                               0x33a6 (size before relaxing)
 .debug_str     0x000032db       0x3f ./Project_Settings/Startup_Code/startup_S32K148.o
                                 0x6a (size before relaxing)
 .debug_str     0x0000331a      0x201 ./SDK/platform/devices/S32K148/startup/system_S32K148.o
                                0x459 (size before relaxing)
 .debug_str     0x0000351b      0x20c ./SDK/platform/devices/startup.o
                                0x413 (size before relaxing)
 .debug_str     0x00003727     0x17b7 ./SDK/platform/drivers/src/clock/S32K1xx/clock_S32K1xx.o
                               0x3cfc (size before relaxing)
 .debug_str     0x00004ede      0x198 ./SDK/platform/drivers/src/interrupt/interrupt_manager.o
                                0xd07 (size before relaxing)
 .debug_str     0x00005076      0x509 ./SDK/rtos/FreeRTOS_S32K/Source/list.o
                                0x77d (size before relaxing)
 .debug_str     0x0000557f      0x78e ./SDK/rtos/FreeRTOS_S32K/Source/queue.o
                                0xec2 (size before relaxing)
 .debug_str     0x00005d0d      0xab0 ./SDK/rtos/FreeRTOS_S32K/Source/tasks.o
                               0x14d1 (size before relaxing)
 .debug_str     0x000067bd      0x4d7 ./SDK/rtos/FreeRTOS_S32K/Source/timers.o
                                0xdae (size before relaxing)
 .debug_str     0x00006c94      0x186 ./SDK/rtos/FreeRTOS_S32K/Source/portable/GCC/ARM_CM4F/port.o
                                0x4cd (size before relaxing)
 .debug_str     0x00006e1a      0x14f ./SDK/rtos/FreeRTOS_S32K/Source/portable/MemMang/heap_2.o
                                0x7e7 (size before relaxing)
 .debug_str     0x00006f69      0x1c9 ./Sources/main.o
                               0x3152 (size before relaxing)
 .debug_str     0x00007132      0x150 F:/NXP/S32DS_ARM_v2.2/S32DS/build_tools/gcc_v6.3/arm32_ewl2/lib/thumb/v7e-m/fpv4-sp/hard\libc99.a(puts.o)
                                0x3ae (size before relaxing)
 .debug_str     0x00007282       0x15 F:/NXP/S32DS_ARM_v2.2/S32DS/build_tools/gcc_v6.3/arm32_ewl2/lib/thumb/v7e-m/fpv4-sp/hard\libc99.a(memcpy.o)
                                0x1f8 (size before relaxing)
 .debug_str     0x00007297       0x15 F:/NXP/S32DS_ARM_v2.2/S32DS/build_tools/gcc_v6.3/arm32_ewl2/lib/thumb/v7e-m/fpv4-sp/hard\libc99.a(memset.o)
                                0x1fa (size before relaxing)
 .debug_str     0x000072ac       0xf2 F:/NXP/S32DS_ARM_v2.2/S32DS/build_tools/gcc_v6.3/arm32_ewl2/lib/thumb/v7e-m/fpv4-sp/hard\libc99.a(fwide.o)
                                0x49b (size before relaxing)
 .debug_str     0x0000739e      0x110 F:/NXP/S32DS_ARM_v2.2/S32DS/build_tools/gcc_v6.3/arm32_ewl2/lib/thumb/v7e-m/fpv4-sp/hard\libc99.a(ansi_files.o)
                                0x564 (size before relaxing)
 .debug_str     0x000074ae       0x21 F:/NXP/S32DS_ARM_v2.2/S32DS/build_tools/gcc_v6.3/arm32_ewl2/lib/thumb/v7e-m/fpv4-sp/hard\libc99.a(__putchar.o)
                                0x4b8 (size before relaxing)
 .debug_str     0x000074cf       0x25 F:/NXP/S32DS_ARM_v2.2/S32DS/build_tools/gcc_v6.3/arm32_ewl2/lib/thumb/v7e-m/fpv4-sp/hard\libc99.a(__filll_mem.o)
                                0x20c (size before relaxing)
 .debug_str     0x000074f4       0xc3 F:/NXP/S32DS_ARM_v2.2/S32DS/build_tools/gcc_v6.3/arm32_ewl2/lib/thumb/v7e-m/fpv4-sp/hard\libc99.a(__buffer_io.o)
                                0x45d (size before relaxing)
 .debug_str     0x000075b7      0x1f2 F:/NXP/S32DS_ARM_v2.2/S32DS/build_tools/gcc_v6.3/arm32_ewl2/lib/thumb/v7e-m/fpv4-sp/hard\libhosted.a(semihosted_console_io.o)
                                0x412 (size before relaxing)
 .debug_str     0x000077a9      0x394 F:/NXP/S32DS_ARM_v2.2/S32DS/build_tools/gcc_v6.3/arm32_ewl2/lib/thumb/v7e-m/fpv4-sp/hard\libhosted.a(semihosted_file_io.o)
                                0x87f (size before relaxing)

.comment        0x00000000      0x11e
 .comment       0x00000000       0xa0 ./Generated_Code/clockMan1.o
                                 0xa1 (size before relaxing)
 .comment       0x000000a0       0xa1 ./SDK/platform/devices/S32K148/startup/system_S32K148.o
 .comment       0x000000a0       0xa1 ./SDK/platform/devices/startup.o
 .comment       0x000000a0       0xa1 ./SDK/platform/drivers/src/clock/S32K1xx/clock_S32K1xx.o
 .comment       0x000000a0       0xa1 ./SDK/platform/drivers/src/interrupt/interrupt_manager.o
 .comment       0x000000a0       0xa1 ./SDK/rtos/FreeRTOS_S32K/Source/list.o
 .comment       0x000000a0       0xa1 ./SDK/rtos/FreeRTOS_S32K/Source/queue.o
 .comment       0x000000a0       0xa1 ./SDK/rtos/FreeRTOS_S32K/Source/tasks.o
 .comment       0x000000a0       0xa1 ./SDK/rtos/FreeRTOS_S32K/Source/timers.o
 .comment       0x000000a0       0xa1 ./SDK/rtos/FreeRTOS_S32K/Source/portable/GCC/ARM_CM4F/port.o
 .comment       0x000000a0       0xa1 ./SDK/rtos/FreeRTOS_S32K/Source/portable/MemMang/heap_2.o
 .comment       0x000000a0       0xa1 ./Sources/main.o
 .comment       0x000000a0       0x7e F:/NXP/S32DS_ARM_v2.2/S32DS/build_tools/gcc_v6.3/arm32_ewl2/lib/thumb/v7e-m/fpv4-sp/hard\libc99.a(puts.o)
                                 0x7f (size before relaxing)
 .comment       0x0000011e       0x7f F:/NXP/S32DS_ARM_v2.2/S32DS/build_tools/gcc_v6.3/arm32_ewl2/lib/thumb/v7e-m/fpv4-sp/hard\libc99.a(memcpy.o)
 .comment       0x0000011e       0x7f F:/NXP/S32DS_ARM_v2.2/S32DS/build_tools/gcc_v6.3/arm32_ewl2/lib/thumb/v7e-m/fpv4-sp/hard\libc99.a(memset.o)
 .comment       0x0000011e       0x7f F:/NXP/S32DS_ARM_v2.2/S32DS/build_tools/gcc_v6.3/arm32_ewl2/lib/thumb/v7e-m/fpv4-sp/hard\libc99.a(fwide.o)
 .comment       0x0000011e       0x7f F:/NXP/S32DS_ARM_v2.2/S32DS/build_tools/gcc_v6.3/arm32_ewl2/lib/thumb/v7e-m/fpv4-sp/hard\libc99.a(ansi_files.o)
 .comment       0x0000011e       0x7f F:/NXP/S32DS_ARM_v2.2/S32DS/build_tools/gcc_v6.3/arm32_ewl2/lib/thumb/v7e-m/fpv4-sp/hard\libc99.a(__putchar.o)
 .comment       0x0000011e       0x7f F:/NXP/S32DS_ARM_v2.2/S32DS/build_tools/gcc_v6.3/arm32_ewl2/lib/thumb/v7e-m/fpv4-sp/hard\libc99.a(__filll_mem.o)
 .comment       0x0000011e       0x7f F:/NXP/S32DS_ARM_v2.2/S32DS/build_tools/gcc_v6.3/arm32_ewl2/lib/thumb/v7e-m/fpv4-sp/hard\libc99.a(__buffer_io.o)
 .comment       0x0000011e       0x7f F:/NXP/S32DS_ARM_v2.2/S32DS/build_tools/gcc_v6.3/arm32_ewl2/lib/thumb/v7e-m/fpv4-sp/hard\libhosted.a(semihosted_console_io.o)
 .comment       0x0000011e       0x7f F:/NXP/S32DS_ARM_v2.2/S32DS/build_tools/gcc_v6.3/arm32_ewl2/lib/thumb/v7e-m/fpv4-sp/hard\libhosted.a(semihosted_file_io.o)

.debug_loc      0x00000000     0xa6ef
 .debug_loc     0x00000000       0xeb ./SDK/platform/devices/S32K148/startup/system_S32K148.o
 .debug_loc     0x000000eb       0xec ./SDK/platform/devices/startup.o
 .debug_loc     0x000001d7     0x54cf ./SDK/platform/drivers/src/clock/S32K1xx/clock_S32K1xx.o
 .debug_loc     0x000056a6      0x24b ./SDK/platform/drivers/src/interrupt/interrupt_manager.o
 .debug_loc     0x000058f1       0x65 ./SDK/rtos/FreeRTOS_S32K/Source/list.o
 .debug_loc     0x00005956     0x12e6 ./SDK/rtos/FreeRTOS_S32K/Source/queue.o
 .debug_loc     0x00006c3c     0x1c19 ./SDK/rtos/FreeRTOS_S32K/Source/tasks.o
 .debug_loc     0x00008855      0xa98 ./SDK/rtos/FreeRTOS_S32K/Source/timers.o
 .debug_loc     0x000092ed       0xdc ./SDK/rtos/FreeRTOS_S32K/Source/portable/GCC/ARM_CM4F/port.o
 .debug_loc     0x000093c9      0x255 ./SDK/rtos/FreeRTOS_S32K/Source/portable/MemMang/heap_2.o
 .debug_loc     0x0000961e       0x70 F:/NXP/S32DS_ARM_v2.2/S32DS/build_tools/gcc_v6.3/arm32_ewl2/lib/thumb/v7e-m/fpv4-sp/hard\libc99.a(puts.o)
 .debug_loc     0x0000968e       0x6c F:/NXP/S32DS_ARM_v2.2/S32DS/build_tools/gcc_v6.3/arm32_ewl2/lib/thumb/v7e-m/fpv4-sp/hard\libc99.a(memcpy.o)
 .debug_loc     0x000096fa       0x64 F:/NXP/S32DS_ARM_v2.2/S32DS/build_tools/gcc_v6.3/arm32_ewl2/lib/thumb/v7e-m/fpv4-sp/hard\libc99.a(memset.o)
 .debug_loc     0x0000975e       0xd2 F:/NXP/S32DS_ARM_v2.2/S32DS/build_tools/gcc_v6.3/arm32_ewl2/lib/thumb/v7e-m/fpv4-sp/hard\libc99.a(fwide.o)
 .debug_loc     0x00009830       0xa2 F:/NXP/S32DS_ARM_v2.2/S32DS/build_tools/gcc_v6.3/arm32_ewl2/lib/thumb/v7e-m/fpv4-sp/hard\libc99.a(ansi_files.o)
 .debug_loc     0x000098d2       0x86 F:/NXP/S32DS_ARM_v2.2/S32DS/build_tools/gcc_v6.3/arm32_ewl2/lib/thumb/v7e-m/fpv4-sp/hard\libc99.a(__putchar.o)
 .debug_loc     0x00009958       0xea F:/NXP/S32DS_ARM_v2.2/S32DS/build_tools/gcc_v6.3/arm32_ewl2/lib/thumb/v7e-m/fpv4-sp/hard\libc99.a(__filll_mem.o)
 .debug_loc     0x00009a42      0x108 F:/NXP/S32DS_ARM_v2.2/S32DS/build_tools/gcc_v6.3/arm32_ewl2/lib/thumb/v7e-m/fpv4-sp/hard\libc99.a(__buffer_io.o)
 .debug_loc     0x00009b4a      0x150 F:/NXP/S32DS_ARM_v2.2/S32DS/build_tools/gcc_v6.3/arm32_ewl2/lib/thumb/v7e-m/fpv4-sp/hard\libhosted.a(semihosted_console_io.o)
 .debug_loc     0x00009c9a      0xa55 F:/NXP/S32DS_ARM_v2.2/S32DS/build_tools/gcc_v6.3/arm32_ewl2/lib/thumb/v7e-m/fpv4-sp/hard\libhosted.a(semihosted_file_io.o)

.debug_ranges   0x00000000      0xb00
 .debug_ranges  0x00000000       0x20 ./SDK/platform/devices/S32K148/startup/system_S32K148.o
 .debug_ranges  0x00000020       0x10 ./SDK/platform/devices/startup.o
 .debug_ranges  0x00000030      0x3b8 ./SDK/platform/drivers/src/clock/S32K1xx/clock_S32K1xx.o
 .debug_ranges  0x000003e8       0x98 ./SDK/platform/drivers/src/interrupt/interrupt_manager.o
 .debug_ranges  0x00000480       0x30 ./SDK/rtos/FreeRTOS_S32K/Source/list.o
 .debug_ranges  0x000004b0      0x248 ./SDK/rtos/FreeRTOS_S32K/Source/queue.o
 .debug_ranges  0x000006f8      0x260 ./SDK/rtos/FreeRTOS_S32K/Source/tasks.o
 .debug_ranges  0x00000958       0xd8 ./SDK/rtos/FreeRTOS_S32K/Source/timers.o
 .debug_ranges  0x00000a30       0x70 ./SDK/rtos/FreeRTOS_S32K/Source/portable/GCC/ARM_CM4F/port.o
 .debug_ranges  0x00000aa0       0x28 ./SDK/rtos/FreeRTOS_S32K/Source/portable/MemMang/heap_2.o
 .debug_ranges  0x00000ac8       0x38 ./Sources/main.o

.debug_frame    0x00000000     0x16a0
 .debug_frame   0x00000000       0x40 ./SDK/platform/devices/S32K148/startup/system_S32K148.o
 .debug_frame   0x00000040       0x2c ./SDK/platform/devices/startup.o
 .debug_frame   0x0000006c      0x3ac ./SDK/platform/drivers/src/clock/S32K1xx/clock_S32K1xx.o
 .debug_frame   0x00000418       0xcc ./SDK/platform/drivers/src/interrupt/interrupt_manager.o
 .debug_frame   0x000004e4       0x6c ./SDK/rtos/FreeRTOS_S32K/Source/list.o
 .debug_frame   0x00000550      0x338 ./SDK/rtos/FreeRTOS_S32K/Source/queue.o
 .debug_frame   0x00000888      0x550 ./SDK/rtos/FreeRTOS_S32K/Source/tasks.o
 .debug_frame   0x00000dd8      0x1d0 ./SDK/rtos/FreeRTOS_S32K/Source/timers.o
 .debug_frame   0x00000fa8      0x100 ./SDK/rtos/FreeRTOS_S32K/Source/portable/GCC/ARM_CM4F/port.o
 .debug_frame   0x000010a8       0x70 ./SDK/rtos/FreeRTOS_S32K/Source/portable/MemMang/heap_2.o
 .debug_frame   0x00001118       0xa0 ./Sources/main.o
 .debug_frame   0x000011b8       0x38 F:/NXP/S32DS_ARM_v2.2/S32DS/build_tools/gcc_v6.3/arm32_ewl2/lib/thumb/v7e-m/fpv4-sp/hard\libc99.a(puts.o)
 .debug_frame   0x000011f0       0x28 F:/NXP/S32DS_ARM_v2.2/S32DS/build_tools/gcc_v6.3/arm32_ewl2/lib/thumb/v7e-m/fpv4-sp/hard\libc99.a(memcpy.o)
 .debug_frame   0x00001218       0x28 F:/NXP/S32DS_ARM_v2.2/S32DS/build_tools/gcc_v6.3/arm32_ewl2/lib/thumb/v7e-m/fpv4-sp/hard\libc99.a(memset.o)
 .debug_frame   0x00001240       0x40 F:/NXP/S32DS_ARM_v2.2/S32DS/build_tools/gcc_v6.3/arm32_ewl2/lib/thumb/v7e-m/fpv4-sp/hard\libc99.a(fwide.o)
 .debug_frame   0x00001280       0x48 F:/NXP/S32DS_ARM_v2.2/S32DS/build_tools/gcc_v6.3/arm32_ewl2/lib/thumb/v7e-m/fpv4-sp/hard\libc99.a(ansi_files.o)
 .debug_frame   0x000012c8       0x2c F:/NXP/S32DS_ARM_v2.2/S32DS/build_tools/gcc_v6.3/arm32_ewl2/lib/thumb/v7e-m/fpv4-sp/hard\libc99.a(__putchar.o)
 .debug_frame   0x000012f4       0x28 F:/NXP/S32DS_ARM_v2.2/S32DS/build_tools/gcc_v6.3/arm32_ewl2/lib/thumb/v7e-m/fpv4-sp/hard\libc99.a(__filll_mem.o)
 .debug_frame   0x0000131c       0x58 F:/NXP/S32DS_ARM_v2.2/S32DS/build_tools/gcc_v6.3/arm32_ewl2/lib/thumb/v7e-m/fpv4-sp/hard\libc99.a(__buffer_io.o)
 .debug_frame   0x00001374       0x90 F:/NXP/S32DS_ARM_v2.2/S32DS/build_tools/gcc_v6.3/arm32_ewl2/lib/thumb/v7e-m/fpv4-sp/hard\libhosted.a(semihosted_console_io.o)
 .debug_frame   0x00001404      0x29c F:/NXP/S32DS_ARM_v2.2/S32DS/build_tools/gcc_v6.3/arm32_ewl2/lib/thumb/v7e-m/fpv4-sp/hard\libhosted.a(semihosted_file_io.o)
