Archive member included to satisfy reference by file (symbol)

F:/NXP/S32DS_ARM_v2.2/S32DS/build_tools/gcc_v6.3/gcc-6.3-arm32-eabi/arm-none-eabi/newlib/lib/thumb/v7e-m/fpv4-sp/hard\libc_nano.a(lib_a-exit.o)
                              F:/NXP/S32DS_ARM_v2.2/S32DS/build_tools/gcc_v6.3/gcc-6.3-arm32-eabi/arm-none-eabi/newlib/lib/thumb/v7e-m/fpv4-sp/hard/crt0.o (exit)
F:/NXP/S32DS_ARM_v2.2/S32DS/build_tools/gcc_v6.3/gcc-6.3-arm32-eabi/arm-none-eabi/newlib/lib/thumb/v7e-m/fpv4-sp/hard\libc_nano.a(lib_a-impure.o)
                              F:/NXP/S32DS_ARM_v2.2/S32DS/build_tools/gcc_v6.3/gcc-6.3-arm32-eabi/arm-none-eabi/newlib/lib/thumb/v7e-m/fpv4-sp/hard\libc_nano.a(lib_a-exit.o) (_global_impure_ptr)
F:/NXP/S32DS_ARM_v2.2/S32DS/build_tools/gcc_v6.3/gcc-6.3-arm32-eabi/arm-none-eabi/newlib/lib/thumb/v7e-m/fpv4-sp/hard\libc_nano.a(lib_a-init.o)
                              F:/NXP/S32DS_ARM_v2.2/S32DS/build_tools/gcc_v6.3/gcc-6.3-arm32-eabi/arm-none-eabi/newlib/lib/thumb/v7e-m/fpv4-sp/hard/crt0.o (__libc_init_array)
F:/NXP/S32DS_ARM_v2.2/S32DS/build_tools/gcc_v6.3/gcc-6.3-arm32-eabi/arm-none-eabi/newlib/lib/thumb/v7e-m/fpv4-sp/hard\libc_nano.a(lib_a-memcpy-stub.o)
                              ./SDK/rtos/FreeRTOS_S32K/Source/queue.o (memcpy)
F:/NXP/S32DS_ARM_v2.2/S32DS/build_tools/gcc_v6.3/gcc-6.3-arm32-eabi/arm-none-eabi/newlib/lib/thumb/v7e-m/fpv4-sp/hard\libc_nano.a(lib_a-memset.o)
                              F:/NXP/S32DS_ARM_v2.2/S32DS/build_tools/gcc_v6.3/gcc-6.3-arm32-eabi/arm-none-eabi/newlib/lib/thumb/v7e-m/fpv4-sp/hard/crt0.o (memset)
F:/NXP/S32DS_ARM_v2.2/S32DS/build_tools/gcc_v6.3/gcc-6.3-arm32-eabi/arm-none-eabi/newlib/lib/thumb/v7e-m/fpv4-sp/hard\libc_nano.a(lib_a-strlen.o)
                              ./SDK/rtos/FreeRTOS_S32K/Source/tasks.o (strlen)
F:/NXP/S32DS_ARM_v2.2/S32DS/build_tools/gcc_v6.3/gcc-6.3-arm32-eabi/arm-none-eabi/newlib/lib/thumb/v7e-m/fpv4-sp/hard\libnosys.a(_exit.o)
                              F:/NXP/S32DS_ARM_v2.2/S32DS/build_tools/gcc_v6.3/gcc-6.3-arm32-eabi/arm-none-eabi/newlib/lib/thumb/v7e-m/fpv4-sp/hard\libc_nano.a(lib_a-exit.o) (_exit)

Allocating common symbols
Common symbol       size              file

g_xtal0ClkFreq      0x4               ./SDK/platform/drivers/src/clock/S32K1xx/clock_S32K1xx.o
xQueueRegistry      0x40              ./SDK/rtos/FreeRTOS_S32K/Source/queue.o
g_RtcClkInFreq      0x4               ./SDK/platform/drivers/src/clock/S32K1xx/clock_S32K1xx.o
g_TClkFreq          0xc               ./SDK/platform/drivers/src/clock/S32K1xx/clock_S32K1xx.o

Discarded input sections

 .text          0x00000000        0x0 f:/nxp/s32ds_arm_v2.2/s32ds/build_tools/gcc_v6.3/gcc-6.3-arm32-eabi/bin/../lib/gcc/arm-none-eabi/6.3.1/thumb/v7e-m/fpv4-sp/hard/crti.o
 .data          0x00000000        0x0 f:/nxp/s32ds_arm_v2.2/s32ds/build_tools/gcc_v6.3/gcc-6.3-arm32-eabi/bin/../lib/gcc/arm-none-eabi/6.3.1/thumb/v7e-m/fpv4-sp/hard/crti.o
 .bss           0x00000000        0x0 f:/nxp/s32ds_arm_v2.2/s32ds/build_tools/gcc_v6.3/gcc-6.3-arm32-eabi/bin/../lib/gcc/arm-none-eabi/6.3.1/thumb/v7e-m/fpv4-sp/hard/crti.o
 .text          0x00000000       0xa4 f:/nxp/s32ds_arm_v2.2/s32ds/build_tools/gcc_v6.3/gcc-6.3-arm32-eabi/bin/../lib/gcc/arm-none-eabi/6.3.1/thumb/v7e-m/fpv4-sp/hard/crtbegin.o
 .data          0x00000000        0x4 f:/nxp/s32ds_arm_v2.2/s32ds/build_tools/gcc_v6.3/gcc-6.3-arm32-eabi/bin/../lib/gcc/arm-none-eabi/6.3.1/thumb/v7e-m/fpv4-sp/hard/crtbegin.o
 .bss           0x00000000       0x1c f:/nxp/s32ds_arm_v2.2/s32ds/build_tools/gcc_v6.3/gcc-6.3-arm32-eabi/bin/../lib/gcc/arm-none-eabi/6.3.1/thumb/v7e-m/fpv4-sp/hard/crtbegin.o
 .init_array    0x00000000        0x4 f:/nxp/s32ds_arm_v2.2/s32ds/build_tools/gcc_v6.3/gcc-6.3-arm32-eabi/bin/../lib/gcc/arm-none-eabi/6.3.1/thumb/v7e-m/fpv4-sp/hard/crtbegin.o
 .fini_array    0x00000000        0x4 f:/nxp/s32ds_arm_v2.2/s32ds/build_tools/gcc_v6.3/gcc-6.3-arm32-eabi/bin/../lib/gcc/arm-none-eabi/6.3.1/thumb/v7e-m/fpv4-sp/hard/crtbegin.o
 .eh_frame      0x00000000        0x0 f:/nxp/s32ds_arm_v2.2/s32ds/build_tools/gcc_v6.3/gcc-6.3-arm32-eabi/bin/../lib/gcc/arm-none-eabi/6.3.1/thumb/v7e-m/fpv4-sp/hard/crtbegin.o
 .jcr           0x00000000        0x0 f:/nxp/s32ds_arm_v2.2/s32ds/build_tools/gcc_v6.3/gcc-6.3-arm32-eabi/bin/../lib/gcc/arm-none-eabi/6.3.1/thumb/v7e-m/fpv4-sp/hard/crtbegin.o
 .tm_clone_table
                0x00000000        0x0 f:/nxp/s32ds_arm_v2.2/s32ds/build_tools/gcc_v6.3/gcc-6.3-arm32-eabi/bin/../lib/gcc/arm-none-eabi/6.3.1/thumb/v7e-m/fpv4-sp/hard/crtbegin.o
 .comment       0x00000000       0xa1 f:/nxp/s32ds_arm_v2.2/s32ds/build_tools/gcc_v6.3/gcc-6.3-arm32-eabi/bin/../lib/gcc/arm-none-eabi/6.3.1/thumb/v7e-m/fpv4-sp/hard/crtbegin.o
 .ARM.attributes
                0x00000000       0x34 f:/nxp/s32ds_arm_v2.2/s32ds/build_tools/gcc_v6.3/gcc-6.3-arm32-eabi/bin/../lib/gcc/arm-none-eabi/6.3.1/thumb/v7e-m/fpv4-sp/hard/crtbegin.o
[...]
Memory Configuration

Name             Origin             Length             Attributes
m_interrupts     0x00000000         0x00000400         xr
m_flash_config   0x00000400         0x00000010         xr
m_text           0x00000410         0x0017fbf0         xr
m_data           0x1ffe0000         0x00020000         rw
m_data_2         0x20000000         0x0001f000         rw
*default*        0x00000000         0xffffffff

Linker script and memory map

LOAD f:/nxp/s32ds_arm_v2.2/s32ds/build_tools/gcc_v6.3/gcc-6.3-arm32-eabi/bin/../lib/gcc/arm-none-eabi/6.3.1/thumb/v7e-m/fpv4-sp/hard/crti.o
LOAD f:/nxp/s32ds_arm_v2.2/s32ds/build_tools/gcc_v6.3/gcc-6.3-arm32-eabi/bin/../lib/gcc/arm-none-eabi/6.3.1/thumb/v7e-m/fpv4-sp/hard/crtbegin.o
LOAD F:/NXP/S32DS_ARM_v2.2/S32DS/build_tools/gcc_v6.3/gcc-6.3-arm32-eabi/arm-none-eabi/newlib/lib/thumb/v7e-m/fpv4-sp/hard/crt0.o
LOAD ./Generated_Code/Cpu.o
LOAD ./Generated_Code/clockMan1.o
LOAD ./Generated_Code/pin_mux.o
LOAD ./Project_Settings/Startup_Code/startup_S32K148.o
LOAD ./SDK/platform/devices/S32K148/startup/system_S32K148.o
LOAD ./SDK/platform/devices/startup.o
LOAD ./SDK/platform/drivers/src/clock/S32K1xx/clock_S32K1xx.o
LOAD ./SDK/platform/drivers/src/interrupt/interrupt_manager.o
LOAD ./SDK/platform/drivers/src/pins/pins_driver.o
LOAD ./SDK/platform/drivers/src/pins/pins_port_hw_access.o
LOAD ./SDK/rtos/FreeRTOS_S32K/Source/croutine.o
LOAD ./SDK/rtos/FreeRTOS_S32K/Source/event_groups.o
LOAD ./SDK/rtos/FreeRTOS_S32K/Source/list.o
LOAD ./SDK/rtos/FreeRTOS_S32K/Source/queue.o
LOAD ./SDK/rtos/FreeRTOS_S32K/Source/stream_buffer.o
LOAD ./SDK/rtos/FreeRTOS_S32K/Source/tasks.o
LOAD ./SDK/rtos/FreeRTOS_S32K/Source/timers.o
LOAD ./SDK/rtos/FreeRTOS_S32K/Source/portable/GCC/ARM_CM4F/port.o
LOAD ./SDK/rtos/FreeRTOS_S32K/Source/portable/MemMang/heap_2.o
LOAD ./Sources/main.o
LOAD ./Sources/rtos.o
START GROUP
LOAD f:/nxp/s32ds_arm_v2.2/s32ds/build_tools/gcc_v6.3/gcc-6.3-arm32-eabi/bin/../lib/gcc/arm-none-eabi/6.3.1/thumb/v7e-m/fpv4-sp/hard\libgcc.a
LOAD F:/NXP/S32DS_ARM_v2.2/S32DS/build_tools/gcc_v6.3/gcc-6.3-arm32-eabi/arm-none-eabi/newlib/lib/thumb/v7e-m/fpv4-sp/hard\libc_nano.a
END GROUP
START GROUP
LOAD f:/nxp/s32ds_arm_v2.2/s32ds/build_tools/gcc_v6.3/gcc-6.3-arm32-eabi/bin/../lib/gcc/arm-none-eabi/6.3.1/thumb/v7e-m/fpv4-sp/hard\libgcc.a
LOAD F:/NXP/S32DS_ARM_v2.2/S32DS/build_tools/gcc_v6.3/gcc-6.3-arm32-eabi/arm-none-eabi/newlib/lib/thumb/v7e-m/fpv4-sp/hard\libc_nano.a
LOAD F:/NXP/S32DS_ARM_v2.2/S32DS/build_tools/gcc_v6.3/gcc-6.3-arm32-eabi/arm-none-eabi/newlib/lib/thumb/v7e-m/fpv4-sp/hard\libnosys.a
END GROUP
START GROUP
LOAD f:/nxp/s32ds_arm_v2.2/s32ds/build_tools/gcc_v6.3/gcc-6.3-arm32-eabi/bin/../lib/gcc/arm-none-eabi/6.3.1/thumb/v7e-m/fpv4-sp/hard\libgcc.a
LOAD F:/NXP/S32DS_ARM_v2.2/S32DS/build_tools/gcc_v6.3/gcc-6.3-arm32-eabi/arm-none-eabi/newlib/lib/thumb/v7e-m/fpv4-sp/hard\libc_nano.a
LOAD F:/NXP/S32DS_ARM_v2.2/S32DS/build_tools/gcc_v6.3/gcc-6.3-arm32-eabi/arm-none-eabi/newlib/lib/thumb/v7e-m/fpv4-sp/hard\libnosys.a
END GROUP
LOAD f:/nxp/s32ds_arm_v2.2/s32ds/build_tools/gcc_v6.3/gcc-6.3-arm32-eabi/bin/../lib/gcc/arm-none-eabi/6.3.1/thumb/v7e-m/fpv4-sp/hard/crtend.o
LOAD f:/nxp/s32ds_arm_v2.2/s32ds/build_tools/gcc_v6.3/gcc-6.3-arm32-eabi/bin/../lib/gcc/arm-none-eabi/6.3.1/thumb/v7e-m/fpv4-sp/hard/crtn.o
                0x00000400                HEAP_SIZE = DEFINED (__heap_size__)?__heap_size__:0x400
                0x00000400                STACK_SIZE = DEFINED (__stack_size__)?__stack_size__:0x400
                0x00000400                M_VECTOR_RAM_SIZE = DEFINED (__flash_vector_table__)?0x0:0x400

.interrupts     0x00000000      0x400
                0x00000000                __VECTOR_TABLE = .
                0x00000000                __interrupts_start__ = .
                0x00000000                . = ALIGN (0x4)
 *(.isr_vector)
 .isr_vector    0x00000000      0x400 ./Project_Settings/Startup_Code/startup_S32K148.o
                0x00000000                __isr_vector
                0x00000400                __interrupts_end__ = .
                0x00000400                . = ALIGN (0x4)

.flash_config   0x00000400       0x10
                0x00000400                . = ALIGN (0x4)
 *(.FlashConfig)
 .FlashConfig   0x00000400       0x10 ./Project_Settings/Startup_Code/startup_S32K148.o
                0x00000410                . = ALIGN (0x4)

.text           0x00000410     0x2e80
                0x00000410                . = ALIGN (0x4)
 *(.text)
 .text          0x00000410       0x6c ./Project_Settings/Startup_Code/startup_S32K148.o
                0x00000410                Reset_Handler
                0x00000478                FTM5_Ch2_Ch3_IRQHandler
                0x00000478                DebugMon_Handler
                0x00000478                CAN0_ORed_IRQHandler
                0x00000478                HardFault_Handler
                0x00000478                FTM7_Ch2_Ch3_IRQHandler
                0x00000478                Reserved103_IRQHandler
                0x00000478                FTM7_Ch6_Ch7_IRQHandler
                0x00000478                FTM2_Ovf_Reload_IRQHandler
                0x00000478                Reserved50_IRQHandler
                0x00000478                FTFC_Fault_IRQHandler
                0x00000478                FTM0_Ch6_Ch7_IRQHandler
                0x00000478                Reserved114_IRQHandler
                0x00000478                NMI_Handler
                0x00000478                ERM_double_fault_IRQHandler
                0x00000478                DMA2_IRQHandler
                0x00000478                Reserved59_IRQHandler
                0x00000478                LPIT0_Ch0_IRQHandler
                0x00000478                Reserved99_IRQHandler
                0x00000478                FTM7_Ch4_Ch5_IRQHandler
                0x00000478                FTM3_Ch6_Ch7_IRQHandler
                0x00000478                CAN2_ORed_0_15_MB_IRQHandler
                0x00000478                LPIT0_Ch3_IRQHandler
                0x00000478                LPI2C1_Master_IRQHandler
                0x00000478                FTM0_Ch4_Ch5_IRQHandler
                0x00000478                CAN1_Error_IRQHandler
                0x00000478                FTM4_Ch6_Ch7_IRQHandler
                0x00000478                FTM3_Ch0_Ch1_IRQHandler
                0x00000478                SWI_IRQHandler
                0x00000478                ADC0_IRQHandler
                0x00000478                FTM2_Ch4_Ch5_IRQHandler
                0x00000478                UsageFault_Handler
                0x00000478                FTM0_Ovf_Reload_IRQHandler
                0x00000478                FTM4_Fault_IRQHandler
                0x00000478                DefaultISR
                0x00000478                DMA9_IRQHandler
                0x00000478                Reserved58_IRQHandler
                0x00000478                FTM7_Fault_IRQHandler
                0x00000478                LPI2C1_Slave_IRQHandler
                0x00000478                CAN1_ORed_0_15_MB_IRQHandler
                0x00000478                FTM1_Ch2_Ch3_IRQHandler
                0x00000478                DMA14_IRQHandler
                0x00000478                Reserved82_IRQHandler
                0x00000478                CAN0_ORed_16_31_MB_IRQHandler
                0x00000478                LPI2C0_Slave_IRQHandler
                0x00000478                PORTD_IRQHandler
                0x00000478                SAI1_Rx_IRQHandler
                0x00000478                Reserved69_IRQHandler
                0x00000478                PORTB_IRQHandler
                0x00000478                Reserved70_IRQHandler
                0x00000478                ADC1_IRQHandler
                0x00000478                FTM2_Ch2_Ch3_IRQHandler
                0x00000478                FTM5_Ch0_Ch1_IRQHandler
                0x00000478                Reserved53_IRQHandler
                0x00000478                DMA5_IRQHandler
                0x00000478                RTC_IRQHandler
                0x00000478                PDB0_IRQHandler
                0x00000478                Reserved54_IRQHandler
                0x00000478                FTM6_Fault_IRQHandler
                0x00000478                FTM2_Ch6_Ch7_IRQHandler
                0x00000478                FTM6_Ch4_Ch5_IRQHandler
                0x00000478                FTM3_Ch2_Ch3_IRQHandler
                0x00000478                FTM6_Ch2_Ch3_IRQHandler
                0x00000478                FTM2_Ch0_Ch1_IRQHandler
                0x00000478                LPSPI1_IRQHandler
                0x00000478                LPUART1_RxTx_IRQHandler
                0x00000478                FTM4_Ovf_Reload_IRQHandler
                0x00000478                RTC_Seconds_IRQHandler
                0x00000478                FTM7_Ch0_Ch1_IRQHandler
                0x00000478                CAN2_ORed_IRQHandler
                0x00000478                Reserved110_IRQHandler
                0x00000478                DMA11_IRQHandler
                0x00000478                Reserved107_IRQHandler
                0x00000478                ENET_TIMER_IRQHandler
                0x00000478                Read_Collision_IRQHandler
                0x00000478                CAN2_Error_IRQHandler
                0x00000478                FTFC_IRQHandler
                0x00000478                DMA7_IRQHandler
                0x00000478                FTM1_Ch6_Ch7_IRQHandler
                0x00000478                FTM5_Fault_IRQHandler
                0x00000478                FTM6_Ovf_Reload_IRQHandler
                0x00000478                LPIT0_Ch1_IRQHandler
                0x00000478                FTM4_Ch0_Ch1_IRQHandler
                0x00000478                FTM1_Ch4_Ch5_IRQHandler
                0x00000478                FTM3_Ovf_Reload_IRQHandler
                0x00000478                SAI0_Tx_IRQHandler
                0x00000478                LPUART2_RxTx_IRQHandler
                0x00000478                FTM5_Ch4_Ch5_IRQHandler
                0x00000478                LPSPI0_IRQHandler
                0x00000478                WDOG_EWM_IRQHandler
                0x00000478                MemManage_Handler
                0x00000478                Reserved83_IRQHandler
                0x00000478                FTM0_Fault_IRQHandler
                0x00000478                FTM6_Ch6_Ch7_IRQHandler
                0x00000478                Reserved48_IRQHandler
                0x00000478                ENET_TX_IRQHandler
                0x00000478                ERM_single_fault_IRQHandler
                0x00000478                FTM2_Fault_IRQHandler
                0x00000478                FTM0_Ch2_Ch3_IRQHandler
                0x00000478                DMA13_IRQHandler
                0x00000478                FTM4_Ch2_Ch3_IRQHandler
                0x00000478                FTM0_Ch0_Ch1_IRQHandler
                0x00000478                FTM4_Ch4_Ch5_IRQHandler
                0x00000478                FTM5_Ovf_Reload_IRQHandler
                0x00000478                FTM3_Fault_IRQHandler
                0x00000478                RCM_IRQHandler
                0x00000478                DMA3_IRQHandler
                0x00000478                Reserved100_IRQHandler
                0x00000478                DMA0_IRQHandler
                0x00000478                CAN1_ORed_IRQHandler
                0x00000478                SAI0_Rx_IRQHandler
                0x00000478                DMA15_IRQHandler
                0x00000478                SCG_IRQHandler
                0x00000478                PDB1_IRQHandler
                0x00000478                CAN2_ORed_16_31_MB_IRQHandler
                0x00000478                CAN0_Error_IRQHandler
                0x00000478                LPI2C0_Master_IRQHandler
                0x00000478                ENET_WAKE_IRQHandler
                0x00000478                DMA4_IRQHandler
                0x00000478                FTM1_Fault_IRQHandler
                0x00000478                Reserved106_IRQHandler
                0x00000478                ENET_ERR_IRQHandler
                0x00000478                DMA_Error_IRQHandler
                0x00000478                LVD_LVW_IRQHandler
                0x00000478                ENET_STOP_IRQHandler
                0x00000478                ENET_RX_IRQHandler
                0x00000478                LPIT0_Ch2_IRQHandler
                0x00000478                PORTA_IRQHandler
                0x00000478                FTM5_Ch6_Ch7_IRQHandler
                0x00000478                CAN1_ORed_16_31_MB_IRQHandler
                0x00000478                MCM_IRQHandler
                0x00000478                LPSPI2_IRQHandler
                0x00000478                DMA12_IRQHandler
                0x00000478                FTM7_Ovf_Reload_IRQHandler
                0x00000478                FTM3_Ch4_Ch5_IRQHandler
                0x00000478                CAN0_ORed_0_15_MB_IRQHandler
                0x00000478                PORTE_IRQHandler
                0x00000478                LPUART0_RxTx_IRQHandler
                0x00000478                FTM6_Ch0_Ch1_IRQHandler
                0x00000478                LPTMR0_IRQHandler
                0x00000478                BusFault_Handler
                0x00000478                FTM1_Ovf_Reload_IRQHandler
                0x00000478                DMA8_IRQHandler
                0x00000478                DMA10_IRQHandler
                0x00000478                CAN0_Wake_Up_IRQHandler
                0x00000478                QSPI_IRQHandler
                0x00000478                CMP0_IRQHandler
                0x00000478                Reserved52_IRQHandler
                0x00000478                PORTC_IRQHandler
                0x00000478                DMA6_IRQHandler
                0x00000478                FTM1_Ch0_Ch1_IRQHandler
                0x00000478                FLEXIO_IRQHandler
                0x00000478                SAI1_Tx_IRQHandler
                0x00000478                DMA1_IRQHandler
                0x00000478                Reserved113_IRQHandler
 *(.text*)
 .text.SystemInit
                0x0000047c       0x4c ./SDK/platform/devices/S32K148/startup/system_S32K148.o
                0x0000047c                SystemInit
 .text.init_data_bss
                0x000004c8       0xd8 ./SDK/platform/devices/startup.o
                0x000004c8                init_data_bss
 .text.CLOCK_SYS_GetCurrentRunMode
                0x000005a0       0x24 ./SDK/platform/drivers/src/clock/S32K1xx/clock_S32K1xx.o
 .text.CLOCK_SYS_GetSysOscFreq
                0x000005c4       0x1c ./SDK/platform/drivers/src/clock/S32K1xx/clock_S32K1xx.o
 .text.CLOCK_SYS_ConfigureSOSC
                0x000005e0      0x12c ./SDK/platform/drivers/src/clock/S32K1xx/clock_S32K1xx.o
 .text.CLOCK_SYS_GetSircFreq
                0x0000070c       0x2c ./SDK/platform/drivers/src/clock/S32K1xx/clock_S32K1xx.o
 .text.CLOCK_SYS_ConfigureSIRC
                0x00000738       0xc4 ./SDK/platform/drivers/src/clock/S32K1xx/clock_S32K1xx.o
 .text.CLOCK_SYS_GetFircFreq
                0x000007fc       0x20 ./SDK/platform/drivers/src/clock/S32K1xx/clock_S32K1xx.o
 .text.CLOCK_SYS_ConfigureFIRC
                0x0000081c       0xb4 ./SDK/platform/drivers/src/clock/S32K1xx/clock_S32K1xx.o
 .text.CLOCK_SYS_GetSysPllFreq
                0x000008d0       0x44 ./SDK/platform/drivers/src/clock/S32K1xx/clock_S32K1xx.o
 .text.CLOCK_SYS_ConfigureSPLL
                0x00000914      0x12c ./SDK/platform/drivers/src/clock/S32K1xx/clock_S32K1xx.o
 .text.CLOCK_SYS_SetSystemClockConfig
                0x00000a40      0x204 ./SDK/platform/drivers/src/clock/S32K1xx/clock_S32K1xx.o
 .text.CLOCK_SYS_TransitionSystemClock
                0x00000c44       0x54 ./SDK/platform/drivers/src/clock/S32K1xx/clock_S32K1xx.o
 .text.CLOCK_DRV_Init
                0x00000c98      0x5ac ./SDK/platform/drivers/src/clock/S32K1xx/clock_S32K1xx.o
                0x00000c98                CLOCK_DRV_Init
 .text.CLOCK_SYS_Init
                0x00001244       0x28 ./SDK/platform/drivers/src/clock/S32K1xx/clock_S32K1xx.o
                0x00001244                CLOCK_SYS_Init
 .text.CLOCK_SYS_UpdateConfiguration
                0x0000126c       0xf4 ./SDK/platform/drivers/src/clock/S32K1xx/clock_S32K1xx.o
                0x0000126c                CLOCK_SYS_UpdateConfiguration
 .text.INT_SYS_InstallHandler
                0x00001360       0x10 ./SDK/platform/drivers/src/interrupt/interrupt_manager.o
                0x00001360                INT_SYS_InstallHandler
 .text.INT_SYS_EnableIRQ
                0x00001370       0x18 ./SDK/platform/drivers/src/interrupt/interrupt_manager.o
                0x00001370                INT_SYS_EnableIRQ
 .text.INT_SYS_EnableIRQGlobal
                0x00001388       0x1c ./SDK/platform/drivers/src/interrupt/interrupt_manager.o
                0x00001388                INT_SYS_EnableIRQGlobal
 .text.INT_SYS_DisableIRQGlobal
                0x000013a4       0x10 ./SDK/platform/drivers/src/interrupt/interrupt_manager.o
                0x000013a4                INT_SYS_DisableIRQGlobal
 .text.INT_SYS_SetPriority
                0x000013b4       0x70 ./SDK/platform/drivers/src/interrupt/interrupt_manager.o
                0x000013b4                INT_SYS_SetPriority
 .text.PINS_DRV_SetMuxModeSel
                0x00001424        0x8 ./SDK/platform/drivers/src/pins/pins_driver.o
                0x00001424                PINS_DRV_SetMuxModeSel
 .text.PINS_DRV_SetPinIntSel
                0x0000142c       0x20 ./SDK/platform/drivers/src/pins/pins_driver.o
                0x0000142c                PINS_DRV_SetPinIntSel
 .text.PINS_DRV_ClearPortIntFlagCmd
                0x0000144c        0xa ./SDK/platform/drivers/src/pins/pins_driver.o
                0x0000144c                PINS_DRV_ClearPortIntFlagCmd
 .text.PINS_DRV_SetPinsDirection
                0x00001456        0x4 ./SDK/platform/drivers/src/pins/pins_driver.o
                0x00001456                PINS_DRV_SetPinsDirection
 .text.PINS_DRV_SetPins
                0x0000145a        0x4 ./SDK/platform/drivers/src/pins/pins_driver.o
                0x0000145a                PINS_DRV_SetPins
 .text.PINS_DRV_ClearPins
                0x0000145e        0x4 ./SDK/platform/drivers/src/pins/pins_driver.o
                0x0000145e                PINS_DRV_ClearPins
 .text.PINS_DRV_TogglePins
                0x00001462        0x4 ./SDK/platform/drivers/src/pins/pins_driver.o
                0x00001462                PINS_DRV_TogglePins
 .text.PINS_DRV_ReadPins
                0x00001466        0x4 ./SDK/platform/drivers/src/pins/pins_driver.o
                0x00001466                PINS_DRV_ReadPins
 *fill*         0x0000146a        0x2 
 .text.PINS_GetAdcInterleaveVal
                0x0000146c       0x70 ./SDK/platform/drivers/src/pins/pins_port_hw_access.o
 .text.PINS_SetMuxModeSel
                0x000014dc       0x58 ./SDK/platform/drivers/src/pins/pins_port_hw_access.o
                0x000014dc                PINS_SetMuxModeSel
 .text.vListInitialise
                0x00001534       0x16 ./SDK/rtos/FreeRTOS_S32K/Source/list.o
                0x00001534                vListInitialise
 .text.vListInitialiseItem
                0x0000154a        0x6 ./SDK/rtos/FreeRTOS_S32K/Source/list.o
                0x0000154a                vListInitialiseItem
 .text.vListInsertEnd
                0x00001550       0x18 ./SDK/rtos/FreeRTOS_S32K/Source/list.o
                0x00001550                vListInsertEnd
 .text.vListInsert
                0x00001568       0x34 ./SDK/rtos/FreeRTOS_S32K/Source/list.o
                0x00001568                vListInsert
 .text.uxListRemove
                0x0000159c       0x26 ./SDK/rtos/FreeRTOS_S32K/Source/list.o
                0x0000159c                uxListRemove
 .text.prvIsQueueEmpty
                0x000015c2       0x16 ./SDK/rtos/FreeRTOS_S32K/Source/queue.o
 .text.prvCopyDataToQueue
                0x000015d8       0x76 ./SDK/rtos/FreeRTOS_S32K/Source/queue.o
 .text.prvCopyDataFromQueue
                0x0000164e       0x24 ./SDK/rtos/FreeRTOS_S32K/Source/queue.o
 .text.prvUnlockQueue
                0x00001672       0x82 ./SDK/rtos/FreeRTOS_S32K/Source/queue.o
 .text.xQueueGenericReset
                0x000016f4       0x80 ./SDK/rtos/FreeRTOS_S32K/Source/queue.o
                0x000016f4                xQueueGenericReset
 .text.xQueueGenericCreate
                0x00001774       0x44 ./SDK/rtos/FreeRTOS_S32K/Source/queue.o
                0x00001774                xQueueGenericCreate
 .text.xQueueGenericSend
                0x000017b8      0x188 ./SDK/rtos/FreeRTOS_S32K/Source/queue.o
                0x000017b8                xQueueGenericSend
 .text.xQueueGenericSendFromISR
                0x00001940       0xd6 ./SDK/rtos/FreeRTOS_S32K/Source/queue.o
                0x00001940                xQueueGenericSendFromISR
 *fill*         0x00001a16        0x2 
 .text.xQueueReceive
                0x00001a18      0x158 ./SDK/rtos/FreeRTOS_S32K/Source/queue.o
                0x00001a18                xQueueReceive
 .text.vQueueAddToRegistry
                0x00001b70       0x34 ./SDK/rtos/FreeRTOS_S32K/Source/queue.o
                0x00001b70                vQueueAddToRegistry
 .text.vQueueWaitForMessageRestricted
                0x00001ba4       0x4e ./SDK/rtos/FreeRTOS_S32K/Source/queue.o
                0x00001ba4                vQueueWaitForMessageRestricted
 *fill*         0x00001bf2        0x2 
 .text.prvResetNextTaskUnblockTime
                0x00001bf4       0x2c ./SDK/rtos/FreeRTOS_S32K/Source/tasks.o
 .text.prvAddCurrentTaskToDelayedList
                0x00001c20       0xa0 ./SDK/rtos/FreeRTOS_S32K/Source/tasks.o
 .text.prvIdleTask
                0x00001cc0       0x74 ./SDK/rtos/FreeRTOS_S32K/Source/tasks.o
 .text.xTaskCreate
                0x00001d34      0x1e4 ./SDK/rtos/FreeRTOS_S32K/Source/tasks.o
                0x00001d34                xTaskCreate
 .text.vTaskStartScheduler
                0x00001f18       0x84 ./SDK/rtos/FreeRTOS_S32K/Source/tasks.o
                0x00001f18                vTaskStartScheduler
 .text.vTaskSuspendAll
                0x00001f9c       0x10 ./SDK/rtos/FreeRTOS_S32K/Source/tasks.o
                0x00001f9c                vTaskSuspendAll
 .text.xTaskGetTickCount
                0x00001fac        0xc ./SDK/rtos/FreeRTOS_S32K/Source/tasks.o
                0x00001fac                xTaskGetTickCount
 .text.xTaskIncrementTick
                0x00001fb8      0x138 ./SDK/rtos/FreeRTOS_S32K/Source/tasks.o
                0x00001fb8                xTaskIncrementTick
 .text.xTaskResumeAll
                0x000020f0      0x100 ./SDK/rtos/FreeRTOS_S32K/Source/tasks.o
                0x000020f0                xTaskResumeAll
 .text.vTaskDelayUntil
                0x000021f0       0xa0 ./SDK/rtos/FreeRTOS_S32K/Source/tasks.o
                0x000021f0                vTaskDelayUntil
 .text.vTaskSwitchContext
                0x00002290       0xc4 ./SDK/rtos/FreeRTOS_S32K/Source/tasks.o
                0x00002290                vTaskSwitchContext
 .text.vTaskPlaceOnEventList
                0x00002354       0x30 ./SDK/rtos/FreeRTOS_S32K/Source/tasks.o
                0x00002354                vTaskPlaceOnEventList
 .text.vTaskPlaceOnEventListRestricted
                0x00002384       0x3c ./SDK/rtos/FreeRTOS_S32K/Source/tasks.o
                0x00002384                vTaskPlaceOnEventListRestricted
 .text.xTaskRemoveFromEventList
                0x000023c0       0x88 ./SDK/rtos/FreeRTOS_S32K/Source/tasks.o
                0x000023c0                xTaskRemoveFromEventList
 .text.vTaskInternalSetTimeOutState
                0x00002448       0x18 ./SDK/rtos/FreeRTOS_S32K/Source/tasks.o
                0x00002448                vTaskInternalSetTimeOutState
 .text.xTaskCheckForTimeOut
                0x00002460       0x9c ./SDK/rtos/FreeRTOS_S32K/Source/tasks.o
                0x00002460                xTaskCheckForTimeOut
 .text.vTaskMissedYield
                0x000024fc        0xc ./SDK/rtos/FreeRTOS_S32K/Source/tasks.o
                0x000024fc                vTaskMissedYield
 .text.xTaskGetSchedulerState
                0x00002508       0x20 ./SDK/rtos/FreeRTOS_S32K/Source/tasks.o
                0x00002508                xTaskGetSchedulerState
 .text.xTaskPriorityDisinherit
                0x00002528       0xb0 ./SDK/rtos/FreeRTOS_S32K/Source/tasks.o
                0x00002528                xTaskPriorityDisinherit
 .text.prvInsertTimerInActiveList
                0x000025d8       0x48 ./SDK/rtos/FreeRTOS_S32K/Source/timers.o
 .text.prvCheckForValidListAndQueue
                0x00002620       0x5c ./SDK/rtos/FreeRTOS_S32K/Source/timers.o
 .text.xTimerCreateTimerTask
                0x0000267c       0x4c ./SDK/rtos/FreeRTOS_S32K/Source/timers.o
                0x0000267c                xTimerCreateTimerTask
 .text.xTimerCreate
                0x000026c8       0x48 ./SDK/rtos/FreeRTOS_S32K/Source/timers.o
                0x000026c8                xTimerCreate
 .text.xTimerGenericCommand
                0x00002710       0x60 ./SDK/rtos/FreeRTOS_S32K/Source/timers.o
                0x00002710                xTimerGenericCommand
 .text.prvSampleTimeNow
                0x00002770       0xa8 ./SDK/rtos/FreeRTOS_S32K/Source/timers.o
 .text.prvTimerTask
                0x00002818      0x1c8 ./SDK/rtos/FreeRTOS_S32K/Source/timers.o
 .text.prvTaskExitError
                0x000029e0       0x40 ./SDK/rtos/FreeRTOS_S32K/Source/portable/GCC/ARM_CM4F/port.o
 .text.prvPortStartFirstTask
                0x00002a20       0x28 ./SDK/rtos/FreeRTOS_S32K/Source/portable/GCC/ARM_CM4F/port.o
 .text.vPortEnableVFP
                0x00002a48       0x14 ./SDK/rtos/FreeRTOS_S32K/Source/portable/GCC/ARM_CM4F/port.o
 .text.pxPortInitialiseStack
                0x00002a5c       0x2c ./SDK/rtos/FreeRTOS_S32K/Source/portable/GCC/ARM_CM4F/port.o
                0x00002a5c                pxPortInitialiseStack
 *fill*         0x00002a88        0x8 
 .text.SVC_Handler
                0x00002a90       0x24 ./SDK/rtos/FreeRTOS_S32K/Source/portable/GCC/ARM_CM4F/port.o
                0x00002a90                SVC_Handler
 .text.vPortEnterCritical
                0x00002ab4       0x44 ./SDK/rtos/FreeRTOS_S32K/Source/portable/GCC/ARM_CM4F/port.o
                0x00002ab4                vPortEnterCritical
 .text.vPortExitCritical
                0x00002af8       0x2c ./SDK/rtos/FreeRTOS_S32K/Source/portable/GCC/ARM_CM4F/port.o
                0x00002af8                vPortExitCritical
 *fill*         0x00002b24        0xc 
 .text.PendSV_Handler
                0x00002b30       0x64 ./SDK/rtos/FreeRTOS_S32K/Source/portable/GCC/ARM_CM4F/port.o
                0x00002b30                PendSV_Handler
 .text.SysTick_Handler
                0x00002b94       0x2c ./SDK/rtos/FreeRTOS_S32K/Source/portable/GCC/ARM_CM4F/port.o
                0x00002b94                SysTick_Handler
 .text.vPortSetupTimerInterrupt
                0x00002bc0       0x24 ./SDK/rtos/FreeRTOS_S32K/Source/portable/GCC/ARM_CM4F/port.o
                0x00002bc0                vPortSetupTimerInterrupt
 .text.xPortStartScheduler
                0x00002be4      0x118 ./SDK/rtos/FreeRTOS_S32K/Source/portable/GCC/ARM_CM4F/port.o
                0x00002be4                xPortStartScheduler
 .text.vPortValidateInterruptPriority
                0x00002cfc       0x5c ./SDK/rtos/FreeRTOS_S32K/Source/portable/GCC/ARM_CM4F/port.o
                0x00002cfc                vPortValidateInterruptPriority
 .text.pvPortMalloc
                0x00002d58       0xd0 ./SDK/rtos/FreeRTOS_S32K/Source/portable/MemMang/heap_2.o
                0x00002d58                pvPortMalloc
 .text.vPortFree
                0x00002e28       0x44 ./SDK/rtos/FreeRTOS_S32K/Source/portable/MemMang/heap_2.o
                0x00002e28                vPortFree
 .text.xPortGetFreeHeapSize
                0x00002e6c        0xc ./SDK/rtos/FreeRTOS_S32K/Source/portable/MemMang/heap_2.o
                0x00002e6c                xPortGetFreeHeapSize
 .text.main     0x00002e78       0x18 ./Sources/main.o
                0x00002e78                main
 .text.prvButtonLEDTimerCallback
                0x00002e90       0x14 ./Sources/rtos.o
 .text.prvQueueSendTask
                0x00002ea4       0x2c ./Sources/rtos.o
 .text.vPort_C_ISRHandler
                0x00002ed0       0x38 ./Sources/rtos.o
                0x00002ed0                vPort_C_ISRHandler
 .text.boardSetup
                0x00002f08       0x38 ./Sources/rtos.o
                0x00002f08                boardSetup
 .text.rtos_start
                0x00002f40       0xbc ./Sources/rtos.o
                0x00002f40                rtos_start
 .text.delay    0x00002ffc       0x12 ./Sources/rtos.o
                0x00002ffc                delay
 *fill*         0x0000300e        0x2 
 .text.prvQueueReceiveTask
                0x00003010       0x34 ./Sources/rtos.o
 .text.vApplicationMallocFailedHook
                0x00003044       0x12 ./Sources/rtos.o
                0x00003044                vApplicationMallocFailedHook
 .text.vApplicationStackOverflowHook
                0x00003056       0x12 ./Sources/rtos.o
                0x00003056                vApplicationStackOverflowHook
 .text.vApplicationIdleHook
                0x00003068       0x12 ./Sources/rtos.o
                0x00003068                vApplicationIdleHook
 .text.vApplicationTickHook
                0x0000307a        0x2 ./Sources/rtos.o
                0x0000307a                vApplicationTickHook
 .text.memcpy   0x0000307c       0x16 F:/NXP/S32DS_ARM_v2.2/S32DS/build_tools/gcc_v6.3/gcc-6.3-arm32-eabi/arm-none-eabi/newlib/lib/thumb/v7e-m/fpv4-sp/hard\libc_nano.a(lib_a-memcpy-stub.o)
                0x0000307c                memcpy
 .text.memset   0x00003092       0x10 F:/NXP/S32DS_ARM_v2.2/S32DS/build_tools/gcc_v6.3/gcc-6.3-arm32-eabi/arm-none-eabi/newlib/lib/thumb/v7e-m/fpv4-sp/hard\libc_nano.a(lib_a-memset.o)
                0x00003092                memset
 *(.rodata)
 *(.rodata*)
 *fill*         0x000030a2        0x2 
 .rodata.clockNameMappings
                0x000030a4       0xb8 ./SDK/platform/drivers/src/clock/S32K1xx/clock_S32K1xx.o
                0x000030a4                clockNameMappings
 .rodata.maxSysClksInHSRUN.7953
                0x0000315c       0x54 ./SDK/platform/drivers/src/clock/S32K1xx/clock_S32K1xx.o
 .rodata.maxSysClksInRUN.7952
                0x000031b0       0x54 ./SDK/platform/drivers/src/clock/S32K1xx/clock_S32K1xx.o
 .rodata.maxSysClksInVLPR.7951
                0x00003204       0x54 ./SDK/platform/drivers/src/clock/S32K1xx/clock_S32K1xx.o
 .rodata.vTaskStartScheduler.str1.4
                0x00003258        0x5 ./SDK/rtos/FreeRTOS_S32K/Source/tasks.o
 *fill*         0x0000325d        0x3 
 .rodata.prvCheckForValidListAndQueue.str1.4
                0x00003260        0x5 ./SDK/rtos/FreeRTOS_S32K/Source/timers.o
 *fill*         0x00003265        0x3 
 .rodata.xTimerCreateTimerTask.str1.4
                0x00003268        0x8 ./SDK/rtos/FreeRTOS_S32K/Source/timers.o
 .rodata.rtos_start.str1.4
                0x00003270       0x18 ./Sources/rtos.o
                                 0x17 (size before relaxing)
 *(.init)
 .init          0x00003288        0x4 f:/nxp/s32ds_arm_v2.2/s32ds/build_tools/gcc_v6.3/gcc-6.3-arm32-eabi/bin/../lib/gcc/arm-none-eabi/6.3.1/thumb/v7e-m/fpv4-sp/hard/crti.o
                0x00003288                _init
 *(.fini)
 .fini          0x0000328c        0x4 f:/nxp/s32ds_arm_v2.2/s32ds/build_tools/gcc_v6.3/gcc-6.3-arm32-eabi/bin/../lib/gcc/arm-none-eabi/6.3.1/thumb/v7e-m/fpv4-sp/hard/crti.o
                0x0000328c                _fini
 *(.eh_frame)
                0x00003290                . = ALIGN (0x4)

.glue_7         0x00003290        0x0
 .glue_7        0x00003290        0x0 linker stubs

.glue_7t        0x00003290        0x0
 .glue_7t       0x00003290        0x0 linker stubs

.vfp11_veneer   0x00003290        0x0
 .vfp11_veneer  0x00003290        0x0 linker stubs

.v4_bx          0x00003290        0x0
 .v4_bx         0x00003290        0x0 linker stubs

.iplt           0x00003290        0x0
 .iplt          0x00003290        0x0 f:/nxp/s32ds_arm_v2.2/s32ds/build_tools/gcc_v6.3/gcc-6.3-arm32-eabi/bin/../lib/gcc/arm-none-eabi/6.3.1/thumb/v7e-m/fpv4-sp/hard/crtbegin.o

.rel.dyn        0x00003290        0x0
 .rel.iplt      0x00003290        0x0 f:/nxp/s32ds_arm_v2.2/s32ds/build_tools/gcc_v6.3/gcc-6.3-arm32-eabi/bin/../lib/gcc/arm-none-eabi/6.3.1/thumb/v7e-m/fpv4-sp/hard/crtbegin.o

.ARM            0x00003290        0x0
                0x00003290                __exidx_start = .
 *(.ARM.exidx*)
                0x00003290                __exidx_end = .
                0x00003290                __etext = .
                0x00003290                __DATA_ROM = .

.interrupts_ram
                0x1ffe0000      0x400
                0x1ffe0000                . = ALIGN (0x4)
                0x1ffe0000                __VECTOR_RAM__ = .
                0x1ffe0000                __RAM_START = .
                0x1ffe0000                __interrupts_ram_start__ = .
 *(.m_interrupts_ram)
                0x1ffe0400                . = (. + M_VECTOR_RAM_SIZE)
 *fill*         0x1ffe0000      0x400 
                0x1ffe0400                . = ALIGN (0x4)
                0x1ffe0400                __interrupts_ram_end__ = .
                0x1ffe0000                __VECTOR_RAM = DEFINED (__flash_vector_table__)?ORIGIN (m_interrupts):__VECTOR_RAM__
                0x00000400                __RAM_VECTOR_TABLE_SIZE = DEFINED (__flash_vector_table__)?0x0:(__interrupts_ram_end__ - __interrupts_ram_start__)

.data           0x1ffe0400      0x170 load address 0x00003290
                0x1ffe0400                . = ALIGN (0x4)
                0x1ffe0400                __DATA_RAM = .
                0x1ffe0400                __data_start__ = .
 *(.data)
 *(.data*)
 .data.clockMan1_InitConfig0
                0x1ffe0400       0x78 ./Generated_Code/clockMan1.o
                0x1ffe0400                clockMan1_InitConfig0
 .data.g_clockManConfigsArr
                0x1ffe0478        0x4 ./Generated_Code/clockMan1.o
                0x1ffe0478                g_clockManConfigsArr
 .data.peripheralClockConfig0
                0x1ffe047c       0x19 ./Generated_Code/clockMan1.o
                0x1ffe047c                peripheralClockConfig0
 *fill*         0x1ffe0495        0x3 
 .data.peripheralClockConfig.7682
                0x1ffe0498       0xcd ./SDK/platform/drivers/src/clock/S32K1xx/clock_S32K1xx.o
 *fill*         0x1ffe0565        0x3 
 .data.uxCriticalNesting
                0x1ffe0568        0x4 ./SDK/rtos/FreeRTOS_S32K/Source/portable/GCC/ARM_CM4F/port.o
 .data.xFreeBytesRemaining
                0x1ffe056c        0x4 ./SDK/rtos/FreeRTOS_S32K/Source/portable/MemMang/heap_2.o
                0x1ffe0570                . = ALIGN (0x4)
                0x1ffe0570                __data_end__ = .
                0x00003400                __DATA_END = (__DATA_ROM + (__data_end__ - __data_start__))
                0x00003400                __CODE_ROM = __DATA_END

.igot.plt       0x1ffe0570        0x0 load address 0x00003400
 .igot.plt      0x1ffe0570        0x0 f:/nxp/s32ds_arm_v2.2/s32ds/build_tools/gcc_v6.3/gcc-6.3-arm32-eabi/bin/../lib/gcc/arm-none-eabi/6.3.1/thumb/v7e-m/fpv4-sp/hard/crtbegin.o

.code           0x1ffe0570        0x0 load address 0x00003400
                0x1ffe0570                . = ALIGN (0x4)
                0x1ffe0570                __CODE_RAM = .
                0x1ffe0570                __code_start__ = .
                0x1ffe0570                __code_ram_start__ = .
 *(.code_ram)
                0x1ffe0570                . = ALIGN (0x4)
                0x1ffe0570                __code_end__ = .
                0x1ffe0570                __code_ram_end__ = .
                0x00003400                __CODE_END = (__CODE_ROM + (__code_end__ - __code_start__))
                0x00003400                __CUSTOM_ROM = __CODE_END

.customSectionBlock
                0x20000000        0x0 load address 0x00003400
                0x20000000                __customSection_start__ = .
 *(.customSection)
                0x20000000                __customSection_end__ = .
                0x00003400                __CUSTOM_END = (__CUSTOM_ROM + (__customSection_end__ - __customSection_start__))

.bss            0x20000000     0x21d0
                0x20000000                . = ALIGN (0x4)
                0x20000000                __BSS_START = .
                0x20000000                __bss_start__ = .
 *(.bss)
 *(.bss*)
 .bss.g_clockManCallbacksArr
                0x20000000        0x4 ./Generated_Code/clockMan1.o
                0x20000000                g_clockManCallbacksArr
 .bss.g_clockState
                0x20000004       0x10 ./SDK/platform/drivers/src/clock/S32K1xx/clock_S32K1xx.o
 .bss.g_interruptDisableCount
                0x20000014        0x4 ./SDK/platform/drivers/src/interrupt/interrupt_manager.o
 .bss.pxCurrentTCB
                0x20000018        0x4 ./SDK/rtos/FreeRTOS_S32K/Source/tasks.o
                0x20000018                pxCurrentTCB
 .bss.pxDelayedTaskList
                0x2000001c        0x4 ./SDK/rtos/FreeRTOS_S32K/Source/tasks.o
 .bss.pxOverflowDelayedTaskList
                0x20000020        0x4 ./SDK/rtos/FreeRTOS_S32K/Source/tasks.o
 .bss.pxReadyTasksLists
                0x20000024       0x64 ./SDK/rtos/FreeRTOS_S32K/Source/tasks.o
 .bss.uxCurrentNumberOfTasks
                0x20000088        0x4 ./SDK/rtos/FreeRTOS_S32K/Source/tasks.o
 .bss.uxDeletedTasksWaitingCleanUp
                0x2000008c        0x4 ./SDK/rtos/FreeRTOS_S32K/Source/tasks.o
 .bss.uxPendedTicks
                0x20000090        0x4 ./SDK/rtos/FreeRTOS_S32K/Source/tasks.o
 .bss.uxSchedulerSuspended
                0x20000094        0x4 ./SDK/rtos/FreeRTOS_S32K/Source/tasks.o
 .bss.uxTaskNumber
                0x20000098        0x4 ./SDK/rtos/FreeRTOS_S32K/Source/tasks.o
 .bss.uxTopReadyPriority
                0x2000009c        0x4 ./SDK/rtos/FreeRTOS_S32K/Source/tasks.o
 .bss.xDelayedTaskList1
                0x200000a0       0x14 ./SDK/rtos/FreeRTOS_S32K/Source/tasks.o
 .bss.xDelayedTaskList2
                0x200000b4       0x14 ./SDK/rtos/FreeRTOS_S32K/Source/tasks.o
 .bss.xIdleTaskHandle
                0x200000c8        0x4 ./SDK/rtos/FreeRTOS_S32K/Source/tasks.o
 .bss.xNextTaskUnblockTime
                0x200000cc        0x4 ./SDK/rtos/FreeRTOS_S32K/Source/tasks.o
 .bss.xNumOfOverflows
                0x200000d0        0x4 ./SDK/rtos/FreeRTOS_S32K/Source/tasks.o
 .bss.xPendingReadyList
                0x200000d4       0x14 ./SDK/rtos/FreeRTOS_S32K/Source/tasks.o
 .bss.xSchedulerRunning
                0x200000e8        0x4 ./SDK/rtos/FreeRTOS_S32K/Source/tasks.o
 .bss.xSuspendedTaskList
                0x200000ec       0x14 ./SDK/rtos/FreeRTOS_S32K/Source/tasks.o
 .bss.xTasksWaitingTermination
                0x20000100       0x14 ./SDK/rtos/FreeRTOS_S32K/Source/tasks.o
 .bss.xTickCount
                0x20000114        0x4 ./SDK/rtos/FreeRTOS_S32K/Source/tasks.o
 .bss.xYieldPending
                0x20000118        0x4 ./SDK/rtos/FreeRTOS_S32K/Source/tasks.o
 .bss.pxCurrentTimerList
                0x2000011c        0x4 ./SDK/rtos/FreeRTOS_S32K/Source/timers.o
 .bss.pxOverflowTimerList
                0x20000120        0x4 ./SDK/rtos/FreeRTOS_S32K/Source/timers.o
 .bss.xActiveTimerList1
                0x20000124       0x14 ./SDK/rtos/FreeRTOS_S32K/Source/timers.o
 .bss.xActiveTimerList2
                0x20000138       0x14 ./SDK/rtos/FreeRTOS_S32K/Source/timers.o
 .bss.xLastTime.6392
                0x2000014c        0x4 ./SDK/rtos/FreeRTOS_S32K/Source/timers.o
 .bss.xTimerQueue
                0x20000150        0x4 ./SDK/rtos/FreeRTOS_S32K/Source/timers.o
 .bss.xTimerTaskHandle
                0x20000154        0x4 ./SDK/rtos/FreeRTOS_S32K/Source/timers.o
 .bss.ucMaxSysCallPriority
                0x20000158        0x1 ./SDK/rtos/FreeRTOS_S32K/Source/portable/GCC/ARM_CM4F/port.o
 *fill*         0x20000159        0x3 
 .bss.ulMaxPRIGROUPValue
                0x2000015c        0x4 ./SDK/rtos/FreeRTOS_S32K/Source/portable/GCC/ARM_CM4F/port.o
 .bss.ucHeap    0x20000160     0x2000 ./SDK/rtos/FreeRTOS_S32K/Source/portable/MemMang/heap_2.o
 .bss.xEnd      0x20002160        0x8 ./SDK/rtos/FreeRTOS_S32K/Source/portable/MemMang/heap_2.o
 .bss.xHeapHasBeenInitialised.6103
                0x20002168        0x4 ./SDK/rtos/FreeRTOS_S32K/Source/portable/MemMang/heap_2.o
 .bss.xStart    0x2000216c        0x8 ./SDK/rtos/FreeRTOS_S32K/Source/portable/MemMang/heap_2.o
 .bss.exit_code
                0x20002174        0x4 ./Sources/main.o
                0x20002174                exit_code
 .bss.Para      0x20002178        0x4 ./Sources/rtos.o
 *(COMMON)
 COMMON         0x2000217c       0x14 ./SDK/platform/drivers/src/clock/S32K1xx/clock_S32K1xx.o
                0x2000217c                g_xtal0ClkFreq
                0x20002180                g_RtcClkInFreq
                0x20002184                g_TClkFreq
 COMMON         0x20002190       0x40 ./SDK/rtos/FreeRTOS_S32K/Source/queue.o
                0x20002190                xQueueRegistry
                0x200021d0                . = ALIGN (0x4)
                0x200021d0                __bss_end__ = .
                0x200021d0                __BSS_END = .

.heap           0x200021d0      0x400
                0x200021d0                . = ALIGN (0x8)
                0x200021d0                __end__ = .
                0x200021d0                __heap_start__ = .
                [!provide]                PROVIDE (end, .)
                [!provide]                PROVIDE (_end, .)
                [!provide]                PROVIDE (__end, .)
                0x200021d0                __HeapBase = .
                0x200025d0                . = (. + HEAP_SIZE)
 *fill*         0x200021d0      0x400 
                0x200025d0                __HeapLimit = .
                0x200025d0                __heap_limit = .
                0x200025d0                __heap_end__ = .
                0x2001f000                __StackTop = (ORIGIN (m_data_2) + LENGTH (m_data_2))
                0x2001ec00                __StackLimit = (__StackTop - STACK_SIZE)
                0x2001f000                PROVIDE (__stack, __StackTop)
                0x2001f000                __RAM_END = __StackTop

.stack          0x2001ec00      0x400
                0x2001ec00                . = ALIGN (0x8)
                0x2001ec00                __stack_start__ = .
                0x2001f000                . = (. + STACK_SIZE)
 *fill*         0x2001ec00      0x400 
                0x2001f000                __stack_end__ = .

.ARM.attributes
                0x00000000       0x30
 *(.ARM.attributes)
 .ARM.attributes
                0x00000000       0x22 f:/nxp/s32ds_arm_v2.2/s32ds/build_tools/gcc_v6.3/gcc-6.3-arm32-eabi/bin/../lib/gcc/arm-none-eabi/6.3.1/thumb/v7e-m/fpv4-sp/hard/crti.o
 .ARM.attributes
                0x00000022       0x39 ./Generated_Code/clockMan1.o
 .ARM.attributes
                0x0000005b       0x1f ./Project_Settings/Startup_Code/startup_S32K148.o
 .ARM.attributes
                0x0000007a       0x39 ./SDK/platform/devices/S32K148/startup/system_S32K148.o
 .ARM.attributes
                0x000000b3       0x39 ./SDK/platform/devices/startup.o
 .ARM.attributes
                0x000000ec       0x39 ./SDK/platform/drivers/src/clock/S32K1xx/clock_S32K1xx.o
 .ARM.attributes
                0x00000125       0x39 ./SDK/platform/drivers/src/interrupt/interrupt_manager.o
 .ARM.attributes
                0x0000015e       0x39 ./SDK/platform/drivers/src/pins/pins_driver.o
 .ARM.attributes
                0x00000197       0x39 ./SDK/platform/drivers/src/pins/pins_port_hw_access.o
 .ARM.attributes
                0x000001d0       0x39 ./SDK/rtos/FreeRTOS_S32K/Source/list.o
 .ARM.attributes
                0x00000209       0x39 ./SDK/rtos/FreeRTOS_S32K/Source/queue.o
 .ARM.attributes
                0x00000242       0x39 ./SDK/rtos/FreeRTOS_S32K/Source/tasks.o
 .ARM.attributes
                0x0000027b       0x39 ./SDK/rtos/FreeRTOS_S32K/Source/timers.o
 .ARM.attributes
                0x000002b4       0x39 ./SDK/rtos/FreeRTOS_S32K/Source/portable/GCC/ARM_CM4F/port.o
 .ARM.attributes
                0x000002ed       0x39 ./SDK/rtos/FreeRTOS_S32K/Source/portable/MemMang/heap_2.o
 .ARM.attributes
                0x00000326       0x39 ./Sources/main.o
 .ARM.attributes
                0x0000035f       0x39 ./Sources/rtos.o
 .ARM.attributes
                0x00000398       0x34 F:/NXP/S32DS_ARM_v2.2/S32DS/build_tools/gcc_v6.3/gcc-6.3-arm32-eabi/arm-none-eabi/newlib/lib/thumb/v7e-m/fpv4-sp/hard\libc_nano.a(lib_a-memcpy-stub.o)
 .ARM.attributes
                0x000003cc       0x34 F:/NXP/S32DS_ARM_v2.2/S32DS/build_tools/gcc_v6.3/gcc-6.3-arm32-eabi/arm-none-eabi/newlib/lib/thumb/v7e-m/fpv4-sp/hard\libc_nano.a(lib_a-memset.o)
                0x00000001                ASSERT ((__StackLimit >= __HeapLimit), region m_data_2 overflowed with stack and heap)
OUTPUT(Scheduling.elf elf32-littlearm)

.debug_info     0x00000000    0x175fb
 .debug_info    0x00000000     0x1676 ./Generated_Code/clockMan1.o
 .debug_info    0x00001676       0x26 ./Project_Settings/Startup_Code/startup_S32K148.o
 .debug_info    0x0000169c      0x65f ./SDK/platform/devices/S32K148/startup/system_S32K148.o
 .debug_info    0x00001cfb      0x2ad ./SDK/platform/devices/startup.o
 .debug_info    0x00001fa8     0x68bb ./SDK/platform/drivers/src/clock/S32K1xx/clock_S32K1xx.o
 .debug_info    0x00008863      0xbe3 ./SDK/platform/drivers/src/interrupt/interrupt_manager.o
 .debug_info    0x00009446     0x14ba ./SDK/platform/drivers/src/pins/pins_driver.o
 .debug_info    0x0000a900      0x9a5 ./SDK/platform/drivers/src/pins/pins_port_hw_access.o
 .debug_info    0x0000b2a5      0xaa8 ./SDK/rtos/FreeRTOS_S32K/Source/list.o
 .debug_info    0x0000bd4d     0x276a ./SDK/rtos/FreeRTOS_S32K/Source/queue.o
 .debug_info    0x0000e4b7     0x313f ./SDK/rtos/FreeRTOS_S32K/Source/tasks.o
 .debug_info    0x000115f6     0x1a95 ./SDK/rtos/FreeRTOS_S32K/Source/timers.o
 .debug_info    0x0001308b      0x560 ./SDK/rtos/FreeRTOS_S32K/Source/portable/GCC/ARM_CM4F/port.o
 .debug_info    0x000135eb      0xb85 ./SDK/rtos/FreeRTOS_S32K/Source/portable/MemMang/heap_2.o
 .debug_info    0x00014170     0x1580 ./Sources/main.o
 .debug_info    0x000156f0     0x1f0b ./Sources/rtos.o

.debug_abbrev   0x00000000     0x2508
 .debug_abbrev  0x00000000      0x13d ./Generated_Code/clockMan1.o
 .debug_abbrev  0x0000013d       0x14 ./Project_Settings/Startup_Code/startup_S32K148.o
 .debug_abbrev  0x00000151      0x141 ./SDK/platform/devices/S32K148/startup/system_S32K148.o
 .debug_abbrev  0x00000292       0xe1 ./SDK/platform/devices/startup.o
 .debug_abbrev  0x00000373      0x418 ./SDK/platform/drivers/src/clock/S32K1xx/clock_S32K1xx.o
 .debug_abbrev  0x0000078b      0x247 ./SDK/platform/drivers/src/interrupt/interrupt_manager.o
 .debug_abbrev  0x000009d2      0x2f6 ./SDK/platform/drivers/src/pins/pins_driver.o
 .debug_abbrev  0x00000cc8      0x232 ./SDK/platform/drivers/src/pins/pins_port_hw_access.o
 .debug_abbrev  0x00000efa      0x1da ./SDK/rtos/FreeRTOS_S32K/Source/list.o
 .debug_abbrev  0x000010d4      0x3b0 ./SDK/rtos/FreeRTOS_S32K/Source/queue.o
 .debug_abbrev  0x00001484      0x3d4 ./SDK/rtos/FreeRTOS_S32K/Source/tasks.o
 .debug_abbrev  0x00001858      0x387 ./SDK/rtos/FreeRTOS_S32K/Source/timers.o
 .debug_abbrev  0x00001bdf      0x22a ./SDK/rtos/FreeRTOS_S32K/Source/portable/GCC/ARM_CM4F/port.o
 .debug_abbrev  0x00001e09      0x29e ./SDK/rtos/FreeRTOS_S32K/Source/portable/MemMang/heap_2.o
 .debug_abbrev  0x000020a7      0x170 ./Sources/main.o
 .debug_abbrev  0x00002217      0x2f1 ./Sources/rtos.o

.debug_aranges  0x00000000      0x830
 .debug_aranges
                0x00000000       0x18 ./Generated_Code/clockMan1.o
 .debug_aranges
                0x00000018       0x20 ./Project_Settings/Startup_Code/startup_S32K148.o
 .debug_aranges
                0x00000038       0x30 ./SDK/platform/devices/S32K148/startup/system_S32K148.o
 .debug_aranges
                0x00000068       0x20 ./SDK/platform/devices/startup.o
 .debug_aranges
                0x00000088      0x130 ./SDK/platform/drivers/src/clock/S32K1xx/clock_S32K1xx.o
 .debug_aranges
                0x000001b8       0x70 ./SDK/platform/drivers/src/interrupt/interrupt_manager.o
 .debug_aranges
                0x00000228       0xe0 ./SDK/platform/drivers/src/pins/pins_driver.o
 .debug_aranges
                0x00000308       0x40 ./SDK/platform/drivers/src/pins/pins_port_hw_access.o
 .debug_aranges
                0x00000348       0x40 ./SDK/rtos/FreeRTOS_S32K/Source/list.o
 .debug_aranges
                0x00000388      0x108 ./SDK/rtos/FreeRTOS_S32K/Source/queue.o
 .debug_aranges
                0x00000490      0x1b0 ./SDK/rtos/FreeRTOS_S32K/Source/tasks.o
 .debug_aranges
                0x00000640       0x98 ./SDK/rtos/FreeRTOS_S32K/Source/timers.o
 .debug_aranges
                0x000006d8       0x80 ./SDK/rtos/FreeRTOS_S32K/Source/portable/GCC/ARM_CM4F/port.o
 .debug_aranges
                0x00000758       0x38 ./SDK/rtos/FreeRTOS_S32K/Source/portable/MemMang/heap_2.o
 .debug_aranges
                0x00000790       0x20 ./Sources/main.o
 .debug_aranges
                0x000007b0       0x80 ./Sources/rtos.o

.debug_macro    0x00000000    0x1370e
 .debug_macro   0x00000000      0x163 ./Generated_Code/clockMan1.o
 .debug_macro   0x00000163    0x11d1d ./Generated_Code/clockMan1.o
 .debug_macro   0x00011e80       0x10 ./Generated_Code/clockMan1.o
 .debug_macro   0x00011e90       0xb5 ./SDK/platform/devices/S32K148/startup/system_S32K148.o
 .debug_macro   0x00011f45       0xb6 ./SDK/platform/devices/startup.o
 .debug_macro   0x00011ffb       0x40 ./SDK/platform/devices/startup.o
 .debug_macro   0x0001203b      0x2a2 ./SDK/platform/drivers/src/clock/S32K1xx/clock_S32K1xx.o
 .debug_macro   0x000122dd       0xb6 ./SDK/platform/drivers/src/interrupt/interrupt_manager.o
 .debug_macro   0x00012393       0xdd ./SDK/platform/drivers/src/pins/pins_driver.o
 .debug_macro   0x00012470       0xdd ./SDK/platform/drivers/src/pins/pins_port_hw_access.o
 .debug_macro   0x0001254d      0x172 ./SDK/rtos/FreeRTOS_S32K/Source/list.o
 .debug_macro   0x000126bf      0x1e4 ./SDK/rtos/FreeRTOS_S32K/Source/queue.o
 .debug_macro   0x000128a3       0x16 ./SDK/rtos/FreeRTOS_S32K/Source/queue.o
 .debug_macro   0x000128b9       0x35 ./SDK/rtos/FreeRTOS_S32K/Source/queue.o
 .debug_macro   0x000128ee       0x86 ./SDK/rtos/FreeRTOS_S32K/Source/queue.o
 .debug_macro   0x00012974      0x2b0 ./SDK/rtos/FreeRTOS_S32K/Source/tasks.o
 .debug_macro   0x00012c24       0x10 ./SDK/rtos/FreeRTOS_S32K/Source/tasks.o
 .debug_macro   0x00012c34       0x1c ./SDK/rtos/FreeRTOS_S32K/Source/tasks.o
 .debug_macro   0x00012c50       0x10 ./SDK/rtos/FreeRTOS_S32K/Source/tasks.o
 .debug_macro   0x00012c60       0x10 ./SDK/rtos/FreeRTOS_S32K/Source/tasks.o
 .debug_macro   0x00012c70       0xb6 ./SDK/rtos/FreeRTOS_S32K/Source/tasks.o
 .debug_macro   0x00012d26       0x16 ./SDK/rtos/FreeRTOS_S32K/Source/tasks.o
 .debug_macro   0x00012d3c      0x130 ./SDK/rtos/FreeRTOS_S32K/Source/tasks.o
 .debug_macro   0x00012e6c      0x1b5 ./SDK/rtos/FreeRTOS_S32K/Source/timers.o
 .debug_macro   0x00013021      0x196 ./SDK/rtos/FreeRTOS_S32K/Source/portable/GCC/ARM_CM4F/port.o
 .debug_macro   0x000131b7      0x19f ./SDK/rtos/FreeRTOS_S32K/Source/portable/MemMang/heap_2.o
 .debug_macro   0x00013356      0x17d ./Sources/main.o
 .debug_macro   0x000134d3      0x1ef ./Sources/rtos.o
 .debug_macro   0x000136c2       0x4c ./Sources/rtos.o

.debug_line     0x00000000     0x77d4
 .debug_line    0x00000000      0x6bb ./Generated_Code/clockMan1.o
 .debug_line    0x000006bb       0xd1 ./Project_Settings/Startup_Code/startup_S32K148.o
 .debug_line    0x0000078c      0x44f ./SDK/platform/devices/S32K148/startup/system_S32K148.o
 .debug_line    0x00000bdb      0x3d4 ./SDK/platform/devices/startup.o
 .debug_line    0x00000faf     0x15fa ./SDK/platform/drivers/src/clock/S32K1xx/clock_S32K1xx.o
 .debug_line    0x000025a9      0x59f ./SDK/platform/drivers/src/interrupt/interrupt_manager.o
 .debug_line    0x00002b48      0x71e ./SDK/platform/drivers/src/pins/pins_driver.o
 .debug_line    0x00003266      0x5dd ./SDK/platform/drivers/src/pins/pins_port_hw_access.o
 .debug_line    0x00003843      0x4fd ./SDK/rtos/FreeRTOS_S32K/Source/list.o
 .debug_line    0x00003d40      0xb20 ./SDK/rtos/FreeRTOS_S32K/Source/queue.o
 .debug_line    0x00004860      0xee8 ./SDK/rtos/FreeRTOS_S32K/Source/tasks.o
 .debug_line    0x00005748      0x72b ./SDK/rtos/FreeRTOS_S32K/Source/timers.o
 .debug_line    0x00005e73      0x548 ./SDK/rtos/FreeRTOS_S32K/Source/portable/GCC/ARM_CM4F/port.o
 .debug_line    0x000063bb      0x536 ./SDK/rtos/FreeRTOS_S32K/Source/portable/MemMang/heap_2.o
 .debug_line    0x000068f1      0x6c5 ./Sources/main.o
 .debug_line    0x00006fb6      0x81e ./Sources/rtos.o

.debug_str      0x00000000    0x8e597
 .debug_str     0x00000000    0x8234f ./Generated_Code/clockMan1.o
                              0x827e5 (size before relaxing)
 .debug_str     0x0008234f       0x81 ./Project_Settings/Startup_Code/startup_S32K148.o
                                 0xb2 (size before relaxing)
 .debug_str     0x000823d0      0x24e ./SDK/platform/devices/S32K148/startup/system_S32K148.o
                              0x7d176 (size before relaxing)
 .debug_str     0x0008261e      0x39e ./SDK/platform/devices/startup.o
                              0x7d293 (size before relaxing)
 .debug_str     0x000829bc     0x206c ./SDK/platform/drivers/src/clock/S32K1xx/clock_S32K1xx.o
                              0x81695 (size before relaxing)
 .debug_str     0x00084a28      0xa26 ./SDK/platform/drivers/src/interrupt/interrupt_manager.o
                              0x7d9af (size before relaxing)
 .debug_str     0x0008544e      0x64b ./SDK/platform/drivers/src/pins/pins_driver.o
                              0x7e3ef (size before relaxing)
 .debug_str     0x00085a99      0x1d9 ./SDK/platform/drivers/src/pins/pins_port_hw_access.o
                              0x7d8d7 (size before relaxing)
 .debug_str     0x00085c72     0x3a55 ./SDK/rtos/FreeRTOS_S32K/Source/list.o
                               0x9fde (size before relaxing)
 .debug_str     0x000896c7     0x1753 ./SDK/rtos/FreeRTOS_S32K/Source/queue.o
                               0xb702 (size before relaxing)
 .debug_str     0x0008ae1a     0x2362 ./SDK/rtos/FreeRTOS_S32K/Source/tasks.o
                               0xcc34 (size before relaxing)
 .debug_str     0x0008d17c      0x51f ./SDK/rtos/FreeRTOS_S32K/Source/timers.o
                               0xbb26 (size before relaxing)
 .debug_str     0x0008d69b      0x7b0 ./SDK/rtos/FreeRTOS_S32K/Source/portable/GCC/ARM_CM4F/port.o
                               0x7b6b (size before relaxing)
 .debug_str     0x0008de4b      0x39e ./SDK/rtos/FreeRTOS_S32K/Source/portable/MemMang/heap_2.o
                               0xa857 (size before relaxing)
 .debug_str     0x0008e1e9       0x3b ./Sources/main.o
                              0x82375 (size before relaxing)
 .debug_str     0x0008e224      0x373 ./Sources/rtos.o
                              0x84dab (size before relaxing)

.comment        0x00000000       0xa0
 .comment       0x00000000       0xa0 ./Generated_Code/clockMan1.o
                                 0xa1 (size before relaxing)
 .comment       0x000000a0       0xa1 ./SDK/platform/devices/S32K148/startup/system_S32K148.o
 .comment       0x000000a0       0xa1 ./SDK/platform/devices/startup.o
 .comment       0x000000a0       0xa1 ./SDK/platform/drivers/src/clock/S32K1xx/clock_S32K1xx.o
 .comment       0x000000a0       0xa1 ./SDK/platform/drivers/src/interrupt/interrupt_manager.o
 .comment       0x000000a0       0xa1 ./SDK/platform/drivers/src/pins/pins_driver.o
 .comment       0x000000a0       0xa1 ./SDK/platform/drivers/src/pins/pins_port_hw_access.o
 .comment       0x000000a0       0xa1 ./SDK/rtos/FreeRTOS_S32K/Source/list.o
 .comment       0x000000a0       0xa1 ./SDK/rtos/FreeRTOS_S32K/Source/queue.o
 .comment       0x000000a0       0xa1 ./SDK/rtos/FreeRTOS_S32K/Source/tasks.o
 .comment       0x000000a0       0xa1 ./SDK/rtos/FreeRTOS_S32K/Source/timers.o
 .comment       0x000000a0       0xa1 ./SDK/rtos/FreeRTOS_S32K/Source/portable/GCC/ARM_CM4F/port.o
 .comment       0x000000a0       0xa1 ./SDK/rtos/FreeRTOS_S32K/Source/portable/MemMang/heap_2.o
 .comment       0x000000a0       0xa1 ./Sources/main.o
 .comment       0x000000a0       0xa1 ./Sources/rtos.o

.debug_loc      0x00000000     0xaa4b
 .debug_loc     0x00000000       0xeb ./SDK/platform/devices/S32K148/startup/system_S32K148.o
 .debug_loc     0x000000eb       0xec ./SDK/platform/devices/startup.o
 .debug_loc     0x000001d7     0x54e3 ./SDK/platform/drivers/src/clock/S32K1xx/clock_S32K1xx.o
 .debug_loc     0x000056ba      0x590 ./SDK/platform/drivers/src/interrupt/interrupt_manager.o
 .debug_loc     0x00005c4a      0x7c7 ./SDK/platform/drivers/src/pins/pins_driver.o
 .debug_loc     0x00006411      0x639 ./SDK/platform/drivers/src/pins/pins_port_hw_access.o
 .debug_loc     0x00006a4a       0x65 ./SDK/rtos/FreeRTOS_S32K/Source/list.o
 .debug_loc     0x00006aaf     0x139c ./SDK/rtos/FreeRTOS_S32K/Source/queue.o
 .debug_loc     0x00007e4b     0x1d88 ./SDK/rtos/FreeRTOS_S32K/Source/tasks.o
 .debug_loc     0x00009bd3      0xa98 ./SDK/rtos/FreeRTOS_S32K/Source/timers.o
 .debug_loc     0x0000a66b       0xdc ./SDK/rtos/FreeRTOS_S32K/Source/portable/GCC/ARM_CM4F/port.o
 .debug_loc     0x0000a747      0x2a1 ./SDK/rtos/FreeRTOS_S32K/Source/portable/MemMang/heap_2.o
 .debug_loc     0x0000a9e8       0x63 ./Sources/rtos.o

.debug_ranges   0x00000000      0xc60
 .debug_ranges  0x00000000       0x20 ./SDK/platform/devices/S32K148/startup/system_S32K148.o
 .debug_ranges  0x00000020       0x10 ./SDK/platform/devices/startup.o
 .debug_ranges  0x00000030      0x380 ./SDK/platform/drivers/src/clock/S32K1xx/clock_S32K1xx.o
 .debug_ranges  0x000003b0       0x98 ./SDK/platform/drivers/src/interrupt/interrupt_manager.o
 .debug_ranges  0x00000448       0xd0 ./SDK/platform/drivers/src/pins/pins_driver.o
 .debug_ranges  0x00000518       0x48 ./SDK/platform/drivers/src/pins/pins_port_hw_access.o
 .debug_ranges  0x00000560       0x30 ./SDK/rtos/FreeRTOS_S32K/Source/list.o
 .debug_ranges  0x00000590      0x260 ./SDK/rtos/FreeRTOS_S32K/Source/queue.o
 .debug_ranges  0x000007f0      0x280 ./SDK/rtos/FreeRTOS_S32K/Source/tasks.o
 .debug_ranges  0x00000a70       0xd8 ./SDK/rtos/FreeRTOS_S32K/Source/timers.o
 .debug_ranges  0x00000b48       0x70 ./SDK/rtos/FreeRTOS_S32K/Source/portable/GCC/ARM_CM4F/port.o
 .debug_ranges  0x00000bb8       0x28 ./SDK/rtos/FreeRTOS_S32K/Source/portable/MemMang/heap_2.o
 .debug_ranges  0x00000be0       0x10 ./Sources/main.o
 .debug_ranges  0x00000bf0       0x70 ./Sources/rtos.o

.debug_frame    0x00000000     0x15a0
 .debug_frame   0x00000000       0x40 ./SDK/platform/devices/S32K148/startup/system_S32K148.o
 .debug_frame   0x00000040       0x2c ./SDK/platform/devices/startup.o
 .debug_frame   0x0000006c      0x3b4 ./SDK/platform/drivers/src/clock/S32K1xx/clock_S32K1xx.o
 .debug_frame   0x00000420       0xcc ./SDK/platform/drivers/src/interrupt/interrupt_manager.o
 .debug_frame   0x000004ec      0x1e4 ./SDK/platform/drivers/src/pins/pins_driver.o
 .debug_frame   0x000006d0       0xa0 ./SDK/platform/drivers/src/pins/pins_port_hw_access.o
 .debug_frame   0x00000770       0x6c ./SDK/rtos/FreeRTOS_S32K/Source/list.o
 .debug_frame   0x000007dc      0x374 ./SDK/rtos/FreeRTOS_S32K/Source/queue.o
 .debug_frame   0x00000b50      0x574 ./SDK/rtos/FreeRTOS_S32K/Source/tasks.o
 .debug_frame   0x000010c4      0x1d0 ./SDK/rtos/FreeRTOS_S32K/Source/timers.o
 .debug_frame   0x00001294      0x100 ./SDK/rtos/FreeRTOS_S32K/Source/portable/GCC/ARM_CM4F/port.o
 .debug_frame   0x00001394       0x70 ./SDK/rtos/FreeRTOS_S32K/Source/portable/MemMang/heap_2.o
 .debug_frame   0x00001404       0x28 ./Sources/main.o
 .debug_frame   0x0000142c      0x12c ./Sources/rtos.o
 .debug_frame   0x00001558       0x28 F:/NXP/S32DS_ARM_v2.2/S32DS/build_tools/gcc_v6.3/gcc-6.3-arm32-eabi/arm-none-eabi/newlib/lib/thumb/v7e-m/fpv4-sp/hard\libc_nano.a(lib_a-memcpy-stub.o)
 .debug_frame   0x00001580       0x20 F:/NXP/S32DS_ARM_v2.2/S32DS/build_tools/gcc_v6.3/gcc-6.3-arm32-eabi/arm-none-eabi/newlib/lib/thumb/v7e-m/fpv4-sp/hard\libc_nano.a(lib_a-memset.o)
